 c2g

 Timestamp is 5d790d06 (Wed Sep 11 18:04:38 2019)

 Preferred load address is 10000000

 Start         Length     Name                   Class
 0001:00000000 00000160H .text$di                CODE
 0001:00000160 0001c6c2H .text$mn                CODE
 0001:0001c822 00000297H .text$x                 CODE
 0001:0001cab9 0000006eH .text$yd                CODE
 0002:00000000 000001a4H .idata$5                DATA
 0002:000001a4 00000004H .00cfg                  DATA
 0002:000001a8 00000004H .CRT$XCA                DATA
 0002:000001ac 0000002cH .CRT$XCC                DATA
 0002:000001d8 00000008H .CRT$XCL                DATA
 0002:000001e0 0000000cH .CRT$XCU                DATA
 0002:000001ec 00000004H .CRT$XCZ                DATA
 0002:000001f0 00000004H .CRT$XIA                DATA
 0002:000001f4 00000014H .CRT$XIC                DATA
 0002:00000208 00000004H .CRT$XIZ                DATA
 0002:0000020c 00000004H .CRT$XPA                DATA
 0002:00000210 00000008H .CRT$XPX                DATA
 0002:00000218 00000004H .CRT$XPXA               DATA
 0002:0000021c 00000004H .CRT$XPZ                DATA
 0002:00000220 00000004H .CRT$XTA                DATA
 0002:00000224 0000000cH .CRT$XTZ                DATA
 0002:00000228 00000000H .gfids$y                DATA
 0002:00000230 0000b730H .rdata                  DATA
 0002:0000b960 00000920H .rdata$r                DATA
 0002:0000c280 00000058H .rdata$sxdata           DATA
 0002:0000c2d8 000003d4H .rdata$zzzdbg           DATA
 0002:0000c6ac 00000004H .rtc$IAA                DATA
 0002:0000c6b0 00000004H .rtc$IZZ                DATA
 0002:0000c6b4 00000004H .rtc$TAA                DATA
 0002:0000c6b8 00000008H .rtc$TZZ                DATA
 0002:0000c6c0 00000ad4H .xdata$x                DATA
 0002:0000d194 00000020H .didat$2                DATA
 0002:0000d1b4 00000020H .didat$3                DATA
 0002:0000d1d4 00000040H .didat$4                DATA
 0002:0000d214 0000014cH .didat$6                DATA
 0002:0000d360 00000040H .didat$7                DATA
 0002:0000d3a0 0000004cH .edata                  DATA
 0002:0000d3ec 0000003cH .idata$2                DATA
 0002:0000d428 00000014H .idata$3                DATA
 0002:0000d43c 000001a4H .idata$4                DATA
 0002:0000d5e0 0000092eH .idata$6                DATA
 0003:00000000 000009c8H .data                   DATA
 0003:000009c8 00000448H .data$r                 DATA
 0003:00000e10 00000040H .didat$5                DATA
 0003:00000e50 00000f5cH .bss                    DATA
 0004:00000000 00000060H .rsrc$01                DATA
 0004:00000060 00000180H .rsrc$02                DATA

  Address         Publics by Value              Rva+Base       Lib:Object

 0000:00000000       ___guard_longjmp_count     00000000     <absolute>
 0000:00000000       __except_list              00000000     <absolute>
 0000:00000000       ___guard_iat_count         00000000     <absolute>
 0000:00000000       ___guard_fids_count        00000000     <absolute>
 0000:00000000       ___guard_longjmp_table     00000000     <absolute>
 0000:00000000       ___hybrid_code_map_count   00000000     <absolute>
 0000:00000000       ___hybrid_auxiliary_iat    00000000     <absolute>
 0000:00000000       ___dynamic_value_reloc_table 00000000     <absolute>
 0000:00000000       ___guard_fids_table        00000000     <absolute>
 0000:00000000       ___volatile_metadata       00000000     <absolute>
 0000:00000000       ___guard_iat_table         00000000     <absolute>
 0000:00000000       ___enclave_config          00000000     <absolute>
 0000:00000000       ___hybrid_code_map         00000000     <absolute>
 0000:00000016       ___safe_se_handler_count   00000016     <absolute>
 0000:00000100       ___guard_flags             00000100     <absolute>
 0000:00000000       ___ImageBase               10000000     <linker-defined>
 0001:00000160       ?what@exception@stdext@@UBEPBDXZ 10001160 f i main.obj
 0001:00000170       ?_Raise@exception@stdext@@QBEXXZ 10001170 f i main.obj
 0001:000001a0       ?_Lock@?$basic_streambuf@DU?$char_traits@D@std@@@std@@UAEXXZ 100011a0 f i libcpmt:cout.obj
 0001:000001a0       ?_Unlock@?$basic_streambuf@DU?$char_traits@D@std@@@std@@UAEXXZ 100011a0 f i libcpmt:cout.obj
 0001:000001a0       @_guard_check_icall_nop@4  100011a0 f i LIBCMT:guard_support.obj
 0001:000001a0       ?_Doraise@exception@stdext@@MBEXXZ 100011a0 f i main.obj
 0001:000001b0       ??_Gexception@stdext@@UAEPAXI@Z 100011b0 f i main.obj
 0001:000001b0       ??_Gruntime_error@std@@UAEPAXI@Z 100011b0 f i main.obj
 0001:000001b0       ??_Eruntime_error@std@@UAEPAXI@Z 100011b0 f i * CIL library *:* CIL module *
 0001:000001b0       ??_Eexception@stdext@@UAEPAXI@Z 100011b0 f i * CIL library *:* CIL module *
 0001:000001e0       ??1runtime_error@std@@UAE@XZ 100011e0 f i main.obj
 0001:000001f0       ?default_error_condition@error_category@std@@UBE?AVerror_condition@2@H@Z 100011f0 f i main.obj
 0001:00000200       ?equivalent@error_category@std@@UBE_NHABVerror_condition@2@@Z 10001200 f i main.obj
 0001:00000240       ?equivalent@error_category@std@@UBE_NABVerror_code@2@H@Z 10001240 f i main.obj
 0001:00000270       ?make_error_code@std@@YA?AVerror_code@1@W4io_errc@1@@Z 10001270 f i main.obj
 0001:000002a0       ??0_System_error@std@@IAE@Verror_code@1@ABV?$basic_string@DU?$char_traits@D@std@@V?$allocator@D@2@@1@@Z 100012a0 f i main.obj
 0001:00000510       ??_G_System_error@std@@UAEPAXI@Z 10001510 f i main.obj
 0001:00000510       ??_Efailure@ios_base@std@@UAEPAXI@Z 10001510 f i * CIL library *:* CIL module *
 0001:00000510       ??_Gfailure@ios_base@std@@UAEPAXI@Z 10001510 f i main.obj
 0001:00000510       ??_E_System_error@std@@UAEPAXI@Z 10001510 f i * CIL library *:* CIL module *
 0001:00000540       ?name@_Iostream_error_category@std@@UBEPBDXZ 10001540 f i main.obj
 0001:00000550       ?message@_Iostream_error_category@std@@UBE?AV?$basic_string@DU?$char_traits@D@std@@V?$allocator@D@2@@2@H@Z 10001550 f i main.obj
 0001:00000590       ??_E_Iostream_error_category@std@@UAEPAXI@Z 10001590 f i * CIL library *:* CIL module *
 0001:00000590       ??_G_Iostream_error_category@std@@UAEPAXI@Z 10001590 f i main.obj
 0001:000005b0       ??0failure@ios_base@std@@QAE@PBDABVerror_code@2@@Z 100015b0 f i main.obj
 0001:00000640       ?clear@ios_base@std@@QAEXH_N@Z 10001640 f i main.obj
 0001:000006a0       ?Triangulate@@YA?AUMeshData@@PAVMbSolid@@VMbStepData@@UMbFormNote@@@Z 100016a0 f   main.obj
 0001:00000bc0       ??1MeshData@@QAE@XZ        10001bc0 f i main.obj
 0001:00000d10       ??0MeshData@@QAE@$$QAU0@@Z 10001d10 f i main.obj
 0001:00000e70       ?Method@@YAPAUnapi_value__@@PAUnapi_env__@@PAUnapi_callback_info__@@@Z 10001e70 f   main.obj
 0001:00001bc0       ?init@@YAPAUnapi_value__@@PAUnapi_env__@@PAU1@@Z 10002bc0 f   main.obj
 0001:00001d20       ?clear@?$RPArray@VMbItem@@@@UAEXXZ 10002d20 f i main.obj
 0001:00001d20       ?clear@?$RPArray@VMbGrid@@@@UAEXXZ 10002d20 f i main.obj
 0001:00001d30       ?RemoveInd@?$RPArray@VMbItem@@@@UAEPAVMbItem@@IW4DelType@@@Z 10002d30 f i main.obj
 0001:00001d30       ?RemoveInd@?$RPArray@VMbGrid@@@@UAEPAVMbGrid@@IW4DelType@@@Z 10002d30 f i main.obj
 0001:00001d80       ??1?$SArray@VMbMatrix3D@@@@UAE@XZ 10002d80 f i main.obj
 0001:00001dc0       ?_Tidy_deallocate@?$basic_string@DU?$char_traits@D@std@@V?$allocator@D@2@@std@@QAEXXZ 10002dc0 f i main.obj
 0001:00001dc0       ??1?$basic_string@DU?$char_traits@D@std@@V?$allocator@D@2@@std@@QAE@XZ 10002dc0 f i main.obj
 0001:00001e10       ??0?$basic_string@DU?$char_traits@D@std@@V?$allocator@D@2@@std@@QAE@QBD@Z 10002e10 f i main.obj
 0001:00001f50       ??_G?$SArray@VMbMatrix3D@@@@UAEPAXI@Z 10002f50 f i main.obj
 0001:00001f50       ??_E?$SArray@VMbMatrix3D@@@@UAEPAXI@Z 10002f50 f i * CIL library *:* CIL module *
 0001:00001fa0       ?_Xlength@?$vector@UMeshData@@V?$allocator@UMeshData@@@std@@@std@@CAXXZ 10002fa0 f i main.obj
 0001:00001fa0       ?_Xlength@?$vector@IV?$allocator@I@std@@@std@@CAXXZ 10002fa0 f i main.obj
 0001:00001fa0       ?_Xlength@?$vector@VMbCartPoint3D@@V?$allocator@VMbCartPoint3D@@@std@@@std@@CAXXZ 10002fa0 f i main.obj
 0001:00001fa0       ?_Xlength@?$vector@VMbFloatVector3D@@V?$allocator@VMbFloatVector3D@@@std@@@std@@CAXXZ 10002fa0 f i main.obj
 0001:00001fb0       ??1?$RPArray@VMbItem@@@@UAE@XZ 10002fb0 f i main.obj
 0001:00001ff0       ??$?6U?$char_traits@D@std@@@std@@YAAAV?$basic_ostream@DU?$char_traits@D@std@@@0@AAV10@PBD@Z 10002ff0 f i main.obj
 0001:00002240       ??$_Emplace_reallocate@ABUMeshData@@@?$vector@UMeshData@@V?$allocator@UMeshData@@@std@@@std@@QAEPAUMeshData@@QAU2@ABU2@@Z 10003240 f i main.obj
 0001:00002450       ??$_Emplace_reallocate@ABVMbFloatVector3D@@@?$vector@VMbFloatVector3D@@V?$allocator@VMbFloatVector3D@@@std@@@std@@QAEPAVMbFloatVector3D@@QAV2@ABV2@@Z 10003450 f i main.obj
 0001:00002650       ??$_Emplace_reallocate@ABVMbCartPoint3D@@@?$vector@VMbCartPoint3D@@V?$allocator@VMbCartPoint3D@@@std@@@std@@QAEPAVMbCartPoint3D@@QAV2@ABV2@@Z 10003650 f i main.obj
 0001:00002880       ??$_Emplace_reallocate@I@?$vector@IV?$allocator@I@std@@@std@@QAEPAIQAI$$QAI@Z 10003880 f i main.obj
 0001:000029d0       ??$_Reallocate_grow_by@V<lambda_ab246b20b9526e2ef7792587e4298a77>@@PBDI@?$basic_string@DU?$char_traits@D@std@@V?$allocator@D@2@@std@@QAEAAV01@IV<lambda_ab246b20b9526e2ef7792587e4298a77>@@PBDI@Z 100039d0 f i main.obj
 0001:00002b20       ??$_Allocate@$07U_Default_allocate_traits@std@@$0A@@std@@YAPAXI@Z 10003b20 f i main.obj
 0001:00002b70       ??$_Deallocate@$07$0A@@std@@YAXPAXI@Z 10003b70 f i main.obj
 0001:00002bb0       ??_E?$RPArray@VMbGrid@@@@UAEPAXI@Z 10003bb0 f i * CIL library *:* CIL module *
 0001:00002bb0       ??_G?$RPArray@VMbItem@@@@UAEPAXI@Z 10003bb0 f i main.obj
 0001:00002bb0       ??_G?$RPArray@VMbGrid@@@@UAEPAXI@Z 10003bb0 f i main.obj
 0001:00002bb0       ??_E?$RPArray@VMbItem@@@@UAEPAXI@Z 10003bb0 f i * CIL library *:* CIL module *
 0001:00002c10       ??0MeshData@@QAE@ABU0@@Z   10003c10 f i main.obj
 0001:00002f10       ??0sentry@?$basic_ostream@DU?$char_traits@D@std@@@std@@QAE@AAV12@@Z 10003f10 f i main.obj
 0001:00003000       ?_Xlen@?$basic_string@DU?$char_traits@D@std@@V?$allocator@D@2@@std@@SAXXZ 10004000 f i main.obj
 0001:00003010       ?_Calculate_growth@?$basic_string@DU?$char_traits@D@std@@V?$allocator@D@2@@std@@QBEII@Z 10004010 f i main.obj
 0001:00003050       ?setstate@?$basic_ios@DU?$char_traits@D@std@@@std@@QAEXH_N@Z 10004050 f i main.obj
 0001:000030c0       ??$_Immortalize_impl@V_Iostream_error_category@std@@@std@@YGHPAX0PAPAX@Z 100040c0 f i main.obj
 0001:000030e0       ??$set_Rarray_size@VMbGrid@@@@YAXAAV?$RPArray@VMbGrid@@@@I@Z 100040e0 f i main.obj
 0001:000032a6       __imp_load__napi_create_function 100042a6 f   node:node.exe
 0001:000032b0       __tailMerge_node_exe       100042b0     node:node.exe
 0001:000032c1       __imp_load__napi_get_global 100042c1 f   node:node.exe
 0001:000032cb       __imp_load__napi_create_error 100042cb f   node:node.exe
 0001:000032d5       __imp_load__napi_call_function 100042d5 f   node:node.exe
 0001:000032df       __imp_load__napi_set_element 100042df f   node:node.exe
 0001:000032e9       __imp_load__napi_create_uint32 100042e9 f   node:node.exe
 0001:000032f3       __imp_load__napi_get_buffer_info 100042f3 f   node:node.exe
 0001:000032fd       __imp_load__napi_create_string_utf8 100042fd f   node:node.exe
 0001:00003307       __imp_load__napi_module_register 10004307 f   node:node.exe
 0001:00003311       __imp_load__napi_set_named_property 10004311 f   node:node.exe
 0001:0000331b       __imp_load__napi_create_array 1000431b f   node:node.exe
 0001:00003325       __imp_load__napi_create_object 10004325 f   node:node.exe
 0001:0000332f       __imp_load__napi_get_undefined 1000432f f   node:node.exe
 0001:00003339       __imp_load__napi_get_cb_info 10004339 f   node:node.exe
 0001:00003343       __imp_load__napi_create_double 10004343 f   node:node.exe
 0001:0000334d       ??0exception@std@@QAE@ABV01@@Z 1000434d f i libcpmt:xonce.obj
 0001:00003379       ??0exception@std@@QAE@QBD@Z 10004379 f i libcpmt:xonce.obj
 0001:000033ae       ??0runtime_error@std@@QAE@ABV01@@Z 100043ae f i libcpmt:xonce.obj
 0001:000033c9       ??_Elogic_error@std@@UAEPAXI@Z 100043c9 f i libcpmt:xthrow.obj
 0001:000033c9       ??_Glength_error@std@@UAEPAXI@Z 100043c9 f i libcpmt:xthrow.obj
 0001:000033c9       ??_Ebad_array_new_length@std@@UAEPAXI@Z 100043c9 f i LIBCMT:throw_bad_alloc.obj
 0001:000033c9       ??_Ebad_exception@std@@UAEPAXI@Z 100043c9 f i libvcruntime:frame.obj
 0001:000033c9       ??_Elength_error@std@@UAEPAXI@Z 100043c9 f i libcpmt:xthrow.obj
 0001:000033c9       ??_Ebad_cast@std@@UAEPAXI@Z 100043c9 f i libcpmt:cout.obj
 0001:000033c9       ??_Eout_of_range@std@@UAEPAXI@Z 100043c9 f i libcpmt:xthrow.obj
 0001:000033c9       ??_Eexception@std@@UAEPAXI@Z 100043c9 f i libcpmt:xonce.obj
 0001:000033c9       ??_Gbad_array_new_length@std@@UAEPAXI@Z 100043c9 f i LIBCMT:throw_bad_alloc.obj
 0001:000033c9       ??_Ebad_alloc@std@@UAEPAXI@Z 100043c9 f i libcpmt:xthrow.obj
 0001:000033c9       ??_Gexception@std@@UAEPAXI@Z 100043c9 f i libcpmt:xonce.obj
 0001:000033c9       ??_Gbad_alloc@std@@UAEPAXI@Z 100043c9 f i libcpmt:xthrow.obj
 0001:000033c9       ??_Gout_of_range@std@@UAEPAXI@Z 100043c9 f i libcpmt:xthrow.obj
 0001:000033c9       ??_Glogic_error@std@@UAEPAXI@Z 100043c9 f i libcpmt:xthrow.obj
 0001:000033c9       ??_Gbad_cast@std@@UAEPAXI@Z 100043c9 f i libcpmt:cout.obj
 0001:000033c9       ??_Gbad_exception@std@@UAEPAXI@Z 100043c9 f i libvcruntime:frame.obj
 0001:000033f6       ?_Execute_once@std@@YAHAAUonce_flag@1@P6GHPAX1PAPAX@Z1@Z 100043f6 f   libcpmt:xonce.obj
 0001:0000340e       ?what@exception@std@@UBEPBDXZ 1000440e f i libcpmt:xonce.obj
 0001:0000341b       ??$_Fgetc@D@std@@YA_NAADPAU_iobuf@@@Z 1000441b f i libcpmt:cout.obj
 0001:0000343b       ??$_Fputc@D@std@@YA_NDPAU_iobuf@@@Z 1000443b f i libcpmt:cout.obj
 0001:000034f9       ??$use_facet@V?$codecvt@DDU_Mbstatet@@@std@@@std@@YAABV?$codecvt@DDU_Mbstatet@@@0@ABVlocale@0@@Z 100044f9 f i libcpmt:cout.obj
 0001:0000359f       ??$use_facet@V?$ctype@D@std@@@std@@YAABV?$ctype@D@0@ABVlocale@0@@Z 1000459f f i libcpmt:cout.obj
 0001:00003645       ??0?$basic_ostream@DU?$char_traits@D@std@@@std@@QAE@PAV?$basic_streambuf@DU?$char_traits@D@std@@@1@_N@Z 10004645 f i libcpmt:cout.obj
 0001:000036ac       ??0?$basic_streambuf@DU?$char_traits@D@std@@@std@@IAE@XZ 100046ac f i libcpmt:cout.obj
 0001:000036f3       ??0?$ctype@D@std@@QAE@ABV_Locinfo@1@I@Z 100046f3 f i libcpmt:cout.obj
 0001:00003729       ??0?$fpos@U_Mbstatet@@@std@@QAE@U_Mbstatet@@_J@Z 10004729 f i libcpmt:cout.obj
 0001:00003751       ??0_Init_cout@std@@QAE@XZ  10004751 f i libcpmt:cout.obj
 0001:000037aa       ??0_Locinfo@std@@QAE@PBD@Z 100047aa f i libcpmt:cout.obj
 0001:00003828       ??0bad_cast@std@@QAE@ABV01@@Z 10004828 f i libcpmt:cout.obj
 0001:00003843       ??0bad_cast@std@@QAE@XZ    10004843 f i libcpmt:cout.obj
 0001:0000385b       ??0locale@std@@QAE@ABV01@@Z 1000485b f i libcpmt:cout.obj
 0001:000038b0       ??0runtime_error@std@@QAE@PBD@Z 100048b0 f i libcpmt:cout.obj
 0001:000038cf       ??1?$_Yarn@_W@std@@QAE@XZ  100048cf f i libcpmt:cout.obj
 0001:000038cf       ??1?$_Yarn@D@std@@QAE@XZ   100048cf f i libcpmt:cout.obj
 0001:000038e4       ??1?$basic_filebuf@DU?$char_traits@D@std@@@std@@UAE@XZ 100048e4 f i libcpmt:cout.obj
 0001:0000393c       ??1?$basic_ios@DU?$char_traits@D@std@@@std@@UAE@XZ 1000493c f i libcpmt:cout.obj
 0001:0000397c       ??1?$basic_streambuf@DU?$char_traits@D@std@@@std@@UAE@XZ 1000497c f i libcpmt:cout.obj
 0001:0000399d       ??1?$unique_ptr@V_Facet_base@std@@U?$default_delete@V_Facet_base@std@@@2@@std@@QAE@XZ 1000499d f i libcpmt:cout.obj
 0001:000039aa       ??1_Locinfo@std@@QAE@XZ    100049aa f i libcpmt:cout.obj
 0001:00003a56       ??1bad_exception@std@@UAE@XZ 10004a56 f i libvcruntime:frame.obj
 0001:00003a56       ??1length_error@std@@UAE@XZ 10004a56 f i libcpmt:xthrow.obj
 0001:00003a56       ??1bad_cast@std@@UAE@XZ    10004a56 f i libcpmt:cout.obj
 0001:00003a56       ??1out_of_range@std@@UAE@XZ 10004a56 f i libcpmt:xthrow.obj
 0001:00003a56       ??1bad_array_new_length@std@@UAE@XZ 10004a56 f i LIBCMT:throw_bad_alloc.obj
 0001:00003a56       ??1bad_alloc@std@@UAE@XZ   10004a56 f i libcpmt:xthrow.obj
 0001:00003a67       ??1locale@std@@QAE@XZ      10004a67 f i libcpmt:cout.obj
 0001:00003aca       ??Bid@locale@std@@QAEIXZ   10004aca f i libcpmt:cout.obj
 0001:00003aff       ??R?$default_delete@V_Facet_base@std@@@std@@QBEXPAV_Facet_base@1@@Z 10004aff f i libcpmt:cout.obj
 0001:00003b23       ??_D?$basic_ostream@DU?$char_traits@D@std@@@std@@QAEXXZ 10004b23 f i libcpmt:cout.obj
 0001:00003b81       ??_E?$basic_ostream@DU?$char_traits@D@std@@@std@@$4PPPPPPPM@A@AEPAXI@Z 10004b81 f i libcpmt:cout.obj
 0001:00003b89       ??_E?$basic_filebuf@DU?$char_traits@D@std@@@std@@UAEPAXI@Z 10004b89 f i libcpmt:cout.obj
 0001:00003b89       ??_G?$basic_filebuf@DU?$char_traits@D@std@@@std@@UAEPAXI@Z 10004b89 f i libcpmt:cout.obj
 0001:00003bab       ??_G?$basic_ios@DU?$char_traits@D@std@@@std@@UAEPAXI@Z 10004bab f i libcpmt:cout.obj
 0001:00003bab       ??_E?$basic_ios@DU?$char_traits@D@std@@@std@@UAEPAXI@Z 10004bab f i libcpmt:cout.obj
 0001:00003c03       ??_E?$basic_ostream@DU?$char_traits@D@std@@@std@@UAEPAXI@Z 10004c03 f i libcpmt:cout.obj
 0001:00003c03       ??_G?$basic_ostream@DU?$char_traits@D@std@@@std@@UAEPAXI@Z 10004c03 f i libcpmt:cout.obj
 0001:00003c28       ??_G?$basic_streambuf@DU?$char_traits@D@std@@@std@@UAEPAXI@Z 10004c28 f i libcpmt:cout.obj
 0001:00003c28       ??_E?$basic_streambuf@DU?$char_traits@D@std@@@std@@UAEPAXI@Z 10004c28 f i libcpmt:cout.obj
 0001:00003c4a       ??_E?$codecvt@DDU_Mbstatet@@@std@@MAEPAXI@Z 10004c4a f i libcpmt:cout.obj
 0001:00003c4a       ??_G?$codecvt@DDU_Mbstatet@@@std@@MAEPAXI@Z 10004c4a f i libcpmt:cout.obj
 0001:00003c6d       ??_G?$ctype@D@std@@MAEPAXI@Z 10004c6d f i libcpmt:cout.obj
 0001:00003c6d       ??_E?$ctype@D@std@@MAEPAXI@Z 10004c6d f i libcpmt:cout.obj
 0001:00003c9b       ??_E_Facet_base@std@@UAEPAXI@Z 10004c9b f i libcpmt:cout.obj
 0001:00003c9b       ??_G_Facet_base@std@@UAEPAXI@Z 10004c9b f i libcpmt:cout.obj
 0001:00003cbe       ??_Gios_base@std@@UAEPAXI@Z 10004cbe f i libcpmt:cout.obj
 0001:00003cbe       ??_Eios_base@std@@UAEPAXI@Z 10004cbe f i libcpmt:cout.obj
 0001:00003d16       ?_Decref@facet@locale@std@@UAEPAV_Facet_base@3@XZ 10004d16 f i libcpmt:cout.obj
 0001:00003d28       ?_Endwrite@?$basic_filebuf@DU?$char_traits@D@std@@@std@@IAE_NXZ 10004d28 f i libcpmt:cout.obj
 0001:00003dd8       ?_Getcat@?$codecvt@DDU_Mbstatet@@@std@@SAIPAPBVfacet@locale@2@PBV42@@Z 10004dd8 f i libcpmt:cout.obj
 0001:00003e40       ?_Getcat@?$ctype@D@std@@SAIPAPBVfacet@locale@2@PBV42@@Z 10004e40 f i libcpmt:cout.obj
 0001:00003ea6       ?_Getfacet@locale@std@@QBEPBVfacet@12@I@Z 10004ea6 f i libcpmt:cout.obj
 0001:00003ee3       ?_Incref@facet@locale@std@@UAEXXZ 10004ee3 f i libcpmt:cout.obj
 0001:00003ee8       ?_Init@?$basic_filebuf@DU?$char_traits@D@std@@@std@@IAEXPAU_iobuf@@W4_Initfl@12@@Z 10004ee8 f i libcpmt:cout.obj
 0001:00003f64       ?_Init@?$basic_streambuf@DU?$char_traits@D@std@@@std@@IAEXXZ 10004f64 f i libcpmt:cout.obj
 0001:00003fa8       ?_Init@ios_base@std@@IAEXXZ 10004fa8 f i libcpmt:cout.obj
 0001:0000400e       ?_Initcvt@?$basic_filebuf@DU?$char_traits@D@std@@@std@@IAEXABV?$codecvt@DDU_Mbstatet@@@2@@Z 1000500e f i libcpmt:cout.obj
 0001:00004039       ?_Lock@?$basic_filebuf@DU?$char_traits@D@std@@@std@@UAEXXZ 10005039 f i libcpmt:cout.obj
 0001:00004049       ?_Reset_back@?$basic_filebuf@DU?$char_traits@D@std@@@std@@AAEXXZ 10005049 f i libcpmt:cout.obj
 0001:0000406c       ?_Set_back@?$basic_filebuf@DU?$char_traits@D@std@@@std@@AAEXXZ 1000506c f i libcpmt:cout.obj
 0001:000040a2       ?_Tidy@?$ctype@D@std@@IAEXXZ 100050a2 f i libcpmt:cout.obj
 0001:000040cc       ?_Unlock@?$basic_filebuf@DU?$char_traits@D@std@@@std@@UAEXXZ 100050cc f i libcpmt:cout.obj
 0001:000040dc       ?_Xran@?$_String_val@U?$_Simple_types@D@std@@@std@@SAXXZ 100050dc f i libcpmt:cout.obj
 0001:000040e7       ?always_noconv@codecvt_base@std@@QBE_NXZ 100050e7 f i libcpmt:cout.obj
 0001:000040ff       ?c_str@locale@std@@QBEPBDXZ 100050ff f i libcpmt:cout.obj
 0001:00004117       ?close@?$basic_filebuf@DU?$char_traits@D@std@@@std@@QAEPAV12@XZ 10005117 f i libcpmt:cout.obj
 0001:00004176       ___acrt_uninitialize_command_line 10005176 f i libucrt:argv_data.obj
 0001:00004176       ?do_always_noconv@?$codecvt@DDU_Mbstatet@@@std@@MBE_NXZ 10005176 f i libcpmt:cout.obj
 0001:00004179       __get_startup_argv_mode    10005179 f i LIBCMT:argv_mode.obj
 0001:00004179       ?do_max_length@codecvt_base@std@@MBEHXZ 10005179 f i libcpmt:cout.obj
 0001:00004179       ?do_encoding@codecvt_base@std@@MBEHXZ 10005179 f i libcpmt:cout.obj
 0001:0000417d       ?do_in@?$codecvt@DDU_Mbstatet@@@std@@MBEHAAU_Mbstatet@@PBD1AAPBDPAD3AAPAD@Z 1000517d f i libcpmt:cout.obj
 0001:0000417d       ?do_out@?$codecvt@DDU_Mbstatet@@@std@@MBEHAAU_Mbstatet@@PBD1AAPBDPAD3AAPAD@Z 1000517d f i libcpmt:cout.obj
 0001:00004197       ?do_length@?$codecvt@DDU_Mbstatet@@@std@@MBEHAAU_Mbstatet@@PBD1I@Z 10005197 f i libcpmt:cout.obj
 0001:000041ac       ?do_narrow@?$ctype@D@std@@MBEDDD@Z 100051ac f i libcpmt:cout.obj
 0001:000041b6       ?do_narrow@?$ctype@D@std@@MBEPBDPBD0DPAD@Z 100051b6 f i libcpmt:cout.obj
 0001:000041d5       ?do_tolower@?$ctype@D@std@@MBEDD@Z 100051d5 f i libcpmt:cout.obj
 0001:000041ec       ?do_tolower@?$ctype@D@std@@MBEPBDPADPBD@Z 100051ec f i libcpmt:cout.obj
 0001:0000422e       ?do_toupper@?$ctype@D@std@@MBEDD@Z 1000522e f i libcpmt:cout.obj
 0001:00004245       ?do_toupper@?$ctype@D@std@@MBEPBDPADPBD@Z 10005245 f i libcpmt:cout.obj
 0001:00004287       ?do_unshift@?$codecvt@DDU_Mbstatet@@@std@@MBEHAAU_Mbstatet@@PAD1AAPAD@Z 10005287 f i libcpmt:cout.obj
 0001:00004298       ?do_widen@?$ctype@D@std@@MBEDD@Z 10005298 f i libcpmt:cout.obj
 0001:000042a2       ?do_widen@?$ctype@D@std@@MBEPBDPBD0PAD@Z 100052a2 f i libcpmt:cout.obj
 0001:000042c1       ?erase@?$basic_string@DU?$char_traits@D@std@@V?$allocator@D@2@@std@@QAEAAV12@II@Z 100052c1 f i libcpmt:cout.obj
 0001:0000430c       ?imbue@?$basic_filebuf@DU?$char_traits@D@std@@@std@@MAEXABVlocale@2@@Z 1000530c f i libcpmt:cout.obj
 0001:00004328       ?imbue@?$basic_streambuf@DU?$char_traits@D@std@@@std@@MAEXABVlocale@2@@Z 10005328 f i libcpmt:cout.obj
 0001:0000432b       ?init@?$basic_ios@DU?$char_traits@D@std@@@std@@IAEXPAV?$basic_streambuf@DU?$char_traits@D@std@@@2@_N@Z 1000532b f i libcpmt:cout.obj
 0001:00004374       ?overflow@?$basic_filebuf@DU?$char_traits@D@std@@@std@@MAEHH@Z 10005374 f i libcpmt:cout.obj
 0001:0000447c       ?overflow@?$basic_streambuf@DU?$char_traits@D@std@@@std@@MAEHH@Z 1000547c f i libcpmt:cout.obj
 0001:0000447c       ?pbackfail@?$basic_streambuf@DU?$char_traits@D@std@@@std@@MAEHH@Z 1000547c f i libcpmt:cout.obj
 0001:00004482       ?pbackfail@?$basic_filebuf@DU?$char_traits@D@std@@@std@@MAEHH@Z 10005482 f i libcpmt:cout.obj
 0001:00004504       ?push_back@?$basic_string@DU?$char_traits@D@std@@V?$allocator@D@2@@std@@QAEXD@Z 10005504 f i libcpmt:cout.obj
 0001:00004540       ?seekoff@?$basic_filebuf@DU?$char_traits@D@std@@@std@@MAE?AV?$fpos@U_Mbstatet@@@2@_JHH@Z 10005540 f i libcpmt:cout.obj
 0001:000045f6       ?seekoff@?$basic_streambuf@DU?$char_traits@D@std@@@std@@MAE?AV?$fpos@U_Mbstatet@@@2@_JHH@Z 100055f6 f i libcpmt:cout.obj
 0001:00004615       ?seekpos@?$basic_filebuf@DU?$char_traits@D@std@@@std@@MAE?AV?$fpos@U_Mbstatet@@@2@V32@H@Z 10005615 f i libcpmt:cout.obj
 0001:0000469a       ?seekpos@?$basic_streambuf@DU?$char_traits@D@std@@@std@@MAE?AV?$fpos@U_Mbstatet@@@2@V32@H@Z 1000569a f i libcpmt:cout.obj
 0001:000046b9       ?setbuf@?$basic_filebuf@DU?$char_traits@D@std@@@std@@MAEPAV?$basic_streambuf@DU?$char_traits@D@std@@@2@PAD_J@Z 100056b9 f i libcpmt:cout.obj
 0001:00004707       ?setbuf@?$basic_streambuf@DU?$char_traits@D@std@@@std@@MAEPAV12@PAD_J@Z 10005707 f i libcpmt:cout.obj
 0001:0000470c       ?showmanyc@?$basic_streambuf@DU?$char_traits@D@std@@@std@@MAE_JXZ 1000570c f i libcpmt:cout.obj
 0001:00004711       ?sync@?$basic_filebuf@DU?$char_traits@D@std@@@std@@MAEHXZ 10005711 f i libcpmt:cout.obj
 0001:0000474a       ?sync@?$basic_streambuf@DU?$char_traits@D@std@@@std@@MAEHXZ 1000574a f i libcpmt:cout.obj
 0001:0000474d       ?uflow@?$basic_filebuf@DU?$char_traits@D@std@@@std@@MAEHXZ 1000574d f i libcpmt:cout.obj
 0001:000048cb       ?uflow@?$basic_streambuf@DU?$char_traits@D@std@@@std@@MAEHXZ 100058cb f i libcpmt:cout.obj
 0001:000048fe       ?underflow@?$basic_filebuf@DU?$char_traits@D@std@@@std@@MAEHXZ 100058fe f i libcpmt:cout.obj
 0001:0000494e       ?underflow@?$basic_streambuf@DU?$char_traits@D@std@@@std@@MAEHXZ 1000594e f i libcpmt:cout.obj
 0001:00004952       ?widen@?$basic_ios@DU?$char_traits@D@std@@@std@@QBEDD@Z 10005952 f i libcpmt:cout.obj
 0001:000049a1       ?xsgetn@?$basic_filebuf@DU?$char_traits@D@std@@@std@@MAE_JPAD_J@Z 100059a1 f i libcpmt:cout.obj
 0001:00004a88       ?xsgetn@?$basic_streambuf@DU?$char_traits@D@std@@@std@@MAE_JPAD_J@Z 10005a88 f i libcpmt:cout.obj
 0001:00004b64       ?xsputn@?$basic_filebuf@DU?$char_traits@D@std@@@std@@MAE_JPBD_J@Z 10005b64 f i libcpmt:cout.obj
 0001:00004c38       ?xsputn@?$basic_streambuf@DU?$char_traits@D@std@@@std@@MAE_JPBD_J@Z 10005c38 f i libcpmt:cout.obj
 0001:00004d10       ??0_Init_cerr@std@@QAE@XZ  10005d10 f i libcpmt:cerr.obj
 0001:00004d3f       ??0bad_alloc@std@@QAE@ABV01@@Z 10005d3f f i libcpmt:xthrow.obj
 0001:00004d5a       ??0bad_alloc@std@@QAE@XZ   10005d5a f i libcpmt:xthrow.obj
 0001:00004d72       ??0length_error@std@@QAE@ABV01@@Z 10005d72 f i libcpmt:xthrow.obj
 0001:00004d8d       ??0length_error@std@@QAE@PBD@Z 10005d8d f i libcpmt:xthrow.obj
 0001:00004dac       ??0logic_error@std@@QAE@ABV01@@Z 10005dac f i libcpmt:xthrow.obj
 0001:00004dc7       ??0out_of_range@std@@QAE@ABV01@@Z 10005dc7 f i libcpmt:xthrow.obj
 0001:00004de2       ??0out_of_range@std@@QAE@PBD@Z 10005de2 f i libcpmt:xthrow.obj
 0001:00004e01       ?_Xlength_error@std@@YAXPBD@Z 10005e01 f   libcpmt:xthrow.obj
 0001:00004e21       ?_Xout_of_range@std@@YAXPBD@Z 10005e21 f   libcpmt:xthrow.obj
 0001:00004e41       ?_Syserror_map@std@@YAPBDH@Z 10005e41 f   libcpmt:syserror.obj
 0001:00005213       ___crtInitOnceExecuteOnce  10006213 f   libcpmt:winapisupp.obj
 0001:000052a1       ___crtInitializeCriticalSectionEx 100062a1 f   libcpmt:winapisupp.obj
 0001:000052da       ??0_Init_locks@std@@QAE@XZ 100062da f   libcpmt:xlock.obj
 0001:00005307       ??0_Lockit@std@@QAE@H@Z    10006307 f   libcpmt:xlock.obj
 0001:00005338       ??1_Init_locks@std@@QAE@XZ 10006338 f   libcpmt:xlock.obj
 0001:0000535f       ??1_Lockit@std@@QAE@XZ     1000635f f   libcpmt:xlock.obj
 0001:0000537e       __Getctype                 1000637e f   libcpmt:_tolower.obj
 0001:000053e6       __Tolower                  100063e6 f   libcpmt:_tolower.obj
 0001:000054e4       __Toupper                  100064e4 f   libcpmt:_toupper.obj
 0001:000055e2       ??0_Locimp@locale@std@@AAE@_N@Z 100065e2 f i libcpmt:locale0.obj
 0001:00005623       ??1_Fac_node@std@@QAE@XZ   10006623 f i libcpmt:locale0.obj
 0001:00005682       ??1_Fac_tidy_reg_t@std@@QAE@XZ 10006682 f i libcpmt:locale0.obj
 0001:000056a9       ??1_Locimp@locale@std@@MAE@XZ 100066a9 f i libcpmt:locale0.obj
 0001:00005702       ??4?$_Yarn@D@std@@QAEAAV01@PBD@Z 10006702 f i libcpmt:locale0.obj
 0001:00005756       ??_G_Locimp@locale@std@@MAEPAXI@Z 10006756 f i libcpmt:locale0.obj
 0001:00005756       ??_E_Locimp@locale@std@@MAEPAXI@Z 10006756 f i libcpmt:locale0.obj
 0001:00005778       ?_Facet_Register@std@@YAXPAV_Facet_base@1@@Z 10006778 f   libcpmt:locale0.obj
 0001:000057a4       ?_Getgloballocale@locale@std@@CAPAV_Locimp@12@XZ 100067a4 f   libcpmt:locale0.obj
 0001:000057aa       ?_Init@locale@std@@CAPAV_Locimp@12@_N@Z 100067aa f   libcpmt:locale0.obj
 0001:0000583a       ?_Locimp_dtor@_Locimp@locale@std@@CAXPAV123@@Z 1000683a f   libcpmt:locale0.obj
 0001:000058b1       ?_Locinfo_ctor@_Locinfo@std@@SAXPAV12@PBD@Z 100068b1 f   libcpmt:locale0.obj
 0001:000058fc       ?_Locinfo_dtor@_Locinfo@std@@SAXPAV12@@Z 100068fc f   libcpmt:locale0.obj
 0001:00005916       ?_New_Locimp@_Locimp@locale@std@@CAPAV123@_N@Z 10006916 f   libcpmt:locale0.obj
 0001:00005939       ?_Setgloballocale@locale@std@@CAXPAX@Z 10006939 f   libcpmt:locale0.obj
 0001:00005961       __Deletegloballocale       10006961 f   libcpmt:locale0.obj
 0001:000059c6       ?_Addstd@ios_base@std@@SAXPAV12@@Z 100069c6 f   libcpmt:ios.obj
 0001:00005a12       ?_Callfns@ios_base@std@@AAEXW4event@12@@Z 10006a12 f i libcpmt:ios.obj
 0001:00005a45       ?_Ios_base_dtor@ios_base@std@@CAXPAV12@@Z 10006a45 f   libcpmt:ios.obj
 0001:00005a85       ?_Tidy@ios_base@std@@AAEXXZ 10006a85 f i libcpmt:ios.obj
 0001:00005acd       ??1_Init_atexit@@QAE@XZ    10006acd f i libcpmt:iosptrs.obj
 0001:00005b30       ?_Atexit@@YAXP6AXXZ@Z      10006b30 f   libcpmt:iosptrs.obj
 0001:00005b5e       __Mtxdst                   10006b5e f   libcpmt:xmtx.obj
 0001:00005b6c       __Mtxinit                  10006b6c f   libcpmt:xmtx.obj
 0001:00005b83       __Mtxlock                  10006b83 f   libcpmt:xmtx.obj
 0001:00005b91       __Mtxunlock                10006b91 f   libcpmt:xmtx.obj
 0001:00005b9f       ___crtLCMapStringA         10006b9f f   libcpmt:StlLCMapStringA.obj
 0001:00005d74       __freea_crt                10006d74 f i libcpmt:StlLCMapStringA.obj
 0001:00005d92       ___local_stdio_printf_options 10006d92 f i libcpmt:locale.obj
 0001:00005d98       _GetTableIndexFromLocaleName 10006d98 f   libcpmt:winapinls.obj
 0001:00005de6       ___crtDownlevelLocaleNameToLCID 10006de6 f   libcpmt:winapinls.obj
 0001:00005e10       ___crtLCMapStringEx        10006e10 f   libcpmt:winapinls.obj
 0001:00005e67       ___wcsnicmp_ascii          10006e67 f   libcpmt:winapinls.obj
 0001:00005ecf       @__security_check_cookie@4 10006ecf f   LIBCMT:secchk.obj
 0001:00005ee0       ??_V@YAXPAX@Z              10006ee0 f   LIBCMT:delete_array.obj
 0001:00005ee5       ??2@YAPAXI@Z               10006ee5 f   LIBCMT:new_scalar.obj
 0001:00005f15       ??3@YAXPAXI@Z              10006f15 f   LIBCMT:delete_scalar_size.obj
 0001:00005f23       ??_U@YAPAXI@Z              10006f23 f   LIBCMT:new_array.obj
 0001:0000624f       __DllMainCRTStartup@12     1000724f f   LIBCMT:dll_dllmain.obj
 0001:00006272       __EH_epilog3               10007272 f   LIBCMT:ehprolg3.obj
 0001:00006287       __EH_epilog3_GS            10007287 f   LIBCMT:ehprolg3.obj
 0001:00006298       __EH_prolog3               10007298 f   LIBCMT:ehprolg3.obj
 0001:000062cc       __EH_prolog3_GS            100072cc f   LIBCMT:ehprolg3.obj
 0001:00006303       __EH_prolog3_catch         10007303 f   LIBCMT:ehprolg3.obj
 0001:0000633a       ??_Gtype_info@@UAEPAXI@Z   1000733a f i LIBCMT:std_type_info_static.obj
 0001:0000633a       ??_Etype_info@@UAEPAXI@Z   1000733a f i LIBCMT:std_type_info_static.obj
 0001:0000635d       ??$__crt_fast_encode_pointer@PAP6AXXZ@@YAPAP6AXXZQAP6AXXZ@Z 1000735d f i LIBCMT:utility.obj
 0001:0000635d       ??$__crt_fast_encode_pointer@PAX@@YAPAXQAX@Z 1000735d f i libvcruntime:winapi_downlevel.obj
 0001:000063be       ___scrt_acquire_startup_lock 100073be f   LIBCMT:utility.obj
 0001:000063f0       ___scrt_dllmain_after_initialize_c 100073f0 f   LIBCMT:utility.obj
 0001:0000641b       ___scrt_dllmain_before_initialize_c 1000741b f   LIBCMT:utility.obj
 0001:00006429       ___scrt_dllmain_crt_thread_attach 10007429 f   LIBCMT:utility.obj
 0001:00006448       ___scrt_dllmain_crt_thread_detach 10007448 f   LIBCMT:utility.obj
 0001:00006455       ___scrt_dllmain_exception_filter 10007455 f   LIBCMT:utility.obj
 0001:00006489       ___scrt_dllmain_uninitialize_c 10007489 f   LIBCMT:utility.obj
 0001:000064ac       ___scrt_dllmain_uninitialize_critical 100074ac f   LIBCMT:utility.obj
 0001:000064b9       ___scrt_initialize_crt     100074b9 f   LIBCMT:utility.obj
 0001:000064f2       ___scrt_initialize_onexit_tables 100074f2 f   LIBCMT:utility.obj
 0001:00006597       ___scrt_is_nonwritable_in_current_image 10007597 f   LIBCMT:utility.obj
 0001:0000662b       ___scrt_release_startup_lock 1000762b f   LIBCMT:utility.obj
 0001:00006648       ___scrt_uninitialize_crt   10007648 f   LIBCMT:utility.obj
 0001:00006670       __onexit                   10007670 f   LIBCMT:utility.obj
 0001:000066ab       _atexit                    100076ab f   LIBCMT:utility.obj
 0001:000066c0       __alloca_probe_16          100076c0 f   LIBCMT:alloca16.obj
 0001:000066d6       __alloca_probe_8           100076d6     LIBCMT:alloca16.obj
 0001:000066f0       __allmul                   100076f0 f   LIBCMT:llmul.obj
 0001:00006730       __aulldiv                  10007730 f   LIBCMT:ulldiv.obj
 0001:00006798       ___raise_securityfailure   10007798 f   LIBCMT:gs_report.obj
 0001:000067c0       ___report_gsfailure        100077c0 f   LIBCMT:gs_report.obj
 0001:000068b9       ___report_rangecheckfailure 100078b9 f   LIBCMT:gs_report.obj
 0001:000068c5       ___report_securityfailure  100078c5 f   LIBCMT:gs_report.obj
 0001:00006993       ??3@YAXPAX@Z               10007993 f   LIBCMT:delete_scalar.obj
 0001:00006998       ??0bad_array_new_length@std@@QAE@ABV01@@Z 10007998 f i LIBCMT:throw_bad_alloc.obj
 0001:000069b3       ??0bad_array_new_length@std@@QAE@XZ 100079b3 f i LIBCMT:throw_bad_alloc.obj
 0001:000069cb       ?__scrt_throw_std_bad_alloc@@YAXXZ 100079cb f   LIBCMT:throw_bad_alloc.obj
 0001:000069e8       ?__scrt_throw_std_bad_array_new_length@@YAXXZ 100079e8 f   LIBCMT:throw_bad_alloc.obj
 0001:00006a52       ___security_init_cookie    10007a52 f   LIBCMT:gs_support.obj
 0001:00006a9d       _DllMain@12                10007a9d f   LIBCMT:dll_dllmain_stub.obj
 0001:00006aa3       ?__scrt_initialize_type_info@@YAXXZ 10007aa3 f   LIBCMT:tncleanup.obj
 0001:00006aaf       ?__scrt_uninitialize_type_info@@YAXXZ 10007aaf f   LIBCMT:tncleanup.obj
 0001:00006abb       ___local_stdio_scanf_options 10007abb f i LIBCMT:default_local_stdio_options.obj
 0001:00006ac1       ___scrt_initialize_default_local_stdio_options 10007ac1 f   LIBCMT:default_local_stdio_options.obj
 0001:00006ade       ___scrt_get_dyn_tls_init_callback 10007ade f   LIBCMT:dyn_tls_init.obj
 0001:00006ae4       ___scrt_fastfail           10007ae4 f   LIBCMT:utility_desktop.obj
 0001:00006bfe       __crt_debugger_hook        10007bfe f   LIBCMT:utility_desktop.obj
 0001:00006c06       __RTC_Initialize           10007c06 f   LIBCMT:initsect.obj
 0001:00006c32       __RTC_Terminate            10007c32 f   LIBCMT:initsect.obj
 0001:00006c60       __SEH_prolog4              10007c60 f   LIBCMT:sehprolg4.obj
 0001:00006ca6       __SEH_epilog4              10007ca6 f   LIBCMT:sehprolg4.obj
 0001:00006cbb       ___isa_available_init      10007cbb f   LIBCMT:cpu_disp.obj
 0001:00006e52       ___scrt_is_ucrt_dll_in_use 10007e52 f   LIBCMT:ucrt_detection.obj
 0001:00006e60       __alloca_probe             10007e60 f   LIBCMT:chkstk.obj
 0001:00006e60       __chkstk                   10007e60 f   LIBCMT:chkstk.obj
 0001:00006e8d       ___std_exception_copy      10007e8d f   libvcruntime:std_exception.obj
 0001:00006ef0       ___std_exception_destroy   10007ef0 f   libvcruntime:std_exception.obj
 0001:00006f0f       __CxxThrowException@8      10007f0f f   libvcruntime:throw.obj
 0001:00006f7c       ?GetRangeOfTrysToCheck@__FrameHandler3@@SA?AU?$pair@Viterator@TryBlockMap@__FrameHandler3@@V123@@std@@AAVTryBlockMap@1@HH@Z 10007f7c f   libvcruntime:trnsctrl.obj
 0001:00006ffe       ?_CallCatchBlock2@@YAPAXPAUEHRegistrationNode@@PBU_s_FuncInfo@@PAXHK@Z 10007ffe f   libvcruntime:trnsctrl.obj
 0001:0000705c       ?_CallSETranslator@@YAHPAUEHExceptionRecord@@PAUEHRegistrationNode@@PAX2PBU_s_FuncInfo@@H1@Z 1000805c f   libvcruntime:trnsctrl.obj
 0001:00007137       ?_JumpToContinuation@@YGXPAXPAUEHRegistrationNode@@@Z 10008137 f   libvcruntime:trnsctrl.obj
 0001:00007167       ?_UnwindNestedFrames@@YGXPAUEHRegistrationNode@@PAUEHExceptionRecord@@@Z 10008167 f   libvcruntime:trnsctrl.obj
 0001:000071ba       __CatchGuardHandler        100081ba f   libvcruntime:trnsctrl.obj
 0001:000071eb       __CreateFrameInfo          100081eb f   libvcruntime:trnsctrl.obj
 0001:0000720f       __FindAndUnlinkFrame       1000820f f   libvcruntime:trnsctrl.obj
 0001:00007254       __TranslatorGuardHandler   10008254 f   libvcruntime:trnsctrl.obj
 0001:000072f1       ___CxxFrameHandler3        100082f1 f   libvcruntime:trnsctrl.obj
 0001:00007330       _memcpy                    10008330 f   libvcruntime:memcpy.obj
 0001:000078b0       _memmove                   100088b0 f   libvcruntime:memmove.obj
 0001:00007e30       _memset                    10008e30 f   libvcruntime:memset.obj
 0001:00007f8a       __get_purecall_handler     10008f8a f   libvcruntime:purevirt.obj
 0001:00007f9f       __purecall                 10008f9f f   libvcruntime:purevirt.obj
 0001:00007fbb       ___DestructExceptionObject 10008fbb f   libvcruntime:ehhelpers.obj
 0001:0000805b       ?_CallMemberFunction0@@YGXQAX0@Z 1000905b f i libvcruntime:ehhelpers.obj
 0001:00008068       __IsExceptionObjectToBeDestroyed 10009068 f   libvcruntime:ehhelpers.obj
 0001:0000808e       ___AdjustPointer           1000908e f   libvcruntime:ehhelpers.obj
 0001:000080b3       ___FrameUnwindFilter       100090b3 f   libvcruntime:ehhelpers.obj
 0001:000080f8       ___std_terminate           100090f8 f   libvcruntime:ehhelpers.obj
 0001:00008100       _memchr                    10009100 f   libvcruntime:memchr.obj
 0001:000081ad       _memcmp                    100091ad f   libvcruntime:memcmp.obj
 0001:000091a0       __except_handler4          1000a1a0 f   libvcruntime:chandler4.obj
 0001:000092f7       ___vcrt_initialize         1000a2f7 f   libvcruntime:initialization.obj
 0001:00009320       ___vcrt_thread_attach      1000a320 f   libvcruntime:initialization.obj
 0001:0000932b       ___vcrt_thread_detach      1000a32b f   libvcruntime:initialization.obj
 0001:00009336       ___vcrt_uninitialize       1000a336 f   libvcruntime:initialization.obj
 0001:00009355       ___vcrt_uninitialize_critical 1000a355 f   libvcruntime:initialization.obj
 0001:0000935d       ___std_type_info_compare   1000a35d f   libvcruntime:std_type_info.obj
 0001:00009399       ___std_type_info_destroy_list 1000a399 f   libvcruntime:std_type_info.obj
 0001:000093bc       ___vcrt_freefls@4          1000a3bc f   libvcruntime:per_thread_data.obj
 0001:000093d8       ___vcrt_freeptd            1000a3d8 f   libvcruntime:per_thread_data.obj
 0001:0000940e       ___vcrt_getptd             1000a40e f   libvcruntime:per_thread_data.obj
 0001:0000941c       ___vcrt_getptd_noexit      1000a41c f   libvcruntime:per_thread_data.obj
 0001:000094ae       ___vcrt_initialize_ptd     1000a4ae f   libvcruntime:per_thread_data.obj
 0001:000094e1       ___vcrt_uninitialize_ptd   1000a4e1 f   libvcruntime:per_thread_data.obj
 0001:00009bf3       ??$TypeMatchHelper@V__FrameHandler3@@@@YAHPBU_s_HandlerType@@PBU_s_CatchableType@@PBU_s_ThrowInfo@@@Z 1000abf3 f i libvcruntime:frame.obj
 0001:00009c81       ??$__InternalCxxFrameHandler@V__FrameHandler3@@@@YA?AW4_EXCEPTION_DISPOSITION@@PAUEHExceptionRecord@@PAUEHRegistrationNode@@PAU_CONTEXT@@PAXPBU_s_FuncInfo@@H1E@Z 1000ac81 f i libvcruntime:frame.obj
 0001:00009d83       ??0bad_exception@std@@QAE@ABV01@@Z 1000ad83 f i libvcruntime:frame.obj
 0001:00009d9e       ??0bad_exception@std@@QAE@XZ 1000ad9e f i libvcruntime:frame.obj
 0001:00009db6       ??8type_info@@QBE_NABV0@@Z 1000adb6 f i libvcruntime:frame.obj
 0001:0000a01d       ?FrameUnwindToEmptyState@__FrameHandler3@@SAXPAUEHRegistrationNode@@PAXPBU_s_FuncInfo@@@Z 1000b01d f   libvcruntime:frame.obj
 0001:0000a035       ?FrameUnwindToState@__FrameHandler3@@SAXPAUEHRegistrationNode@@PAXPBU_s_FuncInfo@@H@Z 1000b035 f   libvcruntime:frame.obj
 0001:0000a1b7       ?_CallMemberFunction1@@YGXQAX00@Z 1000b1b7 f i libvcruntime:frame.obj
 0001:0000a1c7       ?_CallMemberFunction2@@YGXQAX00H@Z 1000b1c7 f i libvcruntime:frame.obj
 0001:0000a1da       ?getESTypes@__FrameHandler3@@SAPBU_s_ESTypeList@@PBU_s_FuncInfo@@@Z 1000b1da f i libvcruntime:frame.obj
 0001:0000a1f0       __CallSettingFrame@12      1000b1f0 f   libvcruntime:lowhelpr.obj
 0001:0000a217       __NLG_Return               1000b217     libvcruntime:lowhelpr.obj
 0001:0000a23c       ___except_validate_context_record 1000b23c f   libvcruntime:jbcxrval.obj
 0001:0000a26c       ___except_validate_jump_buffer 1000b26c f   libvcruntime:jbcxrval.obj
 0001:0000a299       ___vcrt_initialize_pure_virtual_call_handler 1000b299 f   libvcruntime:purevirt_data.obj
 0001:0000a2b0       __local_unwind4            1000b2b0 f   libvcruntime:exsup4.obj
 0001:0000a388       __seh_longjmp_unwind4@4    1000b388 f   libvcruntime:exsup4.obj
 0001:0000a3b0       @_EH4_CallFilterFunc@8     1000b3b0 f   libvcruntime:exsup4.obj
 0001:0000a3c8       @_EH4_TransferToHandler@8  1000b3c8 f   libvcruntime:exsup4.obj
 0001:0000a3e4       @_EH4_GlobalUnwind2@8      1000b3e4 f   libvcruntime:exsup4.obj
 0001:0000a400       @_EH4_LocalUnwind@16       1000b400 f   libvcruntime:exsup4.obj
 0001:0000a417       ___vcrt_initialize_locks   1000b417 f   libvcruntime:locks.obj
 0001:0000a453       ___vcrt_uninitialize_locks 1000b453 f   libvcruntime:locks.obj
 0001:0000a5b5       ___vcrt_FlsAlloc           1000b5b5 f   libvcruntime:winapi_downlevel.obj
 0001:0000a5f0       ___vcrt_FlsFree            1000b5f0 f   libvcruntime:winapi_downlevel.obj
 0001:0000a62b       ___vcrt_FlsGetValue        1000b62b f   libvcruntime:winapi_downlevel.obj
 0001:0000a666       ___vcrt_FlsSetValue        1000b666 f   libvcruntime:winapi_downlevel.obj
 0001:0000a6a4       ___vcrt_InitializeCriticalSectionEx 1000b6a4 f   libvcruntime:winapi_downlevel.obj
 0001:0000a6eb       ___vcrt_initialize_winapi_thunks 1000b6eb f   libvcruntime:winapi_downlevel.obj
 0001:0000a714       ___vcrt_uninitialize_winapi_thunks 1000b714 f   libvcruntime:winapi_downlevel.obj
 0001:0000a746       _unexpected                1000b746 f   libvcruntime:unexpected.obj
 0001:0000a763       ?GetCurrentState@__FrameHandler3@@SAHPAUEHRegistrationNode@@PAXPBU_s_FuncInfo@@@Z 1000b763 f   libvcruntime:ehstate.obj
 0001:0000a780       ?SetState@__FrameHandler3@@SAXPAUEHRegistrationNode@@PBU_s_FuncInfo@@H@Z 1000b780 f   libvcruntime:ehstate.obj
 0001:0000a790       __global_unwind2           1000b790 f   libvcruntime:exsup.obj
 0001:0000a7f6       __local_unwind2            1000b7f6 f   libvcruntime:exsup.obj
 0001:0000a87a       __abnormal_termination     1000b87a f   libvcruntime:exsup.obj
 0001:0000a8a0       __NLG_Notify1              1000b8a0 f   libvcruntime:exsup.obj
 0001:0000a8ac       __NLG_Notify               1000b8ac f   libvcruntime:exsup.obj
 0001:0000a8c3       __NLG_Dispatch             1000b8c3     libvcruntime:exsup.obj
 0001:0000a8c3       __NLG_Dispatch2            1000b8c3     libvcruntime:exsup.obj
 0001:0000a8cb       __NLG_Call                 1000b8cb f   libvcruntime:exsup.obj
 0001:0000a8cd       __NLG_Return2              1000b8cd     libvcruntime:exsup.obj
 0001:0000a8ce       __aligned_free             1000b8ce f   libucrt:align.obj
 0001:0000a8e8       ___acrt_call_reportfault   1000b8e8 f   libucrt:invalid_parameter.obj
 0001:0000aa21       ___acrt_initialize_invalid_parameter_handler 1000ba21 f   libucrt:invalid_parameter.obj
 0001:0000aa30       __invalid_parameter        1000ba30 f   libucrt:invalid_parameter.obj
 0001:0000aa94       __invalid_parameter_noinfo 1000ba94 f   libucrt:invalid_parameter.obj
 0001:0000aaa4       __invalid_parameter_noinfo_noreturn 1000baa4 f   libucrt:invalid_parameter.obj
 0001:0000aac1       __invoke_watson            1000bac1 f   libucrt:invalid_parameter.obj
 0001:0000aaf5       ??0_LocaleUpdate@@QAE@QAU__crt_locale_pointers@@@Z 1000baf5 f i libucrt:stricmp.obj
 0001:0000ab78       ??1_LocaleUpdate@@QAE@XZ   1000bb78 f i libucrt:stricmp.obj
 0001:0000ab88       ___ascii_stricmp           1000bb88 f   libucrt:stricmp.obj
 0001:0000abc1       __stricmp                  1000bbc1 f   libucrt:stricmp.obj
 0001:0000ac0a       __stricmp_l                1000bc0a f   libucrt:stricmp.obj
 0001:0000ac98       _terminate                 1000bc98 f   libucrt:terminate.obj
 0001:0000acd4       _free                      1000bcd4 f   libucrt:free.obj
 0001:0000acef       ___acrt_initialize_stdio   1000bcef f   libucrt:_file.obj
 0001:0000adb7       ___acrt_iob_func           1000bdb7 f   libucrt:_file.obj
 0001:0000adc7       ___acrt_uninitialize_stdio 1000bdc7 f   libucrt:_file.obj
 0001:0000ae13       __get_stream_buffer_pointers 1000be13 f   libucrt:_file.obj
 0001:0000ae59       __lock_file                1000be59 f   libucrt:_file.obj
 0001:0000ae6d       __unlock_file              1000be6d f   libucrt:_file.obj
 0001:0000ae81       __fclose_nolock            1000be81 f   libucrt:fclose.obj
 0001:0000aef8       _fclose                    1000bef8 f   libucrt:fclose.obj
 0001:0000b1b9       ___acrt_stdio_flush_nolock 1000c1b9 f   libucrt:fflush.obj
 0001:0000b21e       __fflush_nolock            1000c21e f   libucrt:fflush.obj
 0001:0000b266       __flushall                 1000c266 f   libucrt:fflush.obj
 0001:0000b26f       _fflush                    1000c26f f   libucrt:fflush.obj
 0001:0000b2c4       __fgetc_nolock             1000c2c4 f   libucrt:fgetc.obj
 0001:0000b300       _fgetc                     1000c300 f   libucrt:fgetc.obj
 0001:0000b408       _fgetpos                   1000c408 f   libucrt:fgetpos.obj
 0001:0000b463       __fputc_nolock             1000c463 f   libucrt:fputc.obj
 0001:0000b48c       _fputc                     1000c48c f   libucrt:fputc.obj
 0001:0000b596       __fread_nolock_s           1000c596 f   libucrt:fread.obj
 0001:0000b77c       _fread                     1000c77c f   libucrt:fread.obj
 0001:0000b799       _fread_s                   1000c799 f   libucrt:fread.obj
 0001:0000b8b7       _fsetpos                   1000c8b7 f   libucrt:fsetpos.obj
 0001:0000b8f2       ?LongLongSub@@YAJ_J0PA_J@Z 1000c8f2 f i libucrt:fseek.obj
 0001:0000bbae       __fseeki64                 1000cbae f   libucrt:fseek.obj
 0001:0000bc67       __fwrite_nolock            1000cc67 f   libucrt:fwrite.obj
 0001:0000bde8       _fwrite                    1000cde8 f   libucrt:fwrite.obj
 0001:0000bf73       _setvbuf                   1000cf73 f   libucrt:setvbuf.obj
 0001:0000bff5       __ungetc_nolock            1000cff5 f   libucrt:ungetc.obj
 0001:0000c0ef       _ungetc                    1000d0ef f   libucrt:ungetc.obj
 0001:0000c162       ___acrt_initialize_locks   1000d162 f   libucrt:locks.obj
 0001:0000c1a3       ___acrt_lock               1000d1a3 f   libucrt:locks.obj
 0001:0000c1ba       ___acrt_uninitialize_locks 1000d1ba f   libucrt:locks.obj
 0001:0000c1eb       ___acrt_unlock             1000d1eb f   libucrt:locks.obj
 0001:0000c202       __lock_locales             1000d202 f   libucrt:locks.obj
 0001:0000c210       __unlock_locales           1000d210 f   libucrt:locks.obj
 0001:0000c219       _calloc                    1000d219 f   libucrt:calloc.obj
 0001:0000c224       ___pctype_func             1000d224 f   libucrt:ctype.obj
 0001:0000c248       ___acrt_locale_get_ctype_array_value 1000d248 f i libucrt:_ctype.obj
 0001:0000c26a       __ischartype_l             1000d26a f i libucrt:_ctype.obj
 0001:0000c2be       __islower_l                1000d2be f i libucrt:_ctype.obj
 0001:0000c2f4       __isupper_l                1000d2f4 f i libucrt:_ctype.obj
 0001:0000c32a       _islower                   1000d32a f i libucrt:_ctype.obj
 0001:0000c35b       _isupper                   1000d35b f i libucrt:_ctype.obj
 0001:0000c38c       __wcsdup                   1000d38c f   libucrt:wcsdup.obj
 0001:0000c3eb       ____lc_codepage_func       1000d3eb f   libucrt:initctype.obj
 0001:0000c410       ____lc_locale_name_func    1000d410 f   libucrt:initctype.obj
 0001:0000c437       ___acrt_locale_initialize_ctype 1000d437 f   libucrt:initctype.obj
 0001:0000c895       _malloc                    1000d895 f   libucrt:malloc.obj
 0001:0000cafa       _setlocale                 1000dafa f   libucrt:setlocale.obj
 0001:0000cb32       _abort                     1000db32 f   libucrt:abort.obj
 0001:0000cb76       ___strncnt                 1000db76 f   libucrt:strncnt.obj
 0001:0000cb92       ___acrt_errno_from_os_error 1000db92 f   libucrt:errno.obj
 0001:0000cbd5       ___acrt_errno_map_os_error 1000dbd5 f   libucrt:errno.obj
 0001:0000cbf8       ___doserrno                1000dbf8 f   libucrt:errno.obj
 0001:0000cc0b       __errno                    1000dc0b f   libucrt:errno.obj
 0001:0000cc1e       ?unget@?$c_string_character_source@_W@__crt_strtox@@QAEX_W@Z 1000dc1e f i libucrt:strtod.obj
 0001:0000cc4c       ?validate@?$c_string_character_source@_W@__crt_strtox@@QBE_NXZ 1000dc4c f i libucrt:strtod.obj
 0001:0000cc70       _strcspn                   1000dc70 f   libucrt:strcspn.obj
 0001:0000ccc0       __CIpow                    1000dcc0 f   libucrt:pow_impl.obj
 0001:0000ccfb       __CIpow_default            1000dcfb f   libucrt:pow_impl.obj
 0001:0000cd14       __pow_default              1000dd14     libucrt:pow_impl.obj
 0001:0000cf09       _wcscpy_s                  1000df09 f   libucrt:wcscpy_s.obj
 0001:0000cf6d       _wcsnlen                   1000df6d f   libucrt:strnlen.obj
 0001:0000d1cf       ??$__acrt_mbs_to_wcs_cp@U__crt_win32_buffer_internal_dynamic_resizing@@@@YAHQBDAAV?$__crt_win32_buffer@_WU__crt_win32_buffer_internal_dynamic_resizing@@@@I@Z 1000e1cf f i libucrt:strftime.obj
 0001:0000d1ec       ?_deallocate@?$__crt_win32_buffer@DU__crt_win32_buffer_internal_dynamic_resizing@@@@AAEXXZ 1000e1ec f i libucrt:argv_wildcards.obj
 0001:0000d1ec       ?_deallocate@?$__crt_win32_buffer@_WU__crt_win32_buffer_internal_dynamic_resizing@@@@AAEXXZ 1000e1ec f i libucrt:strftime.obj
 0001:0000d206       ?allocate@?$__crt_win32_buffer@DU__crt_win32_buffer_no_resizing@@@@QAEHI@Z 1000e206 f i libucrt:strftime.obj
 0001:0000d22d       ?allocate@?$__crt_win32_buffer@_WU__crt_win32_buffer_internal_dynamic_resizing@@@@QAEHI@Z 1000e22d f i libucrt:strftime.obj
 0001:0000d26c       ?allocate@__crt_win32_buffer_internal_dynamic_resizing@@SAHQAPAXIABV__crt_win32_buffer_empty_debug_info@@@Z 1000e26c f i libucrt:strftime.obj
 0001:0000d28b       ?set_to_nullptr@?$__crt_win32_buffer@DU__crt_win32_buffer_no_resizing@@@@QAEXXZ 1000e28b f i libucrt:strftime.obj
 0001:0000d29f       ___acrt_initialize_new_handler 1000e29f f   libucrt:new_handler.obj
 0001:0000d2ae       __callnewh                 1000e2ae f   libucrt:new_handler.obj
 0001:0000d2db       __query_new_handler        1000e2db f   libucrt:new_handler.obj
 0001:0000d337       __initterm                 1000e337 f   libucrt:initterm.obj
 0001:0000d37c       __initterm_e               1000e37c f   libucrt:initterm.obj
 0001:0000d3aa       __seh_filter_dll           1000e3aa f   libucrt:exception_filter.obj
 0001:0000d3ca       __seh_filter_exe           1000e3ca f   libucrt:exception_filter.obj
 0001:0000d798       ___acrt_initialize_thread_local_exit_callback 1000e798 f   libucrt:exit.obj
 0001:0000d7a7       __cexit                    1000e7a7 f   libucrt:exit.obj
 0001:0000d7b6       __exit                     1000e7b6 f   libucrt:exit.obj
 0001:0000d7cc       __is_c_termination_complete 1000e7cc f   libucrt:exit.obj
 0001:0000da80       ___acrt_allocate_buffer_for_argv 1000ea80 f   libucrt:argv_parsing.obj
 0001:0000dacf       __configure_narrow_argv    1000eacf f   libucrt:argv_parsing.obj
 0001:0000dc2c       ??$uninitialize@A6AXAAPAPAD@Z@?$dual_state_global@PAPAD@__crt_state_management@@QAEXA6AXAAPAPAD@Z@Z 1000ec2c f i libucrt:environment_initialization.obj
 0001:0000dc2c       ??$uninitialize@A6AXAAPAPA_W@Z@?$dual_state_global@PAPA_W@__crt_state_management@@QAEXA6AXAAPAPA_W@Z@Z 1000ec2c f i libucrt:environment_initialization.obj
 0001:0000dc8b       ___dcrt_uninitialize_environments_nolock 1000ec8b f   libucrt:environment_initialization.obj
 0001:0000dcc2       __initialize_narrow_environment 1000ecc2 f   libucrt:environment_initialization.obj
 0001:0000dd7d       ??$__crt_fast_encode_pointer@P6AHXZ@@YAP6AHXZQ6AHXZ@Z 1000ed7d f i libucrt:onexit.obj
 0001:0000dd7d       ??$__crt_fast_encode_pointer@P6GHPA_WKJ@Z@@YAP6GHPA_WKJ@ZQ6GH0KJ@Z@Z 1000ed7d f i libucrt:winapi_thunks.obj
 0001:0000df9f       __crt_atexit               1000ef9f f   libucrt:onexit.obj
 0001:0000dfb5       __execute_onexit_table     1000efb5 f   libucrt:onexit.obj
 0001:0000dfe2       __initialize_onexit_table  1000efe2 f   libucrt:onexit.obj
 0001:0000e00b       __register_onexit_function 1000f00b f   libucrt:onexit.obj
 0001:0000e139       ___acrt_initialize         1000f139 f   libucrt:initialization.obj
 0001:0000e14b       ___acrt_thread_attach      1000f14b f   libucrt:initialization.obj
 0001:0000e156       ___acrt_thread_detach      1000f156 f   libucrt:initialization.obj
 0001:0000e15e       ___acrt_uninitialize       1000f15e f   libucrt:initialization.obj
 0001:0000e18e       ___acrt_uninitialize_critical 1000f18e f   libucrt:initialization.obj
 0001:0000e1a0       _strcpy_s                  1000f1a0 f   libucrt:strcpy_s.obj
 0001:0000e1fa       _wcsncmp                   1000f1fa f   libucrt:wcsncmp.obj
 0001:0000e234       ??$is_overflow_condition@K@__crt_strtox@@YA_NIK@Z 1000f234 f i libucrt:atox.obj
 0001:0000e265       ??$parse_integer@KV?$c_string_character_source@_W@__crt_strtox@@@__crt_strtox@@YAKQAU__crt_locale_pointers@@V?$c_string_character_source@_W@0@H_N@Z 1000f265 f i libucrt:atox.obj
 0001:0000e86d       __wtol                     1000f86d f   libucrt:atox.obj
 0001:0000e890       _strncmp                   1000f890 f   libucrt:strncmp.obj
 0001:0000e908       __msize_base               1000f908 f   libucrt:msize.obj
 0001:0000ec79       ___acrt_freeptd            1000fc79 f   libucrt:per_thread_data.obj
 0001:0000eca5       ___acrt_getptd             1000fca5 f   libucrt:per_thread_data.obj
 0001:0000ed62       ___acrt_getptd_head        1000fd62 f   libucrt:per_thread_data.obj
 0001:0000edfc       ___acrt_getptd_noexit      1000fdfc f   libucrt:per_thread_data.obj
 0001:0000eeb1       ___acrt_initialize_ptd     1000feb1 f   libucrt:per_thread_data.obj
 0001:0000eedd       ___acrt_uninitialize_ptd   1000fedd f   libucrt:per_thread_data.obj
 0001:0000eef7       ___acrt_update_locale_info 1000fef7 f   libucrt:locale_update.obj
 0001:0000ef24       ___acrt_update_multibyte_info 1000ff24 f   libucrt:locale_update.obj
 0001:0000f052       ??0_expandlocale_locale_name_cache@@QAE@QA_WIQAU__crt_qualified_locale_data@@@Z 10010052 f i libucrt:wsetlocale.obj
 0001:0000f09c       ??1_expandlocale_locale_name_cache@@QAE@XZ 1001009c f i libucrt:wsetlocale.obj
 0001:0000f234       ?commit_locale_name@_expandlocale_locale_name_cache@@QAEXQB_WI@Z 10010234 f i libucrt:wsetlocale.obj
 0001:0000f278       ?commit_locale_name_cache_already_updated@_expandlocale_locale_name_cache@@QAEXQB_WI@Z 10010278 f i libucrt:wsetlocale.obj
 0001:0000f2ad       ___acrt_copy_locale_name   100102ad f   libucrt:wsetlocale.obj
 0001:0000f30d       ___acrt_set_locale_changed 1001030d f   libucrt:wsetlocale.obj
 0001:0000f318       ___acrt_uninitialize_locale 10010318 f   libucrt:wsetlocale.obj
 0001:0000f33f       ___lc_lctowcs              1001033f f   libucrt:wsetlocale.obj
 0001:0000f3af       ___lc_wcstolc              100103af f   libucrt:wsetlocale.obj
 0001:0000f8f4       __wcscats                  100108f4 f   libucrt:wsetlocale.obj
 0001:0000f935       __wsetlocale               10010935 f   libucrt:wsetlocale.obj
 0001:0001063a       __free_base                1001163a f   libucrt:free_base.obj
 0001:00010674       __calloc_base              10011674 f   libucrt:calloc_base.obj
 0001:000109f1       ___acrt_AppPolicyGetProcessTerminationMethodInternal@4 100119f1 f   libucrt:winapi_thunks.obj
 0001:00010a31       ___acrt_AreFileApisANSI@0  10011a31 f   libucrt:winapi_thunks.obj
 0001:00010a50       ___acrt_EnumSystemLocalesEx@16 10011a50 f   libucrt:winapi_thunks.obj
 0001:00010aa4       ___acrt_FlsAlloc@4         10011aa4 f   libucrt:winapi_thunks.obj
 0001:00010ae3       ___acrt_FlsFree@4          10011ae3 f   libucrt:winapi_thunks.obj
 0001:00010b22       ___acrt_FlsGetValue@4      10011b22 f   libucrt:winapi_thunks.obj
 0001:00010b61       ___acrt_FlsSetValue@8      10011b61 f   libucrt:winapi_thunks.obj
 0001:00010ba3       ___acrt_GetLocaleInfoEx@16 10011ba3 f   libucrt:winapi_thunks.obj
 0001:00010be2       ___acrt_GetUserDefaultLocaleName@8 10011be2 f   libucrt:winapi_thunks.obj
 0001:00010c1e       ___acrt_InitializeCriticalSectionEx@12 10011c1e f   libucrt:winapi_thunks.obj
 0001:00010c69       ___acrt_IsValidLocaleName@4 10011c69 f   libucrt:winapi_thunks.obj
 0001:00010ca1       ___acrt_LCIDToLocaleName@16 10011ca1 f   libucrt:winapi_thunks.obj
 0001:00010ce0       ___acrt_LCMapStringEx@36   10011ce0 f   libucrt:winapi_thunks.obj
 0001:00010d3d       ___acrt_LocaleNameToLCID@8 10011d3d f   libucrt:winapi_thunks.obj
 0001:00010d6e       ___acrt_can_use_vista_locale_apis 10011d6e f   libucrt:winapi_thunks.obj
 0001:00010d79       ___acrt_eagerly_load_locale_apis 10011d79 f   libucrt:winapi_thunks.obj
 0001:00010db0       ___acrt_initialize_winapi_thunks 10011db0 f   libucrt:winapi_thunks.obj
 0001:00010ddb       ___acrt_uninitialize_winapi_thunks 10011ddb f   libucrt:winapi_thunks.obj
 0001:00010e11       __fcloseall                10011e11 f   libucrt:closeall.obj
 0001:00010ebc       ___acrt_stdio_free_buffer_nolock 10011ebc f   libucrt:_freebuf.obj
 0001:00011066       ___acrt_initialize_lowio   10012066 f   libucrt:ioinit.obj
 0001:000110c6       ___acrt_uninitialize_lowio 100120c6 f   libucrt:ioinit.obj
 0001:0001117e       __close                    1001217e f   libucrt:close.obj
 0001:0001120b       __close_nolock             1001220b f   libucrt:close.obj
 0001:000112a7       __fileno                   100122a7 f   libucrt:fileno.obj
 0001:000112ce       ?__acrt_stdio_free_stream@@YAXV__crt_stdio_stream@@@Z 100122ce f   libucrt:stream.obj
 0001:000113ab       __commit                   100123ab f   libucrt:commit.obj
 0001:00011ba1       __write                    10012ba1 f   libucrt:write.obj
 0001:00011c93       __write_nolock             10012c93 f   libucrt:write.obj
 0001:00011fff       ___acrt_stdio_refill_and_read_narrow_nolock 10012fff f   libucrt:_filbuf.obj
 0001:000125e4       __ftelli64                 100135e4 f   libucrt:ftell.obj
 0001:000125ef       __ftelli64_nolock          100135ef f   libucrt:ftell.obj
 0001:00012860       ___acrt_stdio_flush_and_write_narrow_nolock 10013860 f   libucrt:_flsbuf.obj
 0001:00012d6f       __read                     10013d6f f   libucrt:read.obj
 0001:00012e83       __read_nolock              10013e83 f   libucrt:read.obj
 0001:000133bb       __lseeki64                 100143bb f   libucrt:lseek.obj
 0001:000133d6       __lseeki64_nolock          100143d6 f   libucrt:lseek.obj
 0001:000133f1       ___acrt_stdio_begin_temporary_buffering_nolock 100143f1 f   libucrt:_sftbuf.obj
 0001:000134a4       ___acrt_stdio_end_temporary_buffering_nolock 100144a4 f   libucrt:_sftbuf.obj
 0001:000134de       __malloc_base              100144de f   libucrt:malloc_base.obj
 0001:0001352c       ___acrt_stdio_allocate_buffer_nolock 1001452c f   libucrt:_getbuf.obj
 0001:00013585       __isctype_l                10014585 f   libucrt:isctype.obj
 0001:0001372f       ___acrt_GetLocaleInfoA     1001472f f   libucrt:getlocaleinfoa.obj
 0001:000138df       ___acrt_GetStringTypeA     100148df f   libucrt:getstringtypea.obj
 0001:00013bcc       ___acrt_LCMapStringA       10014bcc f   libucrt:lcmapstringa.obj
 0001:00013db8       __mbstowcs_s_l             10014db8 f   libucrt:mbstowcs.obj
 0001:00013e98       _mbstowcs_s                10014e98 f   libucrt:mbstowcs.obj
 0001:00014161       __wcstombs_s_l             10015161 f   libucrt:wcstombs.obj
 0001:000142fa       ___acrt_get_sigabrt_handler 100152fa f   libucrt:signal.obj
 0001:00014321       ___acrt_initialize_signal_handlers 10015321 f   libucrt:signal.obj
 0001:0001433f       ___fpecode                 1001533f f   libucrt:signal.obj
 0001:00014348       _raise                     10015348 f   libucrt:signal.obj
 0001:00014543       __realloc_base             10015543 f   libucrt:realloc_base.obj
 0001:000145ac       _iswctype                  100155ac f   libucrt:iswctype.obj
 0001:00014615       __errcode                  10015615 f   libucrt:fpexcept.obj
 0001:00014649       __except1                  10015649 f   libucrt:fpexcept.obj
 0001:00014717       __handle_exc               10015717 f   libucrt:fpexcept.obj
 0001:00014902       __raise_exc                10015902 f   libucrt:fpexcept.obj
 0001:00014925       __raise_exc_ex             10015925 f   libucrt:fpexcept.obj
 0001:00014c1b       __set_errno_from_matherr   10015c1b f   libucrt:fpexcept.obj
 0001:00014c4a       __umatherr                 10015c4a f   libucrt:fpexcept.obj
 0001:00014cea       __decomp                   10015cea f   libucrt:util.obj
 0001:00014dbc       __set_exp                  10015dbc f   libucrt:util.obj
 0001:00014de9       __sptype                   10015de9 f   libucrt:util.obj
 0001:00014e47       __clrfp                    10015e47 f   libucrt:fpctrl.obj
 0001:00014e58       __ctrlfp                   10015e58 f   libucrt:fpctrl.obj
 0001:00014e82       __set_statfp               10015e82 f   libucrt:fpctrl.obj
 0001:00014edb       __statfp                   10015edb f   libucrt:fpctrl.obj
 0001:00014eeb       __fpclass                  10015eeb f   libucrt:ieeemisc.obj
 0001:00014f8f       __mbtowc_l                 10015f8f f   libucrt:mbtowc.obj
 0001:000150d1       _mbtowc                    100160d1 f   libucrt:mbtowc.obj
 0001:000150eb       ___acrt_initialize_sse2    100160eb f   libucrt:mathfcns.obj
 0001:00015100       __CIpow_pentium4           10016100 f   libucrt:pow_pentium4.obj
 0001:00015119       __pow_pentium4             10016119     libucrt:pow_pentium4.obj
 0001:00015c40       __fFEXP                    10016c40 f   libucrt:87tran.obj
 0001:00015c97       __rtinfpopse               10016c97     libucrt:87tran.obj
 0001:00015c99       __rtinfnpopse              10016c99     libucrt:87tran.obj
 0001:00015ca9       __fFLN                     10016ca9     libucrt:87tran.obj
 0001:00015d5e       __rtinfpop                 10016d5e     libucrt:87tran.obj
 0001:00015d60       __rtinfnpop                10016d60     libucrt:87tran.obj
 0001:00015d70       __rtforexpinf              10016d70 f   libucrt:87tran.obj
 0001:00015d7d       __ffexpm1                  10016d7d     libucrt:87tran.obj
 0001:00015e30       __trandisp1                10016e30 f   libucrt:87disp.obj
 0001:00015ea5       __trandisp2                10016ea5 f   libucrt:87disp.obj
 0001:00015f3f       __rttospopde               10016f3f     libucrt:87disp.obj
 0001:00015f44       __rttospop                 10016f44     libucrt:87disp.obj
 0001:00015f50       __rtnospop                 10016f50 f   libucrt:87disp.obj
 0001:00015f60       __rttosnpop                10016f60 f   libucrt:87disp.obj
 0001:00015f61       __rtnospopde               10016f61     libucrt:87disp.obj
 0001:00015f68       __rtzeropop                10016f68     libucrt:87disp.obj
 0001:00015f6a       __rtzeronpop               10016f6a     libucrt:87disp.obj
 0001:00015f70       __rtzerospop               10016f70 f   libucrt:87disp.obj
 0001:00015f7d       __rtonepop                 10016f7d     libucrt:87disp.obj
 0001:00015f80       __rtonenpop                10016f80 f   libucrt:87disp.obj
 0001:00015f90       __tosnan1                  10016f90 f   libucrt:87disp.obj
 0001:00015fc0       __nosnan2                  10016fc0 f   libucrt:87disp.obj
 0001:00015fd0       __tosnan2                  10016fd0 f   libucrt:87disp.obj
 0001:00016000       __nan2                     10017000 f   libucrt:87disp.obj
 0001:00016040       __rtindfpop                10017040 f   libucrt:87disp.obj
 0001:00016042       __rtindfnpop               10017042     libucrt:87disp.obj
 0001:00016053       __rttosnpopde              10017053     libucrt:87disp.obj
 0001:00016060       __rtatan2inf               10017060 f   libucrt:87disp.obj
 0001:0001607d       __rtchsifneg               1001707d     libucrt:87disp.obj
 0001:00016090       __startTwoArgErrorHandling 10017090 f   libucrt:genexcep.obj
 0001:000160a7       __startOneArgErrorHandling 100170a7 f   libucrt:genexcep.obj
 0001:000160f0       __twoToTOS                 100170f0 f   libucrt:common.obj
 0001:00016105       __load_CW                  10017105 f   libucrt:common.obj
 0001:0001611c       __convertTOStoQNaN         1001711c f   libucrt:common.obj
 0001:00016135       __fload_withFB             10017135 f   libucrt:common.obj
 0001:00016178       __checkTOS_withFB          10017178 f   libucrt:common.obj
 0001:0001618e       __fast_exit                1001718e f   libucrt:common.obj
 0001:0001619b       __math_exit                1001719b f   libucrt:common.obj
 0001:000161c5       __check_overflow_exit      100171c5 f   libucrt:common.obj
 0001:000161d9       __check_range_exit         100171d9 f   libucrt:common.obj
 0001:0001627c       __d_inttype                1001727c f   libucrt:powhlp.obj
 0001:000162e4       __powhlp                   100172e4 f   libucrt:powhlp.obj
 0001:0001640f       ___acrt_MultiByteToWideChar 1001740f f   libucrt:multibytetowidechar.obj
 0001:0001648b       ___acrt_WideCharToMultiByte 1001748b f   libucrt:widechartomultibyte.obj
 0001:00016538       ___ascii_wcsicmp           10017538 f   libucrt:wcsicmp.obj
 0001:00016575       __towlower_internal        10017575 f i libucrt:wcsicmp.obj
 0001:000165b4       __wcsicmp                  100175b4 f   libucrt:wcsicmp.obj
 0001:000165fd       __wcsicmp_l                100175fd f   libucrt:wcsicmp.obj
 0001:000166b5       ___acrt_initialize_timeset 100176b5 f   libucrt:timeset.obj
 0001:000166e0       __isleadbyte_l             100176e0 f i libucrt:_wctype.obj
 0001:0001671a       ___acrt_get_process_end_policy 1001771a f   libucrt:win_policies.obj
 0001:00016d29       ?__acrt_get_utf8_acp_compatibility_codepage@@YAIXZ 10017d29 f i libucrt:argv_wildcards.obj
 0001:00016d68       ?allocate@?$__crt_win32_buffer@DU__crt_win32_buffer_internal_dynamic_resizing@@@@QAEHI@Z 10017d68 f i libucrt:argv_wildcards.obj
 0001:00016e2b       ___acrt_expand_narrow_argv_wildcards 10017e2b f   libucrt:argv_wildcards.obj
 0001:00016efd       ___acrt_GetModuleFileNameA 10017efd f   libucrt:getmodulefilenamea.obj
 0001:000174bc       ___acrt_initialize_multibyte 100184bc f   libucrt:mbctype.obj
 0001:00017504       ___acrt_update_thread_multibyte_data 10018504 f   libucrt:mbctype.obj
 0001:00017517       __setmbcp_nolock           10018517 f   libucrt:mbctype.obj
 0001:00017761       __ismbblead                10018761 f   libucrt:ismbbyte.obj
 0001:00017779       ___acrt_initialize_command_line 10018779 f   libucrt:argv_data.obj
 0001:000177c9       ___dcrt_get_narrow_environment_from_os 100187c9 f   libucrt:get_environment_from_os.obj
 0001:0001784d       __recalloc_base            1001884d f   libucrt:recalloc.obj
 0001:000178ba       ___acrt_initialize_heap    100188ba f   libucrt:heap_handle.obj
 0001:000178cb       ___acrt_uninitialize_heap  100188cb f   libucrt:heap_handle.obj
 0001:000178d5       ___acrt_execute_initializers 100188d5 f   libucrt:shared_initialization.obj
 0001:0001793d       ___acrt_execute_uninitializers 1001893d f   libucrt:shared_initialization.obj
 0001:0001796e       ___acrt_has_user_matherr   1001896e f   libucrt:matherr.obj
 0001:00017986       ___acrt_initialize_user_matherr 10018986 f   libucrt:matherr.obj
 0001:00017995       ___acrt_invoke_user_matherr 10018995 f   libucrt:matherr.obj
 0001:000179c7       ___acrt_add_locale_ref     100189c7 f   libucrt:locale_refcounting.obj
 0001:00017a44       ___acrt_free_locale        10018a44 f   libucrt:locale_refcounting.obj
 0001:00017b8c       ___acrt_locale_add_lc_time_reference 10018b8c f   libucrt:locale_refcounting.obj
 0001:00017bb5       ___acrt_locale_free_lc_time_if_unreferenced 10018bb5 f   libucrt:locale_refcounting.obj
 0001:00017be6       ___acrt_locale_release_lc_time_reference 10018be6 f   libucrt:locale_refcounting.obj
 0001:00017c0f       ___acrt_release_locale_ref 10018c0f f   libucrt:locale_refcounting.obj
 0001:00017c90       ___acrt_update_thread_locale_data 10018c90 f   libucrt:locale_refcounting.obj
 0001:00017d11       __updatetlocinfoEx_nolock  10018d11 f   libucrt:locale_refcounting.obj
 0001:00017d61       ___acrt_locale_free_monetary 10018d61 f   libucrt:initmon.obj
 0001:00017e5f       ___acrt_locale_initialize_monetary 10018e5f f   libucrt:initmon.obj
 0001:00018216       ___acrt_locale_free_numeric 10019216 f   libucrt:initnum.obj
 0001:0001827f       ___acrt_locale_initialize_numeric 1001927f f   libucrt:initnum.obj
 0001:00018742       ___acrt_locale_free_time   10019742 f   libucrt:inittime.obj
 0001:00018826       ___acrt_locale_initialize_time 10019826 f   libucrt:inittime.obj
 0001:000188a1       _wcscat_s                  100198a1 f   libucrt:wcscat_s.obj
 0001:000189fd       _wcsncat_s                 100199fd f   libucrt:wcsncat_s.obj
 0001:00018ad3       _wcsncpy_s                 10019ad3 f   libucrt:wcsncpy_s.obj
 0001:00018ade       _wcscspn                   10019ade f   libucrt:wcscspn.obj
 0001:00018b37       _wcspbrk                   10019b37 f   libucrt:wcspbrk.obj
 0001:00019281       ___acrt_get_qualified_locale 1001a281 f   libucrt:get_qualified_locale.obj
 0001:00019be2       ___acrt_get_qualified_locale_downlevel 1001abe2 f   libucrt:getqloc_downlevel.obj
 0001:00019dd7       __query_new_mode           1001add7 f   libucrt:new_mode.obj
 0001:00019e2e       ___acrt_DownlevelLCIDToLocaleName 1001ae2e f   libucrt:lcidtoname_downlevel.obj
 0001:00019ed8       ___acrt_DownlevelLocaleNameToLCID 1001aed8 f   libucrt:lcidtoname_downlevel.obj
 0001:00019f04       ___acrt_lowio_create_handle_array 1001af04 f   libucrt:osfinfo.obj
 0001:00019f7f       ___acrt_lowio_destroy_handle_array 1001af7f f   libucrt:osfinfo.obj
 0001:00019fb7       ___acrt_lowio_ensure_fh_exists 1001afb7 f   libucrt:osfinfo.obj
 0001:0001a055       ___acrt_lowio_lock_fh      1001b055 f   libucrt:osfinfo.obj
 0001:0001a078       ___acrt_lowio_unlock_fh    1001b078 f   libucrt:osfinfo.obj
 0001:0001a09b       __free_osfhnd              1001b09b f   libucrt:osfinfo.obj
 0001:0001a12c       __get_osfhandle            1001b12c f   libucrt:osfinfo.obj
 0001:0001a196       __isatty                   1001b196 f   libucrt:isatty.obj
 0001:0001a218       ?__mbrtowc_utf8@__crt_mbstring@@YAIPA_WPBDIPAU_Mbstatet@@@Z 1001b218 f   libucrt:mbrtowc.obj
 0001:0001a258       ?__mbsrtowcs_utf8@__crt_mbstring@@YAIPA_WPAPBDIPAU_Mbstatet@@@Z 1001b258 f   libucrt:mbrtowc.obj
 0001:0001a353       __putwch_nolock            1001b353 f   libucrt:putwch.obj
 0001:0001a438       _strncpy_s                 1001b438 f   libucrt:strncpy_s.obj
 0001:0001a443       ?__wcsrtombs_utf8@__crt_mbstring@@YAIPADPAPB_WIPAU_Mbstatet@@@Z 1001b443 f   libucrt:wcrtomb.obj
 0001:0001a541       ___acrt_GetStringTypeW     1001b541 f   libucrt:getstringtypew.obj
 0001:0001a55a       ?__c32rtomb_utf8@__crt_mbstring@@YAIPAD_UPAU_Mbstatet@@@Z 1001b55a f   libucrt:c32rtomb.obj
 0001:0001a605       ?return_illegal_sequence@__crt_mbstring@@YAIPAU_Mbstatet@@@Z 1001b605 f i libucrt:c32rtomb.obj
 0001:0001a624       _c32rtomb                  1001b624 f   libucrt:c32rtomb.obj
 0001:0001a62f       ___libm_error_support      1001b62f f   libucrt:libm_error.obj
 0001:0001a823       __87except                 1001b823 f   libucrt:87except.obj
 0001:0001a92d       __frnd                     1001b92d f   libucrt:frnd.obj
 0001:0001a941       __towlower_l               1001b941 f   libucrt:towlower.obj
 0001:0001aa30       _qsort                     1001ba30 f   libucrt:qsort.obj
 0001:0001ae80       _strpbrk                   1001be80 f   libucrt:strpbrk.obj
 0001:0001aec0       __mbsdec                   1001bec0 f   libucrt:mbsdec.obj
 0001:0001aed7       __mbsdec_l                 1001bed7 f   libucrt:mbsdec.obj
 0001:0001b098       __itow_s                   1001c098 f   libucrt:xtoa.obj
 0001:0001b0cb       ___ascii_wcsnicmp          1001c0cb f   libucrt:wcsnicmp.obj
 0001:0001b11a       __wcsnicmp                 1001c11a f   libucrt:wcsnicmp.obj
 0001:0001b166       __wcsnicmp_l               1001c166 f   libucrt:wcsnicmp.obj
 0001:0001b239       __query_app_type           1001c239 f   libucrt:report_runtime_error.obj
 0001:0001b23f       ?__mbrtoc32_utf8@__crt_mbstring@@YAIPA_UPBDIPAU_Mbstatet@@@Z 1001c23f f   libucrt:mbrtoc32.obj
 0001:0001b405       ___dcrt_lowio_ensure_console_output_initialized 1001c405 f   libucrt:initcon.obj
 0001:0001b424       ___dcrt_terminate_console_output 1001c424 f   libucrt:initcon.obj
 0001:0001b43b       ___dcrt_write_console      1001c43b f   libucrt:initcon.obj
 0001:0001b490       ?__c16rtomb_utf8@__crt_mbstring@@YAIPAD_SPAU_Mbstatet@@@Z 1001c490 f   libucrt:c16rtomb.obj
 0001:0001b530       __CIlog10                  1001c530 f   libucrt:log10_impl.obj
 0001:0001b56b       __CIlog10_default          1001c56b f   libucrt:log10_impl.obj
 0001:0001b57f       __log10_default            1001c57f     libucrt:log10_impl.obj
 0001:0001b640       _ceil                      1001c640 f   libucrt:ceil_pentium4.obj
 0001:0001b680       __ceil_pentium4            1001c680 f   libucrt:ceil_pentium4.obj
 0001:0001b75d       ___acrt_LCMapStringW       1001c75d f   libucrt:lcmapstringw.obj
 0001:0001b7a0       __CIlog10_pentium4         1001c7a0 f   libucrt:log10_pentium4.obj
 0001:0001b7b8       __log10_pentium4           1001c7b8     libucrt:log10_pentium4.obj
 0001:0001ba30       __ceil_default             1001ca30 f   libucrt:ceil.obj
 0001:0001baf0       ___ascii_strnicmp          1001caf0 f   libucrt:_strnicm.obj
 0001:0001bb51       _IsProcessorFeaturePresent@4 1001cb51 f   kernel32:KERNEL32.dll
 0001:0001bb57       ?DloadAcquireSectionWriteAccess@@YGXXZ 1001cb57 f i DelayImp:delayhlp.obj
 0001:0001bb8a       ?DloadGetSRWLockFunctionPointers@@YGEXZ 1001cb8a f i DelayImp:delayhlp.obj
 0001:0001bbfd       ?DloadLock@@YGXXZ          1001cbfd f i DelayImp:delayhlp.obj
 0001:0001bc3c       ?DloadMakePermanentImageCommit@@YGXPAXK@Z 1001cc3c f i DelayImp:delayhlp.obj
 0001:0001bcab       ?DloadObtainSection@@YGPAXPAK0@Z 1001ccab f i DelayImp:delayhlp.obj
 0001:0001bd26       ?DloadProtectSection@@YGXKPAK@Z 1001cd26 f i DelayImp:delayhlp.obj
 0001:0001bd94       ?DloadReleaseSectionWriteAccess@@YGXXZ 1001cd94 f i DelayImp:delayhlp.obj
 0001:0001bdca       ?DloadUnlock@@YGXXZ        1001cdca f i DelayImp:delayhlp.obj
 0001:0001bdf9       ___delayLoadHelper2@8      1001cdf9 f   DelayImp:delayhlp.obj
 0001:0001c070       __FindPESection            1001d070 f   LIBCMT:pesect.obj
 0001:0001c0c0       __IsNonwritableInCurrentImage 1001d0c0 f   LIBCMT:pesect.obj
 0001:0001c180       __ValidateImageBase        1001d180 f   LIBCMT:pesect.obj
 0001:0001c1c0       __aulldvrm                 1001d1c0 f   LIBCMT:ulldvrm.obj
 0001:0001c260       __allshl                   1001d260 f   LIBCMT:llshl.obj
 0001:0001c280       __aullshr                  1001d280 f   LIBCMT:ullshr.obj
 0001:0001c2a0       __alldiv                   1001d2a0 f   LIBCMT:lldiv.obj
 0001:0001c350       __alldvrm                  1001d350 f   LIBCMT:lldvrm.obj
 0001:0001c430       __ftol2_sse                1001d430 f   LIBCMT:ftol2.obj
 0001:0001c439       __ftol2_pentium4           1001d439 f   LIBCMT:ftol2.obj
 0001:0001c44c       __ftol2_sse_excpt          1001d44c f   LIBCMT:ftol2.obj
 0001:0001c470       __ftol2                    1001d470 f   LIBCMT:ftol2.obj
 0001:0001c4f0       _strrchr                   1001d4f0 f   libvcruntime:strrchr.obj
 0001:0001c630       _strchr                    1001d630 f   libvcruntime:strchr.obj
 0001:0001c69e       ___from_strstr_to_strchr   1001d69e     libvcruntime:strchr.obj
 0001:0001c75b       _wcschr                    1001d75b f   libvcruntime:wcschr.obj
 0002:00000000       __imp__VirtualQuery@12     1001e000     kernel32:KERNEL32.dll
 0002:00000004       __imp__VirtualProtect@16   1001e004     kernel32:KERNEL32.dll
 0002:00000008       __imp__GetSystemInfo@4     1001e008     kernel32:KERNEL32.dll
 0002:0000000c       __imp__WriteConsoleW@20    1001e00c     kernel32:KERNEL32.dll
 0002:00000010       __imp__CreateFileW@28      1001e010     kernel32:KERNEL32.dll
 0002:00000014       __imp__SetStdHandle@8      1001e014     kernel32:KERNEL32.dll
 0002:00000018       __imp__GetProcessHeap@0    1001e018     kernel32:KERNEL32.dll
 0002:0000001c       __imp__FreeEnvironmentStringsW@4 1001e01c     kernel32:KERNEL32.dll
 0002:00000020       __imp__GetEnvironmentStringsW@0 1001e020     kernel32:KERNEL32.dll
 0002:00000024       __imp__GetCommandLineW@0   1001e024     kernel32:KERNEL32.dll
 0002:00000028       __imp__GetCommandLineA@0   1001e028     kernel32:KERNEL32.dll
 0002:0000002c       __imp__GetOEMCP@0          1001e02c     kernel32:KERNEL32.dll
 0002:00000030       __imp__GetACP@0            1001e030     kernel32:KERNEL32.dll
 0002:00000034       __imp__IsValidCodePage@4   1001e034     kernel32:KERNEL32.dll
 0002:00000038       __imp__FindNextFileW@8     1001e038     kernel32:KERNEL32.dll
 0002:0000003c       __imp__FindFirstFileExW@24 1001e03c     kernel32:KERNEL32.dll
 0002:00000040       __imp__FindClose@4         1001e040     kernel32:KERNEL32.dll
 0002:00000044       __imp__ReadConsoleW@20     1001e044     kernel32:KERNEL32.dll
 0002:00000048       __imp__SetFilePointerEx@20 1001e048     kernel32:KERNEL32.dll
 0002:0000004c       __imp__GetFileSizeEx@8     1001e04c     kernel32:KERNEL32.dll
 0002:00000050       __imp__ReadFile@20         1001e050     kernel32:KERNEL32.dll
 0002:00000054       __imp__GetConsoleMode@8    1001e054     kernel32:KERNEL32.dll
 0002:00000058       __imp__GetConsoleCP@0      1001e058     kernel32:KERNEL32.dll
 0002:0000005c       __imp__WriteFile@20        1001e05c     kernel32:KERNEL32.dll
 0002:00000060       __imp__FlushFileBuffers@4  1001e060     kernel32:KERNEL32.dll
 0002:00000064       __imp__CloseHandle@4       1001e064     kernel32:KERNEL32.dll
 0002:00000068       __imp__GetFileType@4       1001e068     kernel32:KERNEL32.dll
 0002:0000006c       __imp__GetStdHandle@4      1001e06c     kernel32:KERNEL32.dll
 0002:00000070       __imp__EnumSystemLocalesW@8 1001e070     kernel32:KERNEL32.dll
 0002:00000074       __imp__GetUserDefaultLCID@0 1001e074     kernel32:KERNEL32.dll
 0002:00000078       __imp__IsValidLocale@8     1001e078     kernel32:KERNEL32.dll
 0002:0000007c       __imp__HeapAlloc@12        1001e07c     kernel32:KERNEL32.dll
 0002:00000080       __imp__HeapFree@12         1001e080     kernel32:KERNEL32.dll
 0002:00000084       __imp__GetModuleFileNameA@12 1001e084     kernel32:KERNEL32.dll
 0002:00000088       __imp__GetModuleHandleA@4  1001e088     kernel32:KERNEL32.dll
 0002:0000008c       __imp__HeapSize@12         1001e08c     kernel32:KERNEL32.dll
 0002:00000090       __imp__HeapReAlloc@16      1001e090     kernel32:KERNEL32.dll
 0002:00000094       __imp__GetModuleFileNameW@12 1001e094     kernel32:KERNEL32.dll
 0002:00000098       __imp__GetLastError@0      1001e098     kernel32:KERNEL32.dll
 0002:0000009c       __imp__WideCharToMultiByte@32 1001e09c     kernel32:KERNEL32.dll
 0002:000000a0       __imp__SetLastError@4      1001e0a0     kernel32:KERNEL32.dll
 0002:000000a4       __imp__InitializeCriticalSectionAndSpinCount@8 1001e0a4     kernel32:KERNEL32.dll
[...]
 0002:0000ca58       __sehtable$?dllmain_crt_process_attach@@YAHQAUHINSTANCE__@@QAX@Z 1002aa58     LIBCMT:dll_dllmain.obj
 0002:0000ca78       __sehtable$?dllmain_crt_process_detach@@YAH_N@Z 1002aa78     LIBCMT:dll_dllmain.obj
 0002:0000ca98       __sehtable$?dllmain_dispatch@@YAHQAUHINSTANCE__@@KQAX@Z 1002aa98     LIBCMT:dll_dllmain.obj
 0002:0000cab8       __sehtable$___scrt_is_nonwritable_in_current_image 1002aab8     LIBCMT:utility.obj
 0002:0000cb10       __sehtable$___DestructExceptionObject 1002ab10     libvcruntime:ehhelpers.obj
 0002:0000cb30       __sehtable$?FrameUnwindToState@__FrameHandler3@@SAXPAUEHRegistrationNode@@PAXPBU_s_FuncInfo@@H@Z 1002ab30     libvcruntime:frame.obj
 0002:0000cb58       __sehtable$?CallCatchBlock@@YAPAXPAUEHExceptionRecord@@PAUEHRegistrationNode@@PAU_CONTEXT@@PBU_s_FuncInfo@@PAXHK@Z 1002ab58     libvcruntime:frame.obj
 0002:0000cb80       __catchsym$?CallUnexpected@@YAXPBU_s_ESTypeList@@@Z$2 1002ab80     libvcruntime:frame.obj
 0002:0000cb90       __unwindtable$?CallUnexpected@@YAXPBU_s_ESTypeList@@@Z 1002ab90     libvcruntime:frame.obj
 0002:0000cba0       __tryblocktable$?CallUnexpected@@YAXPBU_s_ESTypeList@@@Z 1002aba0     libvcruntime:frame.obj
 0002:0000cbb4       __ehfuncinfo$?CallUnexpected@@YAXPBU_s_ESTypeList@@@Z 1002abb4     libvcruntime:frame.obj
 0002:0000cbd8       __sehtable$??$BuildCatchObjectHelperInternal@V__FrameHandler3@@@@YAHPAUEHExceptionRecord@@PAXPBU_s_HandlerType@@PBU_s_CatchableType@@@Z 1002abd8     libvcruntime:frame.obj
 0002:0000cbf8       __sehtable$??$BuildCatchObjectInternal@V__FrameHandler3@@@@YAXPAUEHExceptionRecord@@PAXPBU_s_HandlerType@@PBU_s_CatchableType@@@Z 1002abf8     libvcruntime:frame.obj
 0002:0000cc50       __sehtable$_terminate      1002ac50     libucrt:terminate.obj
 0002:0000cc70       __sehtable$_fclose         1002ac70     libucrt:fclose.obj
 0002:0000cc90       __sehtable$??$?RV<lambda_2866be3712abc81a800a822484c830d8>@@AAV<lambda_39ca0ed439415581b5b15c265174cece>@@V<lambda_2b24c74d71094a6cd0cb82e44167d71b>@@@?$__crt_seh_guarded_call@X@@QAEX$$QAV<lambda_2866be3712abc81a800a822484c830d8>@@AAV<lambda_39ca0ed439415581b5b15c265174cece>@@$$QAV<lambda_2b24c74d71094a6cd0cb82e44167d71b>@@@Z 1002ac90     libucrt:fflush.obj
 0002:0000ccb0       __sehtable$??$?RV<lambda_2cc53f568c5a2bb6f192f930a45d44ea>@@AAV<lambda_ab61a845afdef5b7c387490eaf3616ee>@@V<lambda_c2ffc0b7726aa6be21d5f0026187e748>@@@?$__crt_seh_guarded_call@X@@QAEX$$QAV<lambda_2cc53f568c5a2bb6f192f930a45d44ea>@@AAV<lambda_ab61a845afdef5b7c387490eaf3616ee>@@$$QAV<lambda_c2ffc0b7726aa6be21d5f0026187e748>@@@Z 1002acb0     libucrt:fflush.obj
 0002:0000ccd0       __sehtable$??$?RV<lambda_6d20deecaf4856105ebacbad442d1079>@@AAV<lambda_9a32fed5bf61b6b509b2d3f6003082a1>@@V<lambda_63ea2239ed67c638ddbae41947fdf875>@@@?$__crt_seh_guarded_call@H@@QAEH$$QAV<lambda_6d20deecaf4856105ebacbad442d1079>@@AAV<lambda_9a32fed5bf61b6b509b2d3f6003082a1>@@$$QAV<lambda_63ea2239ed67c638ddbae41947fdf875>@@@Z 1002acd0     libucrt:fflush.obj
 0002:0000ccf0       __sehtable$_fgetc          1002acf0     libucrt:fgetc.obj
 0002:0000cd10       __sehtable$_fputc          1002ad10     libucrt:fputc.obj
 0002:0000cd30       __sehtable$_fread_s        1002ad30     libucrt:fread.obj
 0002:0000cd50       __sehtable$?common_fseek@@YAHV__crt_stdio_stream@@_JH@Z 1002ad50     libucrt:fseek.obj
 0002:0000cd70       __sehtable$??$?RV<lambda_4ac01c32aa5b53846f05d0620572872e>@@AAV<lambda_5856287d7ecd2be6c9197bb4007c3f6e>@@V<lambda_e7a9868ed898c75c0f0637692d94351a>@@@?$__crt_seh_guarded_call@I@@QAEI$$QAV<lambda_4ac01c32aa5b53846f05d0620572872e>@@AAV<lambda_5856287d7ecd2be6c9197bb4007c3f6e>@@$$QAV<lambda_e7a9868ed898c75c0f0637692d94351a>@@@Z 1002ad70     libucrt:fwrite.obj
 0002:0000cd90       __sehtable$??$?RV<lambda_70c0770dcc4f6ec6272bb01dc82d3c91>@@AAV<lambda_ca71763b3c0644891230e4f79ea54fa6>@@V<lambda_ca266f0f09348b8765c113e3a39a2bc1>@@@?$__crt_seh_guarded_call@H@@QAEH$$QAV<lambda_70c0770dcc4f6ec6272bb01dc82d3c91>@@AAV<lambda_ca71763b3c0644891230e4f79ea54fa6>@@$$QAV<lambda_ca266f0f09348b8765c113e3a39a2bc1>@@@Z 1002ad90     libucrt:setvbuf.obj
 0002:0000cdb0       __sehtable$_ungetc         1002adb0     libucrt:ungetc.obj
 0002:0000cdd0       __sehtable$??$?RV<lambda_646e26742ed01d5bc03234f44bb6d3d3>@@AAV<lambda_b37934c380d97b75fd242ea49540127a>@@V<lambda_bbd9d45274666fbb50f81a29ad795c13>@@@?$__crt_seh_guarded_call@PAD@@QAEPAD$$QAV<lambda_646e26742ed01d5bc03234f44bb6d3d3>@@AAV<lambda_b37934c380d97b75fd242ea49540127a>@@$$QAV<lambda_bbd9d45274666fbb50f81a29ad795c13>@@@Z 1002add0     libucrt:setlocale.obj
 0002:0000cdf0       __sehtable$__query_new_handler 1002adf0     libucrt:new_handler.obj
 0002:0000ce10       __sehtable$??R<lambda_6e4b09c48022b2350581041d5f6b0c4c>@@QBE@XZ 1002ae10     libucrt:exit.obj
 0002:0000ce30       __sehtable$??$?RV<lambda_03b1d95aef87969028cfba75ccab2455>@@AAV<lambda_6e4b09c48022b2350581041d5f6b0c4c>@@V<lambda_22bdf7517842c4b3e53723af5aa32b9e>@@@?$__crt_seh_guarded_call@X@@QAEX$$QAV<lambda_03b1d95aef87969028cfba75ccab2455>@@AAV<lambda_6e4b09c48022b2350581041d5f6b0c4c>@@$$QAV<lambda_22bdf7517842c4b3e53723af5aa32b9e>@@@Z 1002ae30     libucrt:exit.obj
 0002:0000ce50       __sehtable$??$?RV<lambda_8e746cf0007f6ed984d6f78af1fec997>@@AAV<lambda_22ebabd17bc4fa466a2aca6d8deb888d>@@V<lambda_18ed0c0b38a6dc0daf1e7ac6d6adf05e>@@@?$__crt_seh_guarded_call@H@@QAEH$$QAV<lambda_8e746cf0007f6ed984d6f78af1fec997>@@AAV<lambda_22ebabd17bc4fa466a2aca6d8deb888d>@@$$QAV<lambda_18ed0c0b38a6dc0daf1e7ac6d6adf05e>@@@Z 1002ae50     libucrt:onexit.obj
 0002:0000ce70       __sehtable$??$?RV<lambda_69a2805e680e0e292e8ba93315fe43a8>@@AAV<lambda_f03950bc5685219e0bcd2087efbe011e>@@V<lambda_03fcd07e894ec930e3f35da366ca99d6>@@@?$__crt_seh_guarded_call@H@@QAEH$$QAV<lambda_69a2805e680e0e292e8ba93315fe43a8>@@AAV<lambda_f03950bc5685219e0bcd2087efbe011e>@@$$QAV<lambda_03fcd07e894ec930e3f35da366ca99d6>@@@Z 1002ae70     libucrt:onexit.obj
 0002:0000ce90       __sehtable$??$?RV<lambda_15ade71b0218206bbe3333a0c9b79046>@@AAV<lambda_da44e0f8b0f19ba52fefafb335991732>@@V<lambda_207f2d024fc103971653565357d6cd41>@@@?$__crt_seh_guarded_call@X@@QAEX$$QAV<lambda_15ade71b0218206bbe3333a0c9b79046>@@AAV<lambda_da44e0f8b0f19ba52fefafb335991732>@@$$QAV<lambda_207f2d024fc103971653565357d6cd41>@@@Z 1002ae90     libucrt:per_thread_data.obj
 0002:0000ceb0       __sehtable$??$?RV<lambda_a7e850c220f1c8d1e6efeecdedd162c6>@@AAV<lambda_46720907175c18b6c9d2717bc0d2d362>@@V<lambda_9048902d66e8d99359bc9897bbb930a8>@@@?$__crt_seh_guarded_call@X@@QAEX$$QAV<lambda_a7e850c220f1c8d1e6efeecdedd162c6>@@AAV<lambda_46720907175c18b6c9d2717bc0d2d362>@@$$QAV<lambda_9048902d66e8d99359bc9897bbb930a8>@@@Z 1002aeb0     libucrt:per_thread_data.obj
 0002:0000ced0       __sehtable$??$?RV<lambda_38edbb1296d33220d7e4dd0ed76b244a>@@AAV<lambda_5ce1d447e08cb34b2473517608e21441>@@V<lambda_fb385d3da700c9147fc39e65dd577a8c>@@@?$__crt_seh_guarded_call@X@@QAEX$$QAV<lambda_38edbb1296d33220d7e4dd0ed76b244a>@@AAV<lambda_5ce1d447e08cb34b2473517608e21441>@@$$QAV<lambda_fb385d3da700c9147fc39e65dd577a8c>@@@Z 1002aed0     libucrt:per_thread_data.obj
 0002:0000cef0       __sehtable$??$?RV<lambda_6affb1475c98b40b75cdec977db92e3c>@@AAV<lambda_b8d4b9c228a6ecc3f80208dbb4b4a104>@@V<lambda_608742c3c92a14382c1684fc64f96c88>@@@?$__crt_seh_guarded_call@X@@QAEX$$QAV<lambda_6affb1475c98b40b75cdec977db92e3c>@@AAV<lambda_b8d4b9c228a6ecc3f80208dbb4b4a104>@@$$QAV<lambda_608742c3c92a14382c1684fc64f96c88>@@@Z 1002aef0     libucrt:per_thread_data.obj
 0002:0000cf10       __sehtable$??$?RV<lambda_e5124f882df8998aaf41531e079ba474>@@AAV<lambda_3e16ef9562a7dcce91392c22ab16ea36>@@V<lambda_e25ca0880e6ef98be67edffd8c599615>@@@?$__crt_seh_guarded_call@X@@QAEX$$QAV<lambda_e5124f882df8998aaf41531e079ba474>@@AAV<lambda_3e16ef9562a7dcce91392c22ab16ea36>@@$$QAV<lambda_e25ca0880e6ef98be67edffd8c599615>@@@Z 1002af10     libucrt:wsetlocale.obj
 0002:0000cf30       __sehtable$??$?RV<lambda_4fdada1b837b2abbf20876fac97688ad>@@AAV<lambda_b57350f2640456a0859d250846f69caf>@@V<lambda_eed5e4f92b5b7d55fa22c48c484aaa54>@@@?$__crt_seh_guarded_call@X@@QAEX$$QAV<lambda_4fdada1b837b2abbf20876fac97688ad>@@AAV<lambda_b57350f2640456a0859d250846f69caf>@@$$QAV<lambda_eed5e4f92b5b7d55fa22c48c484aaa54>@@@Z 1002af30     libucrt:wsetlocale.obj
 0002:0000cf50       __sehtable$??$?RV<lambda_135d2772fca65dc1248eeaa1b56e886a>@@AAV<lambda_2a444430fde8c29194d880d93eed5e8f>@@AAV<lambda_8dff2cf36a5417162780cd64fa2883ef>@@@?$__crt_seh_guarded_call@X@@QAEX$$QAV<lambda_135d2772fca65dc1248eeaa1b56e886a>@@AAV<lambda_2a444430fde8c29194d880d93eed5e8f>@@AAV<lambda_8dff2cf36a5417162780cd64fa2883ef>@@@Z 1002af50     libucrt:wsetlocale.obj
 0002:0000cf70       __sehtable$??$?RV<lambda_6b4b7855443974f2b4b77000ea21c99c>@@AAV<lambda_8f7d3b162ab39427f4fa9995c67a7986>@@V<lambda_cc9a5ba8a5d8428b9634eab82665e5dc>@@@?$__crt_seh_guarded_call@H@@QAEH$$QAV<lambda_6b4b7855443974f2b4b77000ea21c99c>@@AAV<lambda_8f7d3b162ab39427f4fa9995c67a7986>@@$$QAV<lambda_cc9a5ba8a5d8428b9634eab82665e5dc>@@@Z 1002af70     libucrt:winapi_thunks.obj
 0002:0000cf90       __sehtable$__fcloseall     1002af90     libucrt:closeall.obj
 0002:0000cfb0       __sehtable$___acrt_initialize_lowio 1002afb0     libucrt:ioinit.obj
 0002:0000cfd0       __sehtable$??$?RV<lambda_218ce3db14220d0be481dae8ef3383b6>@@AAV<lambda_628dfdc04ba53c8bfc02c9951375f3f5>@@V<lambda_57dc472bd5c9d5f3b2cbca59b8a843ae>@@@?$__crt_seh_guarded_call@H@@QAEH$$QAV<lambda_218ce3db14220d0be481dae8ef3383b6>@@AAV<lambda_628dfdc04ba53c8bfc02c9951375f3f5>@@$$QAV<lambda_57dc472bd5c9d5f3b2cbca59b8a843ae>@@@Z 1002afd0     libucrt:close.obj
 0002:0000cff0       __sehtable$??$?RV<lambda_9e9de3de5fa147e2223d7db92bc10aa6>@@AAV<lambda_38ce7e780aa69e748d6df282ebc68efe>@@V<lambda_8ca6da459f0f6780f1cff60fdc3d00e5>@@@?$__crt_seh_guarded_call@H@@QAEH$$QAV<lambda_9e9de3de5fa147e2223d7db92bc10aa6>@@AAV<lambda_38ce7e780aa69e748d6df282ebc68efe>@@$$QAV<lambda_8ca6da459f0f6780f1cff60fdc3d00e5>@@@Z 1002aff0     libucrt:commit.obj
 0002:0000d010       __sehtable$__write         1002b010     libucrt:write.obj
 0002:0000d030       __sehtable$??$common_ftell@_J@@YA_JV__crt_stdio_stream@@@Z 1002b030     libucrt:ftell.obj
 0002:0000d050       __sehtable$__read          1002b050     libucrt:read.obj
 0002:0000d070       __sehtable$??$common_lseek@_J@@YA_JH_JH@Z 1002b070     libucrt:lseek.obj
 0002:0000d08c       __unwindtable$?_wcstombs_l_helper@@YAIPADPB_WIPAU__crt_locale_pointers@@@Z 1002b08c     libucrt:wcstombs.obj
 0002:0000d094       __ehfuncinfo$?_wcstombs_l_helper@@YAIPADPB_WIPAU__crt_locale_pointers@@@Z 1002b094     libucrt:wcstombs.obj
 0002:0000d0b8       __sehtable$_raise          1002b0b8     libucrt:signal.obj
 0002:0000d0d8       __sehtable$??$?RV<lambda_cbab9ec6f41b0180b23cc171c22676b0>@@AAV<lambda_44731a7d0e6d81c3e6aa82d741081786>@@V<lambda_4b292cb8dd18144e164572427af410ab>@@@?$__crt_seh_guarded_call@P6AXH@Z@@QAEP6AXH@Z$$QAV<lambda_cbab9ec6f41b0180b23cc171c22676b0>@@AAV<lambda_44731a7d0e6d81c3e6aa82d741081786>@@$$QAV<lambda_4b292cb8dd18144e164572427af410ab>@@@Z 1002b0d8     libucrt:signal.obj
 0002:0000d0f8       __sehtable$?update_thread_multibyte_data_internal@@YAPAU__crt_multibyte_data@@QAU__acrt_ptd@@QAPAU1@@Z 1002b0f8     libucrt:mbctype.obj
 0002:0000d118       __sehtable$??$?RV<lambda_ceb1ee4838e85a9d631eb091e2fbe199>@@AAV<lambda_ae742caa10f662c28703da3d2ea5e57e>@@V<lambda_cd08b5d6af4937fe54fc07d0c9bf6b37>@@@?$__crt_seh_guarded_call@X@@QAEX$$QAV<lambda_ceb1ee4838e85a9d631eb091e2fbe199>@@AAV<lambda_ae742caa10f662c28703da3d2ea5e57e>@@$$QAV<lambda_cd08b5d6af4937fe54fc07d0c9bf6b37>@@@Z 1002b118     libucrt:mbctype.obj
 0002:0000d138       __sehtable$___acrt_update_thread_locale_data 1002b138     libucrt:locale_refcounting.obj
 0002:0000d158       __sehtable$___acrt_lowio_ensure_fh_exists 1002b158     libucrt:osfinfo.obj
 0002:0000d178       __sehtable$__IsNonwritableInCurrentImage 1002b178     LIBCMT:pesect.obj
 0002:0000d3a0       .edata                     1002b3a0     c2g.exp
 0002:0000d3c8       rgpv                       1002b3c8     c2g.exp
 0002:0000d3cc       rgszName                   1002b3cc     c2g.exp
 0002:0000d3d0       rgwOrd                     1002b3d0     c2g.exp
 0002:0000d3d2       szName                     1002b3d2     c2g.exp
 0002:0000d3db       $N00001                    1002b3db     c2g.exp
 0002:0000d90a       .idata$6                   1002b90a     c3d:c3d.dll
 0002:0000d93c       .idata$6                   1002b93c     kernel32:KERNEL32.dll
 0002:0000d982       .idata$6                   1002b982     Shlwapi:SHLWAPI.dll
 0003:00000000       ?init@std@@3JA             1002c000     libcpmt:xlock.obj
 0003:0000005c       ?atcount_cdecl@@3IA        1002c05c     libcpmt:iosptrs.obj
 0003:00000090       ?__vcrt_flsindex@@3KA      1002c090     libvcruntime:per_thread_data.obj
 0003:00000164       ?errno_no_memory@@3HA      1002c164     libucrt:errno.obj
 0003:00000168       ?doserrno_no_memory@@3KA   1002c168     libucrt:errno.obj
 0003:000001d0       ?__acrt_flsindex@@3KA      1002c1d0     libucrt:per_thread_data.obj
 0003:000001d4       __ctype_loc_style          1002c1d4     libucrt:wsetlocale.obj
 0003:000003e0       ?tzstd_program@@3PADA      1002c3e0     libucrt:timeset.obj
 0003:00000420       ?tzdst_program@@3PADA      1002c420     libucrt:timeset.obj
 0003:00000460       ?tzname_states@@3PAY01PADA 1002c460     libucrt:timeset.obj
 0003:00000688       __mbctypes                 1002c688     libucrt:mbctype.obj
 0003:00000790       __mbcasemaps               1002c790     libucrt:mbctype.obj
 0003:00000890       ?__rgctypeflag@@3PADA      1002c890     libucrt:mbctype.obj
 0003:00000898       ?__rgcode_page_info@@3PAUcode_page_info@@A 1002c898     libucrt:mbctype.obj
 0003:00000990       ?__dcrt_lowio_console_output_handle@@3PAXA 1002c990     libucrt:initcon.obj
 0003:000009a0       __module                   1002c9a0     main.obj
 0003:00000e58       ?initlocks@@3V_Init_locks@std@@A 1002ce58     libcpmt:cout.obj
 0003:00000e59       ?init_cout@std@@3U_Init_cout@1@A 1002ce59     libcpmt:cout.obj
 0003:00000eb0       ?fout@std@@3V?$basic_filebuf@DU?$char_traits@D@std@@@1@A 1002ceb0     libcpmt:cout.obj
 0003:00000f20       ?initlocks@@3V_Init_locks@std@@A 1002cf20     libcpmt:cerr.obj
 0003:00000f21       ?init_cerr@std@@3U_Init_cerr@1@A 1002cf21     libcpmt:cerr.obj
 0003:00000f78       ?ferr@std@@3V?$basic_filebuf@DU?$char_traits@D@std@@@1@A 1002cf78     libcpmt:cerr.obj
 0003:00001078       ?initlocks@std@@3V_Init_locks@1@A 1002d078     libcpmt:xlock.obj
 0003:00001080       ?mtx@std@@3PAU_RTL_CRITICAL_SECTION@@A 1002d080     libcpmt:xlock.obj
 0003:0000115c       ?classic_locale@std@@3Vlocale@1@A 1002d15c     libcpmt:locale0.obj
 0003:00001164       ?_Fac_tidy_reg@std@@3U_Fac_tidy_reg_t@1@B 1002d164     libcpmt:locale0.obj
 0003:00001168       ?_Fac_head@std@@3PAU_Fac_node@1@A 1002d168     libcpmt:locale0.obj
 0003:0000116c       _global_locale             1002d16c     libcpmt:locale0.obj
 0003:00001170       ?registered@?1??_Setgloballocale@locale@std@@CAXPAX@Z@4_NA 1002d170     libcpmt:locale0.obj
 0003:00001178       ?stdstr@std@@3PAPAVios_base@1@A 1002d178     libcpmt:ios.obj
 0003:000011a0       ?stdopens@std@@3PADA       1002d1a0     libcpmt:ios.obj
 0003:000011cc       ?initlocks@std@@3V_Init_locks@1@A 1002d1cc     libcpmt:iosptrs.obj
 0003:000011cd       ?init_atexit@@3U_Init_atexit@@A 1002d1cd     libcpmt:iosptrs.obj
 0003:000011d0       ?atfuns_cdecl@@3PAP6AXXZA  1002d1d0     libcpmt:iosptrs.obj
 0003:00001284       ?__proc_attached@@3HA      1002d284     LIBCMT:dll_dllmain.obj
 0003:00001290       ?is_initialized_as_dll@@3_NA 1002d290     LIBCMT:utility.obj
 0003:00001291       ?module_local_atexit_table_initialized@@3_NA 1002d291     LIBCMT:utility.obj
 0003:00001294       ?module_local_atexit_table@@3U_onexit_table_t@@A 1002d294     LIBCMT:utility.obj
 0003:000012a0       ?module_local_at_quick_exit_table@@3U_onexit_table_t@@A 1002d2a0     LIBCMT:utility.obj
 0003:000012b0       _GS_ExceptionRecord        1002d2b0     LIBCMT:gs_report.obj
 0003:00001300       _GS_ContextRecord          1002d300     LIBCMT:gs_report.obj
 0003:000015f0       ?__vcrt_startup_thread_ptd@@3U__vcrt_ptd@@A 1002d5f0     libvcruntime:per_thread_data.obj
 0003:0000161c       ___vcrt_lock_table         1002d61c     libvcruntime:locks.obj
 0003:00001634       ___vcrt_locks_initialized  1002d634     libvcruntime:locks.obj
 0003:00001638       ?module_handles@@3PAPAUHINSTANCE__@@A 1002d638     libvcruntime:winapi_downlevel.obj
 0003:00001644       ?encoded_function_pointers@@3PAPAXA 1002d644     libvcruntime:winapi_downlevel.obj
 0003:00001680       ?heap@@3V_HeapManager@@A   1002d680     libvcruntime:undname.obj
 0003:00001694       ?__acrt_invalid_parameter_handler@@3V?$dual_state_global@P6AXPB_W00II@Z@__crt_state_management@@A 1002d694     libucrt:invalid_parameter.obj
 0003:000016a8       ?__acrt_lock_table@@3PAU_RTL_CRITICAL_SECTION@@A 1002d6a8     libucrt:locks.obj
 0003:000017f8       ?__acrt_locks_initialized@@3IA 1002d7f8     libucrt:locks.obj
 0003:00001804       ?__acrt_new_handler@@3V?$dual_state_global@P6AHI@Z@__crt_state_management@@A 1002d804     libucrt:new_handler.obj
 0003:00001808       ?c_termination_complete@@3JA 1002d808     libucrt:exit.obj
 0003:0000180c       ?thread_local_exit_callback_func@@3P6GXPAXK0@ZA 1002d80c     libucrt:exit.obj
 0003:00001818       ?program_name@?1???$common_configure_argv@D@@YAHW4_crt_argv_mode@@@Z@4PADA 1002d818     libucrt:argv_parsing.obj
 0003:00001950       ?module_handles@@3PAPAUHINSTANCE__@@A 1002d950     libucrt:winapi_thunks.obj
 0003:000019a0       ?encoded_function_pointers@@3PAPAXA 1002d9a0     libucrt:winapi_thunks.obj
 0003:00001a28       ?static_enum_proc@?1??enum_system_locales_ex_nolock@@YAHQ6GHPA_WKJ@Z@Z@4P6GH0KJ@ZA 1002da28     libucrt:winapi_thunks.obj
 0003:00001c3c       ?ctrlc_action@@3V?$dual_state_global@P6AXH@Z@__crt_state_management@@A 1002dc3c     libucrt:signal.obj
 0003:00001c40       ?ctrlbreak_action@@3V?$dual_state_global@P6AXH@Z@__crt_state_management@@A 1002dc40     libucrt:signal.obj
 0003:00001c44       ?abort_action@@3V?$dual_state_global@P6AXH@Z@__crt_state_management@@A 1002dc44     libucrt:signal.obj
 0003:00001c48       ?term_action@@3V?$dual_state_global@P6AXH@Z@__crt_state_management@@A 1002dc48     libucrt:signal.obj
 0003:00001c4c       ?internal_state@?1??_mbtowc_l@@9@4U_Mbstatet@@A 1002dc4c     libucrt:mbtowc.obj
 0003:00001c64       ?_tzname@@3V?$dual_state_global@PAPAD@__crt_state_management@@A 1002dc64     libucrt:timeset.obj
 0003:00001c68       ?tz_api_used@@3HA          1002dc68     libucrt:tzset.obj
 0003:00001c70       ?tz_info@@3U_TIME_ZONE_INFORMATION@@A 1002dc70     libucrt:tzset.obj
 0003:00001d28       ?fSystemSet@@3HA           1002dd28     libucrt:mbctype.obj
 0003:00001d2c       ?initialized@?1??__acrt_initialize_multibyte@@9@4_NA 1002dd2c     libucrt:mbctype.obj
 0003:00001d4c       ?user_matherr@@3V?$dual_state_global@P6AHPAU_exception@@@Z@__crt_state_management@@A 1002dd4c     libucrt:matherr.obj
 0003:00001d50       ?__acrt_global_new_mode@@3V?$dual_state_global@J@__crt_state_management@@A 1002dd50     libucrt:new_mode.obj
 0003:00001d54       __pmatherr_set             1002dd54     libucrt:libm_error.obj
 0003:00001d58       ?__acrt_app_type@@3W4_crt_app_type@@A 1002dd58     libucrt:report_runtime_error.obj
 0003:00001d5c       ?internal_pst@?1??__mbrtoc32_utf8@__crt_mbstring@@YAIPA_UPBDIPAU_Mbstatet@@@Z@4U3@A 1002dd5c     libucrt:mbrtoc32.obj
 0003:00001d64       ?internal_pst@?1??__c16rtomb_utf8@__crt_mbstring@@YAIPAD_SPAU_Mbstatet@@@Z@4U3@A 1002dd64     libucrt:c16rtomb.obj
 0003:00001d94       ?GCM_NULL@@3UMtObjectId@@B 1002dd94     main.obj
 0003:00001d98       ?GCM_GROUND@@3UMtObjectId@@B 1002dd98     main.obj
 0004:00000060       $R000000                   1002e060     * linker generated manifest res *

 Exports

  ordinal    name

        1    __register_c2g_
               exported name: _register_c2g_
