 cad_gltf_exporter

 Timestamp is 5d790134 (Wed Sep 11 17:14:12 2019)

 Preferred load address is 10000000

 Start         Length     Name                   Class
 0001:00000000 000000e0H .text$di                CODE
 0001:000000e0 0001c5f2H .text$mn                CODE
 0001:0001c6d2 00000297H .text$x                 CODE
 0001:0001c969 00000050H .text$yd                CODE
 0002:00000000 000001a4H .idata$5                DATA
 0002:000001a4 00000004H .00cfg                  DATA
 0002:000001a8 00000004H .CRT$XCA                DATA
 0002:000001ac 0000001cH .CRT$XCC                DATA
 0002:000001c8 00000008H .CRT$XCL                DATA
 0002:000001d0 0000000cH .CRT$XCU                DATA
 0002:000001dc 00000004H .CRT$XCZ                DATA
 0002:000001e0 00000004H .CRT$XIA                DATA
 0002:000001e4 00000014H .CRT$XIC                DATA
 0002:000001f8 00000004H .CRT$XIZ                DATA
 0002:000001fc 00000004H .CRT$XPA                DATA
 0002:00000200 00000008H .CRT$XPX                DATA
 0002:00000208 00000004H .CRT$XPXA               DATA
 0002:0000020c 00000004H .CRT$XPZ                DATA
 0002:00000210 00000004H .CRT$XTA                DATA
 0002:00000214 0000000cH .CRT$XTZ                DATA
 0002:00000218 00000000H .gfids$y                DATA
 0002:00000220 0000b740H .rdata                  DATA
 0002:0000b960 00000920H .rdata$r                DATA
 0002:0000c280 00000058H .rdata$sxdata           DATA
 0002:0000c2d8 000003e8H .rdata$zzzdbg           DATA
 0002:0000c6c0 00000004H .rtc$IAA                DATA
 0002:0000c6c4 00000004H .rtc$IZZ                DATA
 0002:0000c6c8 00000004H .rtc$TAA                DATA
 0002:0000c6cc 00000004H .rtc$TZZ                DATA
 0002:0000c6d0 00000ad4H .xdata$x                DATA
 0002:0000d1a4 00000020H .didat$2                DATA
 0002:0000d1c4 00000020H .didat$3                DATA
 0002:0000d1e4 00000040H .didat$4                DATA
 0002:0000d224 0000014cH .didat$6                DATA
 0002:0000d370 00000040H .didat$7                DATA
 0002:0000d3b0 00000068H .edata                  DATA
 0002:0000d418 0000003cH .idata$2                DATA
 0002:0000d454 00000014H .idata$3                DATA
 0002:0000d468 000001a4H .idata$4                DATA
 0002:0000d60c 00000926H .idata$6                DATA
 0003:00000000 000009c8H .data                   DATA
 0003:000009c8 00000448H .data$r                 DATA
 0003:00000e10 00000040H .didat$5                DATA
 0003:00000e50 00000ea4H .bss                    DATA
 0004:00000000 00000060H .rsrc$01                DATA
 0004:00000060 00000180H .rsrc$02                DATA

  Address         Publics by Value              Rva+Base       Lib:Object

 0000:00000000       ___guard_longjmp_count     00000000     <absolute>
 0000:00000000       __except_list              00000000     <absolute>
 0000:00000000       ___guard_iat_count         00000000     <absolute>
 0000:00000000       ___guard_fids_count        00000000     <absolute>
 0000:00000000       ___guard_longjmp_table     00000000     <absolute>
 0000:00000000       ___hybrid_code_map_count   00000000     <absolute>
 0000:00000000       ___hybrid_auxiliary_iat    00000000     <absolute>
 0000:00000000       ___dynamic_value_reloc_table 00000000     <absolute>
 0000:00000000       ___guard_fids_table        00000000     <absolute>
 0000:00000000       ___volatile_metadata       00000000     <absolute>
 0000:00000000       ___guard_iat_table         00000000     <absolute>
 0000:00000000       ___enclave_config          00000000     <absolute>
 0000:00000000       ___hybrid_code_map         00000000     <absolute>
 0000:00000016       ___safe_se_handler_count   00000016     <absolute>
 0000:00000100       ___guard_flags             00000100     <absolute>
 0000:00000000       ___ImageBase               10000000     <linker-defined>
 0001:000000e0       ?what@exception@stdext@@UBEPBDXZ 100010e0 f i main.obj
 0001:000000f0       ?_Raise@exception@stdext@@QBEXXZ 100010f0 f i main.obj
 0001:00000120       @_guard_check_icall_nop@4  10001120 f i LIBCMT:guard_support.obj
 0001:00000120       ?_Lock@?$basic_streambuf@DU?$char_traits@D@std@@@std@@UAEXXZ 10001120 f i libcpmt:cerr.obj
 0001:00000120       ?_Doraise@exception@stdext@@MBEXXZ 10001120 f i main.obj
 0001:00000120       ?_Unlock@?$basic_streambuf@DU?$char_traits@D@std@@@std@@UAEXXZ 10001120 f i libcpmt:cerr.obj
 0001:00000130       ??_Gruntime_error@std@@UAEPAXI@Z 10001130 f i main.obj
 0001:00000130       ??_Gexception@stdext@@UAEPAXI@Z 10001130 f i main.obj
 0001:00000130       ??_Eruntime_error@std@@UAEPAXI@Z 10001130 f i * CIL library *:* CIL module *
 0001:00000130       ??_Eexception@stdext@@UAEPAXI@Z 10001130 f i * CIL library *:* CIL module *
 0001:00000160       ??1runtime_error@std@@UAE@XZ 10001160 f i main.obj
 0001:00000170       ?default_error_condition@error_category@std@@UBE?AVerror_condition@2@H@Z 10001170 f i main.obj
 0001:00000180       ?equivalent@error_category@std@@UBE_NHABVerror_condition@2@@Z 10001180 f i main.obj
 0001:000001c0       ?equivalent@error_category@std@@UBE_NABVerror_code@2@H@Z 100011c0 f i main.obj
 0001:000001f0       ?make_error_code@std@@YA?AVerror_code@1@W4io_errc@1@@Z 100011f0 f i main.obj
 0001:00000220       ??0_System_error@std@@IAE@Verror_code@1@ABV?$basic_string@DU?$char_traits@D@std@@V?$allocator@D@2@@1@@Z 10001220 f i main.obj
 0001:00000490       ??_E_System_error@std@@UAEPAXI@Z 10001490 f i * CIL library *:* CIL module *
 0001:00000490       ??_Gfailure@ios_base@std@@UAEPAXI@Z 10001490 f i main.obj
 0001:00000490       ??_Efailure@ios_base@std@@UAEPAXI@Z 10001490 f i * CIL library *:* CIL module *
 0001:00000490       ??_G_System_error@std@@UAEPAXI@Z 10001490 f i main.obj
 0001:000004c0       ?name@_Iostream_error_category@std@@UBEPBDXZ 100014c0 f i main.obj
 0001:000004d0       ?message@_Iostream_error_category@std@@UBE?AV?$basic_string@DU?$char_traits@D@std@@V?$allocator@D@2@@2@H@Z 100014d0 f i main.obj
 0001:00000510       ??_E_Iostream_error_category@std@@UAEPAXI@Z 10001510 f i * CIL library *:* CIL module *
 0001:00000510       ??_G_Iostream_error_category@std@@UAEPAXI@Z 10001510 f i main.obj
 0001:00000530       ??0failure@ios_base@std@@QAE@PBDABVerror_code@2@@Z 10001530 f i main.obj
 0001:000005c0       ?clear@ios_base@std@@QAEXH_N@Z 100015c0 f i main.obj
 0001:00000620       ?Triangulate@@YA?AUMeshData@@PAVMbSolid@@VMbStepData@@UMbFormNote@@@Z 10001620 f   main.obj
 0001:00000af0       ??1MeshData@@QAE@XZ        10001af0 f i main.obj
 0001:00000c00       ??0MeshData@@QAE@$$QAU0@@Z 10001c00 f i main.obj
 0001:00000ce0       ?Method@@YAPAUnapi_value__@@PAUnapi_env__@@PAUnapi_callback_info__@@@Z 10001ce0 f   main.obj
 0001:000019b0       ?init@@YAPAUnapi_value__@@PAUnapi_env__@@PAU1@@Z 100029b0 f   main.obj
 0001:00001b10       ??1?$SArray@VMbMatrix3D@@@@UAE@XZ 10002b10 f i main.obj
 0001:00001b50       ?clear@?$RPArray@VMbItem@@@@UAEXXZ 10002b50 f i main.obj
 0001:00001b60       ?RemoveInd@?$RPArray@VMbItem@@@@UAEPAVMbItem@@IW4DelType@@@Z 10002b60 f i main.obj
 0001:00001bb0       ?_Tidy_deallocate@?$basic_string@DU?$char_traits@D@std@@V?$allocator@D@2@@std@@QAEXXZ 10002bb0 f i main.obj
 0001:00001bb0       ??1?$basic_string@DU?$char_traits@D@std@@V?$allocator@D@2@@std@@QAE@XZ 10002bb0 f i main.obj
 0001:00001c00       ??0?$basic_string@DU?$char_traits@D@std@@V?$allocator@D@2@@std@@QAE@QBD@Z 10002c00 f i main.obj
 0001:00001d40       ??_G?$SArray@VMbMatrix3D@@@@UAEPAXI@Z 10002d40 f i main.obj
 0001:00001d40       ??_E?$SArray@VMbMatrix3D@@@@UAEPAXI@Z 10002d40 f i * CIL library *:* CIL module *
 0001:00001d90       ?_Xlength@?$vector@IV?$allocator@I@std@@@std@@CAXXZ 10002d90 f i main.obj
 0001:00001d90       ?_Xlength@?$vector@UMeshData@@V?$allocator@UMeshData@@@std@@@std@@CAXXZ 10002d90 f i main.obj
 0001:00001d90       ?_Xlength@?$vector@VMbFloatVector3D@@V?$allocator@VMbFloatVector3D@@@std@@@std@@CAXXZ 10002d90 f i main.obj
 0001:00001d90       ?_Xlength@?$vector@VMbCartPoint3D@@V?$allocator@VMbCartPoint3D@@@std@@@std@@CAXXZ 10002d90 f i main.obj
 0001:00001da0       ??1?$RPArray@VMbItem@@@@UAE@XZ 10002da0 f i main.obj
 0001:00001de0       ??$?6U?$char_traits@D@std@@@std@@YAAAV?$basic_ostream@DU?$char_traits@D@std@@@0@AAV10@PBD@Z 10002de0 f i main.obj
 0001:00002050       ??$_Emplace_reallocate@ABUMeshData@@@?$vector@UMeshData@@V?$allocator@UMeshData@@@std@@@std@@QAEPAUMeshData@@QAU2@ABU2@@Z 10003050 f i main.obj
 0001:00002260       ??$_Emplace_reallocate@ABVMbFloatVector3D@@@?$vector@VMbFloatVector3D@@V?$allocator@VMbFloatVector3D@@@std@@@std@@QAEPAVMbFloatVector3D@@QAV2@ABV2@@Z 10003260 f i main.obj
 0001:00002460       ??$_Emplace_reallocate@ABVMbCartPoint3D@@@?$vector@VMbCartPoint3D@@V?$allocator@VMbCartPoint3D@@@std@@@std@@QAEPAVMbCartPoint3D@@QAV2@ABV2@@Z 10003460 f i main.obj
 0001:00002690       ??$_Emplace_reallocate@I@?$vector@IV?$allocator@I@std@@@std@@QAEPAIQAI$$QAI@Z 10003690 f i main.obj
 0001:000027e0       ??$_Reallocate_grow_by@V<lambda_ab246b20b9526e2ef7792587e4298a77>@@PBDI@?$basic_string@DU?$char_traits@D@std@@V?$allocator@D@2@@std@@QAEAAV01@IV<lambda_ab246b20b9526e2ef7792587e4298a77>@@PBDI@Z 100037e0 f i main.obj
 0001:00002930       ??$_Allocate@$07U_Default_allocate_traits@std@@$0A@@std@@YAPAXI@Z 10003930 f i main.obj
 0001:00002980       ??$_Deallocate@$07$0A@@std@@YAXPAXI@Z 10003980 f i main.obj
 0001:000029c0       ??_E?$RPArray@VMbItem@@@@UAEPAXI@Z 100039c0 f i * CIL library *:* CIL module *
 0001:000029c0       ??_G?$RPArray@VMbItem@@@@UAEPAXI@Z 100039c0 f i main.obj
 0001:00002a10       ??0MeshData@@QAE@ABU0@@Z   10003a10 f i main.obj
 0001:00002c90       ??0sentry@?$basic_ostream@DU?$char_traits@D@std@@@std@@QAE@AAV12@@Z 10003c90 f i main.obj
 0001:00002d80       ?_Xlen@?$basic_string@DU?$char_traits@D@std@@V?$allocator@D@2@@std@@SAXXZ 10003d80 f i main.obj
 0001:00002d90       ?_Calculate_growth@?$basic_string@DU?$char_traits@D@std@@V?$allocator@D@2@@std@@QBEII@Z 10003d90 f i main.obj
 0001:00002dd0       ?setstate@?$basic_ios@DU?$char_traits@D@std@@@std@@QAEXH_N@Z 10003dd0 f i main.obj
 0001:00002e40       ??$_Immortalize_impl@V_Iostream_error_category@std@@@std@@YGHPAX0PAPAX@Z 10003e40 f i main.obj
 0001:00002f76       __imp_load__napi_create_function 10003f76 f   node:node.exe
 0001:00002f80       __tailMerge_node_exe       10003f80     node:node.exe
 0001:00002f91       __imp_load__napi_get_global 10003f91 f   node:node.exe
 0001:00002f9b       __imp_load__napi_create_error 10003f9b f   node:node.exe
 0001:00002fa5       __imp_load__napi_call_function 10003fa5 f   node:node.exe
 0001:00002faf       __imp_load__napi_set_element 10003faf f   node:node.exe
 0001:00002fb9       __imp_load__napi_create_uint32 10003fb9 f   node:node.exe
 0001:00002fc3       __imp_load__napi_get_buffer_info 10003fc3 f   node:node.exe
 0001:00002fcd       __imp_load__napi_create_string_utf8 10003fcd f   node:node.exe
 0001:00002fd7       __imp_load__napi_module_register 10003fd7 f   node:node.exe
 0001:00002fe1       __imp_load__napi_set_named_property 10003fe1 f   node:node.exe
 0001:00002feb       __imp_load__napi_create_array 10003feb f   node:node.exe
 0001:00002ff5       __imp_load__napi_create_object 10003ff5 f   node:node.exe
 0001:00002fff       __imp_load__napi_get_undefined 10003fff f   node:node.exe
 0001:00003009       __imp_load__napi_get_cb_info 10004009 f   node:node.exe
 0001:00003013       __imp_load__napi_create_double 10004013 f   node:node.exe
 0001:0000301d       ??0exception@std@@QAE@ABV01@@Z 1000401d f i libcpmt:xonce.obj
 0001:00003049       ??0exception@std@@QAE@QBD@Z 10004049 f i libcpmt:xonce.obj
 0001:0000307e       ??0runtime_error@std@@QAE@ABV01@@Z 1000407e f i libcpmt:xonce.obj
 0001:00003099       ??_Elength_error@std@@UAEPAXI@Z 10004099 f i libcpmt:xthrow.obj
 0001:00003099       ??_Gbad_alloc@std@@UAEPAXI@Z 10004099 f i libcpmt:xthrow.obj
 0001:00003099       ??_Gbad_array_new_length@std@@UAEPAXI@Z 10004099 f i LIBCMT:throw_bad_alloc.obj
 0001:00003099       ??_Gbad_exception@std@@UAEPAXI@Z 10004099 f i libvcruntime:frame.obj
 0001:00003099       ??_Eexception@std@@UAEPAXI@Z 10004099 f i libcpmt:xonce.obj
 0001:00003099       ??_Glogic_error@std@@UAEPAXI@Z 10004099 f i libcpmt:xthrow.obj
 0001:00003099       ??_Elogic_error@std@@UAEPAXI@Z 10004099 f i libcpmt:xthrow.obj
 0001:00003099       ??_Gout_of_range@std@@UAEPAXI@Z 10004099 f i libcpmt:xthrow.obj
 0001:00003099       ??_Ebad_array_new_length@std@@UAEPAXI@Z 10004099 f i LIBCMT:throw_bad_alloc.obj
 0001:00003099       ??_Eout_of_range@std@@UAEPAXI@Z 10004099 f i libcpmt:xthrow.obj
 0001:00003099       ??_Glength_error@std@@UAEPAXI@Z 10004099 f i libcpmt:xthrow.obj
 0001:00003099       ??_Ebad_cast@std@@UAEPAXI@Z 10004099 f i libcpmt:cerr.obj
 0001:00003099       ??_Gbad_cast@std@@UAEPAXI@Z 10004099 f i libcpmt:cerr.obj
 0001:00003099       ??_Gexception@std@@UAEPAXI@Z 10004099 f i libcpmt:xonce.obj
 0001:00003099       ??_Ebad_alloc@std@@UAEPAXI@Z 10004099 f i libcpmt:xthrow.obj
 0001:00003099       ??_Ebad_exception@std@@UAEPAXI@Z 10004099 f i libvcruntime:frame.obj
 0001:000030c6       ?_Execute_once@std@@YAHAAUonce_flag@1@P6GHPAX1PAPAX@Z1@Z 100040c6 f   libcpmt:xonce.obj
 0001:000030de       ?what@exception@std@@UBEPBDXZ 100040de f i libcpmt:xonce.obj
 0001:000030eb       ??$_Fgetc@D@std@@YA_NAADPAU_iobuf@@@Z 100040eb f i libcpmt:cerr.obj
 0001:0000310b       ??$_Fputc@D@std@@YA_NDPAU_iobuf@@@Z 1000410b f i libcpmt:cerr.obj
 0001:000031c9       ??$use_facet@V?$codecvt@DDU_Mbstatet@@@std@@@std@@YAABV?$codecvt@DDU_Mbstatet@@@0@ABVlocale@0@@Z 100041c9 f i libcpmt:cerr.obj
 0001:0000326f       ??$use_facet@V?$ctype@D@std@@@std@@YAABV?$ctype@D@0@ABVlocale@0@@Z 1000426f f i libcpmt:cerr.obj
 0001:00003315       ??0?$basic_ostream@DU?$char_traits@D@std@@@std@@QAE@PAV?$basic_streambuf@DU?$char_traits@D@std@@@1@_N@Z 10004315 f i libcpmt:cerr.obj
 0001:0000337c       ??0?$basic_streambuf@DU?$char_traits@D@std@@@std@@IAE@XZ 1000437c f i libcpmt:cerr.obj
 0001:000033c3       ??0?$ctype@D@std@@QAE@ABV_Locinfo@1@I@Z 100043c3 f i libcpmt:cerr.obj
 0001:000033f9       ??0?$fpos@U_Mbstatet@@@std@@QAE@U_Mbstatet@@_J@Z 100043f9 f i libcpmt:cerr.obj
 0001:00003421       ??0_Init_cerr@std@@QAE@XZ  10004421 f i libcpmt:cerr.obj
 0001:00003450       ??0_Locinfo@std@@QAE@PBD@Z 10004450 f i libcpmt:cerr.obj
 0001:000034ce       ??0bad_cast@std@@QAE@ABV01@@Z 100044ce f i libcpmt:cerr.obj
 0001:000034e9       ??0bad_cast@std@@QAE@XZ    100044e9 f i libcpmt:cerr.obj
 0001:00003501       ??0locale@std@@QAE@ABV01@@Z 10004501 f i libcpmt:cerr.obj
 0001:00003556       ??0runtime_error@std@@QAE@PBD@Z 10004556 f i libcpmt:cerr.obj
 0001:00003575       ??1?$_Yarn@_W@std@@QAE@XZ  10004575 f i libcpmt:cerr.obj
 0001:00003575       ??1?$_Yarn@D@std@@QAE@XZ   10004575 f i libcpmt:cerr.obj
 0001:0000358a       ??1?$basic_filebuf@DU?$char_traits@D@std@@@std@@UAE@XZ 1000458a f i libcpmt:cerr.obj
 0001:000035e2       ??1?$basic_ios@DU?$char_traits@D@std@@@std@@UAE@XZ 100045e2 f i libcpmt:cerr.obj
 0001:00003622       ??1?$basic_streambuf@DU?$char_traits@D@std@@@std@@UAE@XZ 10004622 f i libcpmt:cerr.obj
 0001:00003643       ??1?$unique_ptr@V_Facet_base@std@@U?$default_delete@V_Facet_base@std@@@2@@std@@QAE@XZ 10004643 f i libcpmt:cerr.obj
 0001:00003650       ??1_Locinfo@std@@QAE@XZ    10004650 f i libcpmt:cerr.obj
 0001:000036fc       ??1bad_alloc@std@@UAE@XZ   100046fc f i libcpmt:xthrow.obj
 0001:000036fc       ??1length_error@std@@UAE@XZ 100046fc f i libcpmt:xthrow.obj
 0001:000036fc       ??1bad_array_new_length@std@@UAE@XZ 100046fc f i LIBCMT:throw_bad_alloc.obj
 0001:000036fc       ??1bad_cast@std@@UAE@XZ    100046fc f i libcpmt:cerr.obj
 0001:000036fc       ??1out_of_range@std@@UAE@XZ 100046fc f i libcpmt:xthrow.obj
 0001:000036fc       ??1bad_exception@std@@UAE@XZ 100046fc f i libvcruntime:frame.obj
 0001:0000370d       ??1locale@std@@QAE@XZ      1000470d f i libcpmt:cerr.obj
 0001:00003770       ??Bid@locale@std@@QAEIXZ   10004770 f i libcpmt:cerr.obj
 0001:000037a5       ??R?$default_delete@V_Facet_base@std@@@std@@QBEXPAV_Facet_base@1@@Z 100047a5 f i libcpmt:cerr.obj
 0001:000037c9       ??_D?$basic_ostream@DU?$char_traits@D@std@@@std@@QAEXXZ 100047c9 f i libcpmt:cerr.obj
 0001:00003827       ??_E?$basic_ostream@DU?$char_traits@D@std@@@std@@$4PPPPPPPM@A@AEPAXI@Z 10004827 f i libcpmt:cerr.obj
 0001:0000382f       ??_G?$basic_filebuf@DU?$char_traits@D@std@@@std@@UAEPAXI@Z 1000482f f i libcpmt:cerr.obj
 0001:0000382f       ??_E?$basic_filebuf@DU?$char_traits@D@std@@@std@@UAEPAXI@Z 1000482f f i libcpmt:cerr.obj
 0001:00003851       ??_E?$basic_ios@DU?$char_traits@D@std@@@std@@UAEPAXI@Z 10004851 f i libcpmt:cerr.obj
 0001:00003851       ??_G?$basic_ios@DU?$char_traits@D@std@@@std@@UAEPAXI@Z 10004851 f i libcpmt:cerr.obj
 0001:000038a9       ??_E?$basic_ostream@DU?$char_traits@D@std@@@std@@UAEPAXI@Z 100048a9 f i libcpmt:cerr.obj
 0001:000038a9       ??_G?$basic_ostream@DU?$char_traits@D@std@@@std@@UAEPAXI@Z 100048a9 f i libcpmt:cerr.obj
 0001:000038ce       ??_G?$basic_streambuf@DU?$char_traits@D@std@@@std@@UAEPAXI@Z 100048ce f i libcpmt:cerr.obj
 0001:000038ce       ??_E?$basic_streambuf@DU?$char_traits@D@std@@@std@@UAEPAXI@Z 100048ce f i libcpmt:cerr.obj
 0001:000038f0       ??_E?$codecvt@DDU_Mbstatet@@@std@@MAEPAXI@Z 100048f0 f i libcpmt:cerr.obj
 0001:000038f0       ??_G?$codecvt@DDU_Mbstatet@@@std@@MAEPAXI@Z 100048f0 f i libcpmt:cerr.obj
 0001:00003913       ??_E?$ctype@D@std@@MAEPAXI@Z 10004913 f i libcpmt:cerr.obj
 0001:00003913       ??_G?$ctype@D@std@@MAEPAXI@Z 10004913 f i libcpmt:cerr.obj
 0001:00003941       ??_G_Facet_base@std@@UAEPAXI@Z 10004941 f i libcpmt:cerr.obj
 0001:00003941       ??_E_Facet_base@std@@UAEPAXI@Z 10004941 f i libcpmt:cerr.obj
 0001:00003964       ??_Eios_base@std@@UAEPAXI@Z 10004964 f i libcpmt:cerr.obj
 0001:00003964       ??_Gios_base@std@@UAEPAXI@Z 10004964 f i libcpmt:cerr.obj
 0001:000039bc       ?_Decref@facet@locale@std@@UAEPAV_Facet_base@3@XZ 100049bc f i libcpmt:cerr.obj
 0001:000039ce       ?_Endwrite@?$basic_filebuf@DU?$char_traits@D@std@@@std@@IAE_NXZ 100049ce f i libcpmt:cerr.obj
 0001:00003a7e       ?_Getcat@?$codecvt@DDU_Mbstatet@@@std@@SAIPAPBVfacet@locale@2@PBV42@@Z 10004a7e f i libcpmt:cerr.obj
 0001:00003ae6       ?_Getcat@?$ctype@D@std@@SAIPAPBVfacet@locale@2@PBV42@@Z 10004ae6 f i libcpmt:cerr.obj
 0001:00003b4c       ?_Getfacet@locale@std@@QBEPBVfacet@12@I@Z 10004b4c f i libcpmt:cerr.obj
 0001:00003b89       ?_Incref@facet@locale@std@@UAEXXZ 10004b89 f i libcpmt:cerr.obj
 0001:00003b8e       ?_Init@?$basic_filebuf@DU?$char_traits@D@std@@@std@@IAEXPAU_iobuf@@W4_Initfl@12@@Z 10004b8e f i libcpmt:cerr.obj
 0001:00003c0a       ?_Init@?$basic_streambuf@DU?$char_traits@D@std@@@std@@IAEXXZ 10004c0a f i libcpmt:cerr.obj
 0001:00003c4e       ?_Init@ios_base@std@@IAEXXZ 10004c4e f i libcpmt:cerr.obj
 0001:00003cb4       ?_Initcvt@?$basic_filebuf@DU?$char_traits@D@std@@@std@@IAEXABV?$codecvt@DDU_Mbstatet@@@2@@Z 10004cb4 f i libcpmt:cerr.obj
 0001:00003cdf       ?_Lock@?$basic_filebuf@DU?$char_traits@D@std@@@std@@UAEXXZ 10004cdf f i libcpmt:cerr.obj
 0001:00003cef       ?_Reset_back@?$basic_filebuf@DU?$char_traits@D@std@@@std@@AAEXXZ 10004cef f i libcpmt:cerr.obj
 0001:00003d12       ?_Set_back@?$basic_filebuf@DU?$char_traits@D@std@@@std@@AAEXXZ 10004d12 f i libcpmt:cerr.obj
 0001:00003d48       ?_Tidy@?$ctype@D@std@@IAEXXZ 10004d48 f i libcpmt:cerr.obj
 0001:00003d72       ?_Unlock@?$basic_filebuf@DU?$char_traits@D@std@@@std@@UAEXXZ 10004d72 f i libcpmt:cerr.obj
 0001:00003d82       ?_Xran@?$_String_val@U?$_Simple_types@D@std@@@std@@SAXXZ 10004d82 f i libcpmt:cerr.obj
 0001:00003d8d       ?always_noconv@codecvt_base@std@@QBE_NXZ 10004d8d f i libcpmt:cerr.obj
 0001:00003da5       ?c_str@locale@std@@QBEPBDXZ 10004da5 f i libcpmt:cerr.obj
 0001:00003dbd       ?close@?$basic_filebuf@DU?$char_traits@D@std@@@std@@QAEPAV12@XZ 10004dbd f i libcpmt:cerr.obj
 0001:00003e1c       ___acrt_uninitialize_command_line 10004e1c f i libucrt:argv_data.obj
 0001:00003e1c       ?do_always_noconv@?$codecvt@DDU_Mbstatet@@@std@@MBE_NXZ 10004e1c f i libcpmt:cerr.obj
 0001:00003e1f       ?do_max_length@codecvt_base@std@@MBEHXZ 10004e1f f i libcpmt:cerr.obj
 0001:00003e1f       ?do_encoding@codecvt_base@std@@MBEHXZ 10004e1f f i libcpmt:cerr.obj
 0001:00003e1f       __get_startup_argv_mode    10004e1f f i LIBCMT:argv_mode.obj
 0001:00003e23       ?do_in@?$codecvt@DDU_Mbstatet@@@std@@MBEHAAU_Mbstatet@@PBD1AAPBDPAD3AAPAD@Z 10004e23 f i libcpmt:cerr.obj
 0001:00003e23       ?do_out@?$codecvt@DDU_Mbstatet@@@std@@MBEHAAU_Mbstatet@@PBD1AAPBDPAD3AAPAD@Z 10004e23 f i libcpmt:cerr.obj
 0001:00003e3d       ?do_length@?$codecvt@DDU_Mbstatet@@@std@@MBEHAAU_Mbstatet@@PBD1I@Z 10004e3d f i libcpmt:cerr.obj
 0001:00003e52       ?do_narrow@?$ctype@D@std@@MBEDDD@Z 10004e52 f i libcpmt:cerr.obj
 0001:00003e5c       ?do_narrow@?$ctype@D@std@@MBEPBDPBD0DPAD@Z 10004e5c f i libcpmt:cerr.obj
 0001:00003e7b       ?do_tolower@?$ctype@D@std@@MBEDD@Z 10004e7b f i libcpmt:cerr.obj
 0001:00003e92       ?do_tolower@?$ctype@D@std@@MBEPBDPADPBD@Z 10004e92 f i libcpmt:cerr.obj
 0001:00003ed4       ?do_toupper@?$ctype@D@std@@MBEDD@Z 10004ed4 f i libcpmt:cerr.obj
 0001:00003eeb       ?do_toupper@?$ctype@D@std@@MBEPBDPADPBD@Z 10004eeb f i libcpmt:cerr.obj
 0001:00003f2d       ?do_unshift@?$codecvt@DDU_Mbstatet@@@std@@MBEHAAU_Mbstatet@@PAD1AAPAD@Z 10004f2d f i libcpmt:cerr.obj
 0001:00003f3e       ?do_widen@?$ctype@D@std@@MBEDD@Z 10004f3e f i libcpmt:cerr.obj
 0001:00003f48       ?do_widen@?$ctype@D@std@@MBEPBDPBD0PAD@Z 10004f48 f i libcpmt:cerr.obj
 0001:00003f67       ?erase@?$basic_string@DU?$char_traits@D@std@@V?$allocator@D@2@@std@@QAEAAV12@II@Z 10004f67 f i libcpmt:cerr.obj
 0001:00003fb2       ?imbue@?$basic_filebuf@DU?$char_traits@D@std@@@std@@MAEXABVlocale@2@@Z 10004fb2 f i libcpmt:cerr.obj
 0001:00003fce       ?imbue@?$basic_streambuf@DU?$char_traits@D@std@@@std@@MAEXABVlocale@2@@Z 10004fce f i libcpmt:cerr.obj
 0001:00003fd1       ?init@?$basic_ios@DU?$char_traits@D@std@@@std@@IAEXPAV?$basic_streambuf@DU?$char_traits@D@std@@@2@_N@Z 10004fd1 f i libcpmt:cerr.obj
 0001:0000401a       ?overflow@?$basic_filebuf@DU?$char_traits@D@std@@@std@@MAEHH@Z 1000501a f i libcpmt:cerr.obj
 0001:00004122       ?pbackfail@?$basic_streambuf@DU?$char_traits@D@std@@@std@@MAEHH@Z 10005122 f i libcpmt:cerr.obj
 0001:00004122       ?overflow@?$basic_streambuf@DU?$char_traits@D@std@@@std@@MAEHH@Z 10005122 f i libcpmt:cerr.obj
 0001:00004128       ?pbackfail@?$basic_filebuf@DU?$char_traits@D@std@@@std@@MAEHH@Z 10005128 f i libcpmt:cerr.obj
 0001:000041aa       ?push_back@?$basic_string@DU?$char_traits@D@std@@V?$allocator@D@2@@std@@QAEXD@Z 100051aa f i libcpmt:cerr.obj
 0001:000041e6       ?seekoff@?$basic_filebuf@DU?$char_traits@D@std@@@std@@MAE?AV?$fpos@U_Mbstatet@@@2@_JHH@Z 100051e6 f i libcpmt:cerr.obj
 0001:0000429c       ?seekoff@?$basic_streambuf@DU?$char_traits@D@std@@@std@@MAE?AV?$fpos@U_Mbstatet@@@2@_JHH@Z 1000529c f i libcpmt:cerr.obj
 0001:000042bb       ?seekpos@?$basic_filebuf@DU?$char_traits@D@std@@@std@@MAE?AV?$fpos@U_Mbstatet@@@2@V32@H@Z 100052bb f i libcpmt:cerr.obj
 0001:00004340       ?seekpos@?$basic_streambuf@DU?$char_traits@D@std@@@std@@MAE?AV?$fpos@U_Mbstatet@@@2@V32@H@Z 10005340 f i libcpmt:cerr.obj
 0001:0000435f       ?setbuf@?$basic_filebuf@DU?$char_traits@D@std@@@std@@MAEPAV?$basic_streambuf@DU?$char_traits@D@std@@@2@PAD_J@Z 1000535f f i libcpmt:cerr.obj
 0001:000043ad       ?setbuf@?$basic_streambuf@DU?$char_traits@D@std@@@std@@MAEPAV12@PAD_J@Z 100053ad f i libcpmt:cerr.obj
 0001:000043b2       ?showmanyc@?$basic_streambuf@DU?$char_traits@D@std@@@std@@MAE_JXZ 100053b2 f i libcpmt:cerr.obj
 0001:000043b7       ?sync@?$basic_filebuf@DU?$char_traits@D@std@@@std@@MAEHXZ 100053b7 f i libcpmt:cerr.obj
 0001:000043f0       ?sync@?$basic_streambuf@DU?$char_traits@D@std@@@std@@MAEHXZ 100053f0 f i libcpmt:cerr.obj
 0001:000043f3       ?uflow@?$basic_filebuf@DU?$char_traits@D@std@@@std@@MAEHXZ 100053f3 f i libcpmt:cerr.obj
 0001:00004571       ?uflow@?$basic_streambuf@DU?$char_traits@D@std@@@std@@MAEHXZ 10005571 f i libcpmt:cerr.obj
 0001:000045a4       ?underflow@?$basic_filebuf@DU?$char_traits@D@std@@@std@@MAEHXZ 100055a4 f i libcpmt:cerr.obj
 0001:000045f4       ?underflow@?$basic_streambuf@DU?$char_traits@D@std@@@std@@MAEHXZ 100055f4 f i libcpmt:cerr.obj
 0001:000045f8       ?widen@?$basic_ios@DU?$char_traits@D@std@@@std@@QBEDD@Z 100055f8 f i libcpmt:cerr.obj
 0001:00004647       ?xsgetn@?$basic_filebuf@DU?$char_traits@D@std@@@std@@MAE_JPAD_J@Z 10005647 f i libcpmt:cerr.obj
 0001:0000472e       ?xsgetn@?$basic_streambuf@DU?$char_traits@D@std@@@std@@MAE_JPAD_J@Z 1000572e f i libcpmt:cerr.obj
 0001:0000480a       ?xsputn@?$basic_filebuf@DU?$char_traits@D@std@@@std@@MAE_JPBD_J@Z 1000580a f i libcpmt:cerr.obj
 0001:000048de       ?xsputn@?$basic_streambuf@DU?$char_traits@D@std@@@std@@MAE_JPBD_J@Z 100058de f i libcpmt:cerr.obj
 0001:000049b6       ??0bad_alloc@std@@QAE@ABV01@@Z 100059b6 f i libcpmt:xthrow.obj
 0001:000049d1       ??0bad_alloc@std@@QAE@XZ   100059d1 f i libcpmt:xthrow.obj
 0001:000049e9       ??0length_error@std@@QAE@ABV01@@Z 100059e9 f i libcpmt:xthrow.obj
 0001:00004a04       ??0length_error@std@@QAE@PBD@Z 10005a04 f i libcpmt:xthrow.obj
 0001:00004a23       ??0logic_error@std@@QAE@ABV01@@Z 10005a23 f i libcpmt:xthrow.obj
 0001:00004a3e       ??0out_of_range@std@@QAE@ABV01@@Z 10005a3e f i libcpmt:xthrow.obj
 0001:00004a59       ??0out_of_range@std@@QAE@PBD@Z 10005a59 f i libcpmt:xthrow.obj
 0001:00004a78       ?_Xlength_error@std@@YAXPBD@Z 10005a78 f   libcpmt:xthrow.obj
 0001:00004a98       ?_Xout_of_range@std@@YAXPBD@Z 10005a98 f   libcpmt:xthrow.obj
 0001:00004ab8       ?_Syserror_map@std@@YAPBDH@Z 10005ab8 f   libcpmt:syserror.obj
 0001:00004e87       ___crtInitOnceExecuteOnce  10005e87 f   libcpmt:winapisupp.obj
 0001:00004f15       ___crtInitializeCriticalSectionEx 10005f15 f   libcpmt:winapisupp.obj
 0001:00004f4e       ??0_Init_locks@std@@QAE@XZ 10005f4e f   libcpmt:xlock.obj
 0001:00004f7b       ??0_Lockit@std@@QAE@H@Z    10005f7b f   libcpmt:xlock.obj
 0001:00004fac       ??1_Init_locks@std@@QAE@XZ 10005fac f   libcpmt:xlock.obj
 0001:00004fd3       ??1_Lockit@std@@QAE@XZ     10005fd3 f   libcpmt:xlock.obj
 0001:00004ff2       __Getctype                 10005ff2 f   libcpmt:_tolower.obj
 0001:0000505a       __Tolower                  1000605a f   libcpmt:_tolower.obj
 0001:00005158       __Toupper                  10006158 f   libcpmt:_toupper.obj
 0001:00005256       ??0_Locimp@locale@std@@AAE@_N@Z 10006256 f i libcpmt:locale0.obj
 0001:00005297       ??1_Fac_node@std@@QAE@XZ   10006297 f i libcpmt:locale0.obj
 0001:000052f6       ??1_Fac_tidy_reg_t@std@@QAE@XZ 100062f6 f i libcpmt:locale0.obj
 0001:0000531d       ??1_Locimp@locale@std@@MAE@XZ 1000631d f i libcpmt:locale0.obj
 0001:00005376       ??4?$_Yarn@D@std@@QAEAAV01@PBD@Z 10006376 f i libcpmt:locale0.obj
 0001:000053ca       ??_E_Locimp@locale@std@@MAEPAXI@Z 100063ca f i libcpmt:locale0.obj
 0001:000053ca       ??_G_Locimp@locale@std@@MAEPAXI@Z 100063ca f i libcpmt:locale0.obj
 0001:000053ec       ?_Facet_Register@std@@YAXPAV_Facet_base@1@@Z 100063ec f   libcpmt:locale0.obj
 0001:00005418       ?_Getgloballocale@locale@std@@CAPAV_Locimp@12@XZ 10006418 f   libcpmt:locale0.obj
 0001:0000541e       ?_Init@locale@std@@CAPAV_Locimp@12@_N@Z 1000641e f   libcpmt:locale0.obj
 0001:000054ae       ?_Locimp_dtor@_Locimp@locale@std@@CAXPAV123@@Z 100064ae f   libcpmt:locale0.obj
 0001:00005525       ?_Locinfo_ctor@_Locinfo@std@@SAXPAV12@PBD@Z 10006525 f   libcpmt:locale0.obj
 0001:00005570       ?_Locinfo_dtor@_Locinfo@std@@SAXPAV12@@Z 10006570 f   libcpmt:locale0.obj
 0001:0000558a       ?_New_Locimp@_Locimp@locale@std@@CAPAV123@_N@Z 1000658a f   libcpmt:locale0.obj
 0001:000055ad       ?_Setgloballocale@locale@std@@CAXPAX@Z 100065ad f   libcpmt:locale0.obj
 0001:000055d5       __Deletegloballocale       100065d5 f   libcpmt:locale0.obj
 0001:0000563a       ?_Addstd@ios_base@std@@SAXPAV12@@Z 1000663a f   libcpmt:ios.obj
 0001:00005686       ?_Callfns@ios_base@std@@AAEXW4event@12@@Z 10006686 f i libcpmt:ios.obj
 0001:000056b9       ?_Ios_base_dtor@ios_base@std@@CAXPAV12@@Z 100066b9 f   libcpmt:ios.obj
 0001:000056f9       ?_Tidy@ios_base@std@@AAEXXZ 100066f9 f i libcpmt:ios.obj
 0001:00005741       ??1_Init_atexit@@QAE@XZ    10006741 f i libcpmt:iosptrs.obj
 0001:000057a4       ?_Atexit@@YAXP6AXXZ@Z      100067a4 f   libcpmt:iosptrs.obj
 0001:000057d2       __Mtxdst                   100067d2 f   libcpmt:xmtx.obj
 0001:000057e0       __Mtxinit                  100067e0 f   libcpmt:xmtx.obj
 0001:000057f7       __Mtxlock                  100067f7 f   libcpmt:xmtx.obj
 0001:00005805       __Mtxunlock                10006805 f   libcpmt:xmtx.obj
 0001:00005813       ___crtLCMapStringA         10006813 f   libcpmt:StlLCMapStringA.obj
 0001:000059e8       __freea_crt                100069e8 f i libcpmt:StlLCMapStringA.obj
 0001:00005a06       ___local_stdio_printf_options 10006a06 f i libcpmt:locale.obj
 0001:00005a0c       _GetTableIndexFromLocaleName 10006a0c f   libcpmt:winapinls.obj
 0001:00005a5a       ___crtDownlevelLocaleNameToLCID 10006a5a f   libcpmt:winapinls.obj
 0001:00005a84       ___crtLCMapStringEx        10006a84 f   libcpmt:winapinls.obj
 0001:00005adb       ___wcsnicmp_ascii          10006adb f   libcpmt:winapinls.obj
 0001:00005b43       @__security_check_cookie@4 10006b43 f   LIBCMT:secchk.obj
 0001:00005b54       ??2@YAPAXI@Z               10006b54 f   LIBCMT:new_scalar.obj
 0001:00005b84       ??3@YAXPAXI@Z              10006b84 f   LIBCMT:delete_scalar_size.obj
 0001:00005eb2       __DllMainCRTStartup@12     10006eb2 f   LIBCMT:dll_dllmain.obj
 0001:00005ed5       __EH_epilog3               10006ed5 f   LIBCMT:ehprolg3.obj
 0001:00005eea       __EH_epilog3_GS            10006eea f   LIBCMT:ehprolg3.obj
 0001:00005efb       __EH_prolog3               10006efb f   LIBCMT:ehprolg3.obj
 0001:00005f2f       __EH_prolog3_GS            10006f2f f   LIBCMT:ehprolg3.obj
 0001:00005f66       __EH_prolog3_catch         10006f66 f   LIBCMT:ehprolg3.obj
 0001:00005f9d       ??_Gtype_info@@UAEPAXI@Z   10006f9d f i LIBCMT:std_type_info_static.obj
 0001:00005f9d       ??_Etype_info@@UAEPAXI@Z   10006f9d f i LIBCMT:std_type_info_static.obj
 0001:00005fc0       ??_V@YAXPAX@Z              10006fc0 f   LIBCMT:delete_array.obj
 0001:00005fc5       ??$__crt_fast_encode_pointer@PAP6AXXZ@@YAPAP6AXXZQAP6AXXZ@Z 10006fc5 f i LIBCMT:utility.obj
 0001:00005fc5       ??$__crt_fast_encode_pointer@PAX@@YAPAXQAX@Z 10006fc5 f i libvcruntime:winapi_downlevel.obj
 0001:00006026       ___scrt_acquire_startup_lock 10007026 f   LIBCMT:utility.obj
 0001:00006058       ___scrt_dllmain_after_initialize_c 10007058 f   LIBCMT:utility.obj
 0001:00006083       ___scrt_dllmain_before_initialize_c 10007083 f   LIBCMT:utility.obj
 0001:00006091       ___scrt_dllmain_crt_thread_attach 10007091 f   LIBCMT:utility.obj
 0001:000060b0       ___scrt_dllmain_crt_thread_detach 100070b0 f   LIBCMT:utility.obj
 0001:000060bd       ___scrt_dllmain_exception_filter 100070bd f   LIBCMT:utility.obj
 0001:000060f1       ___scrt_dllmain_uninitialize_c 100070f1 f   LIBCMT:utility.obj
 0001:00006114       ___scrt_dllmain_uninitialize_critical 10007114 f   LIBCMT:utility.obj
 0001:00006121       ___scrt_initialize_crt     10007121 f   LIBCMT:utility.obj
 0001:0000615a       ___scrt_initialize_onexit_tables 1000715a f   LIBCMT:utility.obj
 0001:000061ff       ___scrt_is_nonwritable_in_current_image 100071ff f   LIBCMT:utility.obj
 0001:00006293       ___scrt_release_startup_lock 10007293 f   LIBCMT:utility.obj
 0001:000062b0       ___scrt_uninitialize_crt   100072b0 f   LIBCMT:utility.obj
 0001:000062d8       __onexit                   100072d8 f   LIBCMT:utility.obj
 0001:00006313       _atexit                    10007313 f   LIBCMT:utility.obj
 0001:00006330       __alloca_probe_16          10007330 f   LIBCMT:alloca16.obj
 0001:00006346       __alloca_probe_8           10007346     LIBCMT:alloca16.obj
 0001:00006360       __allmul                   10007360 f   LIBCMT:llmul.obj
 0001:000063a0       __aulldiv                  100073a0 f   LIBCMT:ulldiv.obj
 0001:00006408       ___raise_securityfailure   10007408 f   LIBCMT:gs_report.obj
 0001:00006430       ___report_gsfailure        10007430 f   LIBCMT:gs_report.obj
 0001:00006529       ___report_rangecheckfailure 10007529 f   LIBCMT:gs_report.obj
 0001:00006535       ___report_securityfailure  10007535 f   LIBCMT:gs_report.obj
 0001:00006603       ??0bad_array_new_length@std@@QAE@ABV01@@Z 10007603 f i LIBCMT:throw_bad_alloc.obj
 0001:0000661e       ??0bad_array_new_length@std@@QAE@XZ 1000761e f i LIBCMT:throw_bad_alloc.obj
 0001:00006636       ?__scrt_throw_std_bad_alloc@@YAXXZ 10007636 f   LIBCMT:throw_bad_alloc.obj
 0001:00006653       ?__scrt_throw_std_bad_array_new_length@@YAXXZ 10007653 f   LIBCMT:throw_bad_alloc.obj
 0001:00006670       ??3@YAXPAX@Z               10007670 f   LIBCMT:delete_scalar.obj
 0001:000066c2       ___security_init_cookie    100076c2 f   LIBCMT:gs_support.obj
 0001:0000670d       _DllMain@12                1000770d f   LIBCMT:dll_dllmain_stub.obj
 0001:00006713       ?__scrt_initialize_type_info@@YAXXZ 10007713 f   LIBCMT:tncleanup.obj
 0001:0000671f       ?__scrt_uninitialize_type_info@@YAXXZ 1000771f f   LIBCMT:tncleanup.obj
 0001:0000672b       ___local_stdio_scanf_options 1000772b f i LIBCMT:default_local_stdio_options.obj
 0001:00006731       ___scrt_initialize_default_local_stdio_options 10007731 f   LIBCMT:default_local_stdio_options.obj
 0001:0000674e       ___scrt_get_dyn_tls_init_callback 1000774e f   LIBCMT:dyn_tls_init.obj
 0001:00006754       ___scrt_fastfail           10007754 f   LIBCMT:utility_desktop.obj
 0001:0000686e       __crt_debugger_hook        1000786e f   LIBCMT:utility_desktop.obj
 0001:00006876       __RTC_Initialize           10007876 f   LIBCMT:initsect.obj
 0001:000068a2       __RTC_Terminate            100078a2 f   LIBCMT:initsect.obj
 0001:000068d0       __SEH_prolog4              100078d0 f   LIBCMT:sehprolg4.obj
 0001:00006916       __SEH_epilog4              10007916 f   LIBCMT:sehprolg4.obj
 0001:0000692b       ___isa_available_init      1000792b f   LIBCMT:cpu_disp.obj
 0001:00006ac2       ___scrt_is_ucrt_dll_in_use 10007ac2 f   LIBCMT:ucrt_detection.obj
 0001:00006ad0       __chkstk                   10007ad0 f   LIBCMT:chkstk.obj
 0001:00006ad0       __alloca_probe             10007ad0 f   LIBCMT:chkstk.obj
 0001:00006afd       ___std_exception_copy      10007afd f   libvcruntime:std_exception.obj
 0001:00006b60       ___std_exception_destroy   10007b60 f   libvcruntime:std_exception.obj
 0001:00006b7f       __CxxThrowException@8      10007b7f f   libvcruntime:throw.obj
 0001:00006bec       ?GetRangeOfTrysToCheck@__FrameHandler3@@SA?AU?$pair@Viterator@TryBlockMap@__FrameHandler3@@V123@@std@@AAVTryBlockMap@1@HH@Z 10007bec f   libvcruntime:trnsctrl.obj
 0001:00006c6e       ?_CallCatchBlock2@@YAPAXPAUEHRegistrationNode@@PBU_s_FuncInfo@@PAXHK@Z 10007c6e f   libvcruntime:trnsctrl.obj
 0001:00006ccc       ?_CallSETranslator@@YAHPAUEHExceptionRecord@@PAUEHRegistrationNode@@PAX2PBU_s_FuncInfo@@H1@Z 10007ccc f   libvcruntime:trnsctrl.obj
 0001:00006da7       ?_JumpToContinuation@@YGXPAXPAUEHRegistrationNode@@@Z 10007da7 f   libvcruntime:trnsctrl.obj
 0001:00006dd7       ?_UnwindNestedFrames@@YGXPAUEHRegistrationNode@@PAUEHExceptionRecord@@@Z 10007dd7 f   libvcruntime:trnsctrl.obj
 0001:00006e2a       __CatchGuardHandler        10007e2a f   libvcruntime:trnsctrl.obj
 0001:00006e5b       __CreateFrameInfo          10007e5b f   libvcruntime:trnsctrl.obj
 0001:00006e7f       __FindAndUnlinkFrame       10007e7f f   libvcruntime:trnsctrl.obj
 0001:00006ec4       __TranslatorGuardHandler   10007ec4 f   libvcruntime:trnsctrl.obj
 0001:00006f61       ___CxxFrameHandler3        10007f61 f   libvcruntime:trnsctrl.obj
 0001:00006fa0       _memcpy                    10007fa0 f   libvcruntime:memcpy.obj
 0001:00007520       _memmove                   10008520 f   libvcruntime:memmove.obj
 0001:00007aa0       _memset                    10008aa0 f   libvcruntime:memset.obj
 0001:00007bfa       __get_purecall_handler     10008bfa f   libvcruntime:purevirt.obj
 0001:00007c0f       __purecall                 10008c0f f   libvcruntime:purevirt.obj
 0001:00007c2b       ___DestructExceptionObject 10008c2b f   libvcruntime:ehhelpers.obj
 0001:00007ccb       ?_CallMemberFunction0@@YGXQAX0@Z 10008ccb f i libvcruntime:ehhelpers.obj
 0001:00007cd8       __IsExceptionObjectToBeDestroyed 10008cd8 f   libvcruntime:ehhelpers.obj
 0001:00007cfe       ___AdjustPointer           10008cfe f   libvcruntime:ehhelpers.obj
 0001:00007d23       ___FrameUnwindFilter       10008d23 f   libvcruntime:ehhelpers.obj
 0001:00007d68       ___std_terminate           10008d68 f   libvcruntime:ehhelpers.obj
 0001:00007d70       _memchr                    10008d70 f   libvcruntime:memchr.obj
 0001:00007e1d       _memcmp                    10008e1d f   libvcruntime:memcmp.obj
 0001:00008e10       __except_handler4          10009e10 f   libvcruntime:chandler4.obj
 0001:00008f67       ___vcrt_initialize         10009f67 f   libvcruntime:initialization.obj
 0001:00008f90       ___vcrt_thread_attach      10009f90 f   libvcruntime:initialization.obj
 0001:00008f9b       ___vcrt_thread_detach      10009f9b f   libvcruntime:initialization.obj
 0001:00008fa6       ___vcrt_uninitialize       10009fa6 f   libvcruntime:initialization.obj
 0001:00008fc5       ___vcrt_uninitialize_critical 10009fc5 f   libvcruntime:initialization.obj
 0001:00008fcd       ___std_type_info_compare   10009fcd f   libvcruntime:std_type_info.obj
 0001:00009009       ___std_type_info_destroy_list 1000a009 f   libvcruntime:std_type_info.obj
 0001:0000902c       ___vcrt_freefls@4          1000a02c f   libvcruntime:per_thread_data.obj
 0001:00009048       ___vcrt_freeptd            1000a048 f   libvcruntime:per_thread_data.obj
 0001:0000907e       ___vcrt_getptd             1000a07e f   libvcruntime:per_thread_data.obj
 0001:0000908c       ___vcrt_getptd_noexit      1000a08c f   libvcruntime:per_thread_data.obj
 0001:0000911e       ___vcrt_initialize_ptd     1000a11e f   libvcruntime:per_thread_data.obj
 0001:00009151       ___vcrt_uninitialize_ptd   1000a151 f   libvcruntime:per_thread_data.obj
 0001:00009863       ??$TypeMatchHelper@V__FrameHandler3@@@@YAHPBU_s_HandlerType@@PBU_s_CatchableType@@PBU_s_ThrowInfo@@@Z 1000a863 f i libvcruntime:frame.obj
 0001:000098f1       ??$__InternalCxxFrameHandler@V__FrameHandler3@@@@YA?AW4_EXCEPTION_DISPOSITION@@PAUEHExceptionRecord@@PAUEHRegistrationNode@@PAU_CONTEXT@@PAXPBU_s_FuncInfo@@H1E@Z 1000a8f1 f i libvcruntime:frame.obj
 0001:000099f3       ??0bad_exception@std@@QAE@ABV01@@Z 1000a9f3 f i libvcruntime:frame.obj
 0001:00009a0e       ??0bad_exception@std@@QAE@XZ 1000aa0e f i libvcruntime:frame.obj
 0001:00009a26       ??8type_info@@QBE_NABV0@@Z 1000aa26 f i libvcruntime:frame.obj
 0001:00009c8d       ?FrameUnwindToEmptyState@__FrameHandler3@@SAXPAUEHRegistrationNode@@PAXPBU_s_FuncInfo@@@Z 1000ac8d f   libvcruntime:frame.obj
 0001:00009ca5       ?FrameUnwindToState@__FrameHandler3@@SAXPAUEHRegistrationNode@@PAXPBU_s_FuncInfo@@H@Z 1000aca5 f   libvcruntime:frame.obj
 0001:00009e27       ?_CallMemberFunction1@@YGXQAX00@Z 1000ae27 f i libvcruntime:frame.obj
 0001:00009e37       ?_CallMemberFunction2@@YGXQAX00H@Z 1000ae37 f i libvcruntime:frame.obj
 0001:00009e4a       ?getESTypes@__FrameHandler3@@SAPBU_s_ESTypeList@@PBU_s_FuncInfo@@@Z 1000ae4a f i libvcruntime:frame.obj
 0001:00009e60       __CallSettingFrame@12      1000ae60 f   libvcruntime:lowhelpr.obj
 0001:00009e87       __NLG_Return               1000ae87     libvcruntime:lowhelpr.obj
 0001:00009eac       ___except_validate_context_record 1000aeac f   libvcruntime:jbcxrval.obj
 0001:00009edc       ___except_validate_jump_buffer 1000aedc f   libvcruntime:jbcxrval.obj
 0001:00009f09       ___vcrt_initialize_pure_virtual_call_handler 1000af09 f   libvcruntime:purevirt_data.obj
 0001:00009f20       __local_unwind4            1000af20 f   libvcruntime:exsup4.obj
 0001:00009ff8       __seh_longjmp_unwind4@4    1000aff8 f   libvcruntime:exsup4.obj
 0001:0000a020       @_EH4_CallFilterFunc@8     1000b020 f   libvcruntime:exsup4.obj
 0001:0000a038       @_EH4_TransferToHandler@8  1000b038 f   libvcruntime:exsup4.obj
 0001:0000a054       @_EH4_GlobalUnwind2@8      1000b054 f   libvcruntime:exsup4.obj
 0001:0000a070       @_EH4_LocalUnwind@16       1000b070 f   libvcruntime:exsup4.obj
 0001:0000a087       ___vcrt_initialize_locks   1000b087 f   libvcruntime:locks.obj
 0001:0000a0c3       ___vcrt_uninitialize_locks 1000b0c3 f   libvcruntime:locks.obj
 0001:0000a225       ___vcrt_FlsAlloc           1000b225 f   libvcruntime:winapi_downlevel.obj
 0001:0000a260       ___vcrt_FlsFree            1000b260 f   libvcruntime:winapi_downlevel.obj
 0001:0000a29b       ___vcrt_FlsGetValue        1000b29b f   libvcruntime:winapi_downlevel.obj
 0001:0000a2d6       ___vcrt_FlsSetValue        1000b2d6 f   libvcruntime:winapi_downlevel.obj
 0001:0000a314       ___vcrt_InitializeCriticalSectionEx 1000b314 f   libvcruntime:winapi_downlevel.obj
 0001:0000a35b       ___vcrt_initialize_winapi_thunks 1000b35b f   libvcruntime:winapi_downlevel.obj
 0001:0000a384       ___vcrt_uninitialize_winapi_thunks 1000b384 f   libvcruntime:winapi_downlevel.obj
 0001:0000a3b6       _unexpected                1000b3b6 f   libvcruntime:unexpected.obj
 0001:0000a3d3       ?GetCurrentState@__FrameHandler3@@SAHPAUEHRegistrationNode@@PAXPBU_s_FuncInfo@@@Z 1000b3d3 f   libvcruntime:ehstate.obj
 0001:0000a3f0       ?SetState@__FrameHandler3@@SAXPAUEHRegistrationNode@@PBU_s_FuncInfo@@H@Z 1000b3f0 f   libvcruntime:ehstate.obj
 0001:0000a400       __global_unwind2           1000b400 f   libvcruntime:exsup.obj
 0001:0000a466       __local_unwind2            1000b466 f   libvcruntime:exsup.obj
 0001:0000a4ea       __abnormal_termination     1000b4ea f   libvcruntime:exsup.obj
 0001:0000a510       __NLG_Notify1              1000b510 f   libvcruntime:exsup.obj
 0001:0000a51c       __NLG_Notify               1000b51c f   libvcruntime:exsup.obj
 0001:0000a533       __NLG_Dispatch2            1000b533     libvcruntime:exsup.obj
 0001:0000a533       __NLG_Dispatch             1000b533     libvcruntime:exsup.obj
 0001:0000a53b       __NLG_Call                 1000b53b f   libvcruntime:exsup.obj
 0001:0000a53d       __NLG_Return2              1000b53d     libvcruntime:exsup.obj
 0001:0000a53e       ___acrt_call_reportfault   1000b53e f   libucrt:invalid_parameter.obj
 0001:0000a677       ___acrt_initialize_invalid_parameter_handler 1000b677 f   libucrt:invalid_parameter.obj
 0001:0000a686       __invalid_parameter        1000b686 f   libucrt:invalid_parameter.obj
 0001:0000a6ea       __invalid_parameter_noinfo 1000b6ea f   libucrt:invalid_parameter.obj
 0001:0000a6fa       __invalid_parameter_noinfo_noreturn 1000b6fa f   libucrt:invalid_parameter.obj
 0001:0000a717       __invoke_watson            1000b717 f   libucrt:invalid_parameter.obj
 0001:0000a74b       _realloc                   1000b74b f   libucrt:realloc.obj
 0001:0000a756       __aligned_realloc          1000b756 f   libucrt:align.obj
 0001:0000a8e1       ??0_LocaleUpdate@@QAE@QAU__crt_locale_pointers@@@Z 1000b8e1 f i libucrt:stricmp.obj
 0001:0000a964       ??1_LocaleUpdate@@QAE@XZ   1000b964 f i libucrt:stricmp.obj
 0001:0000a974       ___ascii_stricmp           1000b974 f   libucrt:stricmp.obj
 0001:0000a9ad       __stricmp                  1000b9ad f   libucrt:stricmp.obj
 0001:0000a9f6       __stricmp_l                1000b9f6 f   libucrt:stricmp.obj
 0001:0000aa84       _terminate                 1000ba84 f   libucrt:terminate.obj
 0001:0000aac0       _free                      1000bac0 f   libucrt:free.obj
 0001:0000aadb       ___acrt_initialize_stdio   1000badb f   libucrt:_file.obj
 0001:0000aba3       ___acrt_iob_func           1000bba3 f   libucrt:_file.obj
 0001:0000abb3       ___acrt_uninitialize_stdio 1000bbb3 f   libucrt:_file.obj
 0001:0000abff       __get_stream_buffer_pointers 1000bbff f   libucrt:_file.obj
 0001:0000ac45       __lock_file                1000bc45 f   libucrt:_file.obj
 0001:0000ac59       __unlock_file              1000bc59 f   libucrt:_file.obj
 0001:0000ac6d       __fclose_nolock            1000bc6d f   libucrt:fclose.obj
 0001:0000ace4       _fclose                    1000bce4 f   libucrt:fclose.obj
 0001:0000afa5       ___acrt_stdio_flush_nolock 1000bfa5 f   libucrt:fflush.obj
 0001:0000b00a       __fflush_nolock            1000c00a f   libucrt:fflush.obj
 0001:0000b052       __flushall                 1000c052 f   libucrt:fflush.obj
 0001:0000b05b       _fflush                    1000c05b f   libucrt:fflush.obj
 0001:0000b0b0       __fgetc_nolock             1000c0b0 f   libucrt:fgetc.obj
 0001:0000b0ec       _fgetc                     1000c0ec f   libucrt:fgetc.obj
 0001:0000b1f4       _fgetpos                   1000c1f4 f   libucrt:fgetpos.obj
 0001:0000b24f       __fputc_nolock             1000c24f f   libucrt:fputc.obj
 0001:0000b278       _fputc                     1000c278 f   libucrt:fputc.obj
 0001:0000b382       __fread_nolock_s           1000c382 f   libucrt:fread.obj
 0001:0000b568       _fread                     1000c568 f   libucrt:fread.obj
 0001:0000b585       _fread_s                   1000c585 f   libucrt:fread.obj
 0001:0000b6a3       _fsetpos                   1000c6a3 f   libucrt:fsetpos.obj
 0001:0000b6de       ?LongLongSub@@YAJ_J0PA_J@Z 1000c6de f i libucrt:fseek.obj
 0001:0000b99a       __fseeki64                 1000c99a f   libucrt:fseek.obj
 0001:0000ba53       __fwrite_nolock            1000ca53 f   libucrt:fwrite.obj
 0001:0000bbd4       _fwrite                    1000cbd4 f   libucrt:fwrite.obj
 0001:0000bd5f       _setvbuf                   1000cd5f f   libucrt:setvbuf.obj
 0001:0000bde1       __ungetc_nolock            1000cde1 f   libucrt:ungetc.obj
 0001:0000bedb       _ungetc                    1000cedb f   libucrt:ungetc.obj
 0001:0000bf4e       ___acrt_initialize_locks   1000cf4e f   libucrt:locks.obj
 0001:0000bf8f       ___acrt_lock               1000cf8f f   libucrt:locks.obj
 0001:0000bfa6       ___acrt_uninitialize_locks 1000cfa6 f   libucrt:locks.obj
 0001:0000bfd7       ___acrt_unlock             1000cfd7 f   libucrt:locks.obj
 0001:0000bfee       __lock_locales             1000cfee f   libucrt:locks.obj
 0001:0000bffc       __unlock_locales           1000cffc f   libucrt:locks.obj
 0001:0000c005       _calloc                    1000d005 f   libucrt:calloc.obj
 0001:0000c010       ___pctype_func             1000d010 f   libucrt:ctype.obj
 0001:0000c034       ___acrt_locale_get_ctype_array_value 1000d034 f i libucrt:_ctype.obj
 0001:0000c056       __ischartype_l             1000d056 f i libucrt:_ctype.obj
 0001:0000c0aa       __islower_l                1000d0aa f i libucrt:_ctype.obj
 0001:0000c0e0       __isupper_l                1000d0e0 f i libucrt:_ctype.obj
 0001:0000c116       _islower                   1000d116 f i libucrt:_ctype.obj
 0001:0000c147       _isupper                   1000d147 f i libucrt:_ctype.obj
 0001:0000c178       __wcsdup                   1000d178 f   libucrt:wcsdup.obj
 0001:0000c1d7       ____lc_codepage_func       1000d1d7 f   libucrt:initctype.obj
 0001:0000c1fc       ____lc_locale_name_func    1000d1fc f   libucrt:initctype.obj
 0001:0000c223       ___acrt_locale_initialize_ctype 1000d223 f   libucrt:initctype.obj
 0001:0000c681       _malloc                    1000d681 f   libucrt:malloc.obj
 0001:0000c8e6       _setlocale                 1000d8e6 f   libucrt:setlocale.obj
 0001:0000c91e       _abort                     1000d91e f   libucrt:abort.obj
 0001:0000c962       ___strncnt                 1000d962 f   libucrt:strncnt.obj
 0001:0000c97e       ___acrt_errno_from_os_error 1000d97e f   libucrt:errno.obj
 0001:0000c9c1       ___acrt_errno_map_os_error 1000d9c1 f   libucrt:errno.obj
 0001:0000c9e4       ___doserrno                1000d9e4 f   libucrt:errno.obj
 0001:0000c9f7       __errno                    1000d9f7 f   libucrt:errno.obj
 0001:0000ca0a       ?unget@?$c_string_character_source@_W@__crt_strtox@@QAEX_W@Z 1000da0a f i libucrt:strtod.obj
 0001:0000ca38       ?validate@?$c_string_character_source@_W@__crt_strtox@@QBE_NXZ 1000da38 f i libucrt:strtod.obj
 0001:0000ca60       _strcspn                   1000da60 f   libucrt:strcspn.obj
 0001:0000cab0       __CIpow                    1000dab0 f   libucrt:pow_impl.obj
 0001:0000caeb       __CIpow_default            1000daeb f   libucrt:pow_impl.obj
 0001:0000cb04       __pow_default              1000db04     libucrt:pow_impl.obj
 0001:0000ccf9       _wcscpy_s                  1000dcf9 f   libucrt:wcscpy_s.obj
 0001:0000cd5d       _wcsnlen                   1000dd5d f   libucrt:strnlen.obj
 0001:0000cfbf       ??$__acrt_mbs_to_wcs_cp@U__crt_win32_buffer_internal_dynamic_resizing@@@@YAHQBDAAV?$__crt_win32_buffer@_WU__crt_win32_buffer_internal_dynamic_resizing@@@@I@Z 1000dfbf f i libucrt:strftime.obj
 0001:0000cfdc       ?_deallocate@?$__crt_win32_buffer@_WU__crt_win32_buffer_internal_dynamic_resizing@@@@AAEXXZ 1000dfdc f i libucrt:strftime.obj
 0001:0000cfdc       ?_deallocate@?$__crt_win32_buffer@DU__crt_win32_buffer_internal_dynamic_resizing@@@@AAEXXZ 1000dfdc f i libucrt:argv_wildcards.obj
 0001:0000cff6       ?allocate@?$__crt_win32_buffer@DU__crt_win32_buffer_no_resizing@@@@QAEHI@Z 1000dff6 f i libucrt:strftime.obj
 0001:0000d01d       ?allocate@?$__crt_win32_buffer@_WU__crt_win32_buffer_internal_dynamic_resizing@@@@QAEHI@Z 1000e01d f i libucrt:strftime.obj
 0001:0000d05c       ?allocate@__crt_win32_buffer_internal_dynamic_resizing@@SAHQAPAXIABV__crt_win32_buffer_empty_debug_info@@@Z 1000e05c f i libucrt:strftime.obj
 0001:0000d07b       ?set_to_nullptr@?$__crt_win32_buffer@DU__crt_win32_buffer_no_resizing@@@@QAEXXZ 1000e07b f i libucrt:strftime.obj
 0001:0000d08f       ___acrt_initialize_new_handler 1000e08f f   libucrt:new_handler.obj
 0001:0000d09e       __callnewh                 1000e09e f   libucrt:new_handler.obj
 0001:0000d0cb       __query_new_handler        1000e0cb f   libucrt:new_handler.obj
 0001:0000d127       __initterm                 1000e127 f   libucrt:initterm.obj
 0001:0000d16c       __initterm_e               1000e16c f   libucrt:initterm.obj
 0001:0000d19a       __seh_filter_dll           1000e19a f   libucrt:exception_filter.obj
 0001:0000d1ba       __seh_filter_exe           1000e1ba f   libucrt:exception_filter.obj
 0001:0000d588       ___acrt_initialize_thread_local_exit_callback 1000e588 f   libucrt:exit.obj
 0001:0000d597       __cexit                    1000e597 f   libucrt:exit.obj
 0001:0000d5a6       __exit                     1000e5a6 f   libucrt:exit.obj
 0001:0000d5bc       __is_c_termination_complete 1000e5bc f   libucrt:exit.obj
 0001:0000d870       ___acrt_allocate_buffer_for_argv 1000e870 f   libucrt:argv_parsing.obj
 0001:0000d8bf       __configure_narrow_argv    1000e8bf f   libucrt:argv_parsing.obj
 0001:0000da1c       ??$uninitialize@A6AXAAPAPA_W@Z@?$dual_state_global@PAPA_W@__crt_state_management@@QAEXA6AXAAPAPA_W@Z@Z 1000ea1c f i libucrt:environment_initialization.obj
 0001:0000da1c       ??$uninitialize@A6AXAAPAPAD@Z@?$dual_state_global@PAPAD@__crt_state_management@@QAEXA6AXAAPAPAD@Z@Z 1000ea1c f i libucrt:environment_initialization.obj
 0001:0000da7b       ___dcrt_uninitialize_environments_nolock 1000ea7b f   libucrt:environment_initialization.obj
 0001:0000dab2       __initialize_narrow_environment 1000eab2 f   libucrt:environment_initialization.obj
 0001:0000db6d       ??$__crt_fast_encode_pointer@P6AHXZ@@YAP6AHXZQ6AHXZ@Z 1000eb6d f i libucrt:onexit.obj
 0001:0000db6d       ??$__crt_fast_encode_pointer@P6GHPA_WKJ@Z@@YAP6GHPA_WKJ@ZQ6GH0KJ@Z@Z 1000eb6d f i libucrt:winapi_thunks.obj
 0001:0000dd8f       __crt_atexit               1000ed8f f   libucrt:onexit.obj
 0001:0000dda5       __execute_onexit_table     1000eda5 f   libucrt:onexit.obj
 0001:0000ddd2       __initialize_onexit_table  1000edd2 f   libucrt:onexit.obj
 0001:0000ddfb       __register_onexit_function 1000edfb f   libucrt:onexit.obj
 0001:0000df29       ___acrt_initialize         1000ef29 f   libucrt:initialization.obj
 0001:0000df3b       ___acrt_thread_attach      1000ef3b f   libucrt:initialization.obj
 0001:0000df46       ___acrt_thread_detach      1000ef46 f   libucrt:initialization.obj
 0001:0000df4e       ___acrt_uninitialize       1000ef4e f   libucrt:initialization.obj
 0001:0000df7e       ___acrt_uninitialize_critical 1000ef7e f   libucrt:initialization.obj
 0001:0000df90       _strcpy_s                  1000ef90 f   libucrt:strcpy_s.obj
 0001:0000dfea       _wcsncmp                   1000efea f   libucrt:wcsncmp.obj
 0001:0000e024       ??$is_overflow_condition@K@__crt_strtox@@YA_NIK@Z 1000f024 f i libucrt:atox.obj
 0001:0000e055       ??$parse_integer@KV?$c_string_character_source@_W@__crt_strtox@@@__crt_strtox@@YAKQAU__crt_locale_pointers@@V?$c_string_character_source@_W@0@H_N@Z 1000f055 f i libucrt:atox.obj
 0001:0000e65d       __wtol                     1000f65d f   libucrt:atox.obj
 0001:0000e680       _strncmp                   1000f680 f   libucrt:strncmp.obj
 0001:0000ea36       ___acrt_freeptd            1000fa36 f   libucrt:per_thread_data.obj
 0001:0000ea62       ___acrt_getptd             1000fa62 f   libucrt:per_thread_data.obj
 0001:0000eb1f       ___acrt_getptd_head        1000fb1f f   libucrt:per_thread_data.obj
 0001:0000ebb9       ___acrt_getptd_noexit      1000fbb9 f   libucrt:per_thread_data.obj
 0001:0000ec6e       ___acrt_initialize_ptd     1000fc6e f   libucrt:per_thread_data.obj
 0001:0000ec9a       ___acrt_uninitialize_ptd   1000fc9a f   libucrt:per_thread_data.obj
 0001:0000ecb4       __realloc_base             1000fcb4 f   libucrt:realloc_base.obj
 0001:0000ed1d       __expand                   1000fd1d f   libucrt:expand.obj
 0001:0000ed28       __expand_base              1000fd28 f   libucrt:expand.obj
 0001:0000edf0       __msize_base               1000fdf0 f   libucrt:msize.obj
 0001:0000ee23       ___acrt_update_locale_info 1000fe23 f   libucrt:locale_update.obj
 0001:0000ee50       ___acrt_update_multibyte_info 1000fe50 f   libucrt:locale_update.obj
 0001:0000ef7d       ??0_expandlocale_locale_name_cache@@QAE@QA_WIQAU__crt_qualified_locale_data@@@Z 1000ff7d f i libucrt:wsetlocale.obj
 0001:0000efc7       ??1_expandlocale_locale_name_cache@@QAE@XZ 1000ffc7 f i libucrt:wsetlocale.obj
 0001:0000f15f       ?commit_locale_name@_expandlocale_locale_name_cache@@QAEXQB_WI@Z 1001015f f i libucrt:wsetlocale.obj
 0001:0000f1a3       ?commit_locale_name_cache_already_updated@_expandlocale_locale_name_cache@@QAEXQB_WI@Z 100101a3 f i libucrt:wsetlocale.obj
 0001:0000f1d8       ___acrt_copy_locale_name   100101d8 f   libucrt:wsetlocale.obj
 0001:0000f238       ___acrt_set_locale_changed 10010238 f   libucrt:wsetlocale.obj
 0001:0000f243       ___acrt_uninitialize_locale 10010243 f   libucrt:wsetlocale.obj
 0001:0000f26a       ___lc_lctowcs              1001026a f   libucrt:wsetlocale.obj
 0001:0000f2da       ___lc_wcstolc              100102da f   libucrt:wsetlocale.obj
 0001:0000f81f       __wcscats                  1001081f f   libucrt:wsetlocale.obj
 0001:0000f860       __wsetlocale               10010860 f   libucrt:wsetlocale.obj
 0001:00010565       __free_base                10011565 f   libucrt:free_base.obj
 0001:0001059f       __calloc_base              1001159f f   libucrt:calloc_base.obj
 0001:0001091c       ___acrt_AppPolicyGetProcessTerminationMethodInternal@4 1001191c f   libucrt:winapi_thunks.obj
 0001:0001095c       ___acrt_AreFileApisANSI@0  1001195c f   libucrt:winapi_thunks.obj
 0001:0001097b       ___acrt_EnumSystemLocalesEx@16 1001197b f   libucrt:winapi_thunks.obj
 0001:000109cf       ___acrt_FlsAlloc@4         100119cf f   libucrt:winapi_thunks.obj
 0001:00010a0e       ___acrt_FlsFree@4          10011a0e f   libucrt:winapi_thunks.obj
 0001:00010a4d       ___acrt_FlsGetValue@4      10011a4d f   libucrt:winapi_thunks.obj
 0001:00010a8c       ___acrt_FlsSetValue@8      10011a8c f   libucrt:winapi_thunks.obj
 0001:00010ace       ___acrt_GetLocaleInfoEx@16 10011ace f   libucrt:winapi_thunks.obj
 0001:00010b0d       ___acrt_GetUserDefaultLocaleName@8 10011b0d f   libucrt:winapi_thunks.obj
 0001:00010b49       ___acrt_InitializeCriticalSectionEx@12 10011b49 f   libucrt:winapi_thunks.obj
 0001:00010b94       ___acrt_IsValidLocaleName@4 10011b94 f   libucrt:winapi_thunks.obj
 0001:00010bcc       ___acrt_LCIDToLocaleName@16 10011bcc f   libucrt:winapi_thunks.obj
 0001:00010c0b       ___acrt_LCMapStringEx@36   10011c0b f   libucrt:winapi_thunks.obj
 0001:00010c68       ___acrt_LocaleNameToLCID@8 10011c68 f   libucrt:winapi_thunks.obj
 0001:00010c99       ___acrt_can_use_vista_locale_apis 10011c99 f   libucrt:winapi_thunks.obj
 0001:00010ca4       ___acrt_eagerly_load_locale_apis 10011ca4 f   libucrt:winapi_thunks.obj
 0001:00010cdb       ___acrt_initialize_winapi_thunks 10011cdb f   libucrt:winapi_thunks.obj
 0001:00010d06       ___acrt_uninitialize_winapi_thunks 10011d06 f   libucrt:winapi_thunks.obj
 0001:00010d3c       __fcloseall                10011d3c f   libucrt:closeall.obj
 0001:00010de7       ___acrt_stdio_free_buffer_nolock 10011de7 f   libucrt:_freebuf.obj
 0001:00010f91       ___acrt_initialize_lowio   10011f91 f   libucrt:ioinit.obj
 0001:00010ff1       ___acrt_uninitialize_lowio 10011ff1 f   libucrt:ioinit.obj
 0001:000110a9       __close                    100120a9 f   libucrt:close.obj
 0001:00011136       __close_nolock             10012136 f   libucrt:close.obj
 0001:000111d2       __fileno                   100121d2 f   libucrt:fileno.obj
 0001:000111f9       ?__acrt_stdio_free_stream@@YAXV__crt_stdio_stream@@@Z 100121f9 f   libucrt:stream.obj
 0001:000112d6       __commit                   100122d6 f   libucrt:commit.obj
 0001:00011acc       __write                    10012acc f   libucrt:write.obj
 0001:00011bbe       __write_nolock             10012bbe f   libucrt:write.obj
 0001:00011f2a       ___acrt_stdio_refill_and_read_narrow_nolock 10012f2a f   libucrt:_filbuf.obj
 0001:0001250f       __ftelli64                 1001350f f   libucrt:ftell.obj
 0001:0001251a       __ftelli64_nolock          1001351a f   libucrt:ftell.obj
 0001:0001278b       ___acrt_stdio_flush_and_write_narrow_nolock 1001378b f   libucrt:_flsbuf.obj
 0001:00012c9a       __read                     10013c9a f   libucrt:read.obj
 0001:00012dae       __read_nolock              10013dae f   libucrt:read.obj
 0001:000132e6       __lseeki64                 100142e6 f   libucrt:lseek.obj
 0001:00013301       __lseeki64_nolock          10014301 f   libucrt:lseek.obj
 0001:0001331c       ___acrt_stdio_begin_temporary_buffering_nolock 1001431c f   libucrt:_sftbuf.obj
 0001:000133cf       ___acrt_stdio_end_temporary_buffering_nolock 100143cf f   libucrt:_sftbuf.obj
 0001:00013409       __malloc_base              10014409 f   libucrt:malloc_base.obj
 0001:00013457       ___acrt_stdio_allocate_buffer_nolock 10014457 f   libucrt:_getbuf.obj
 0001:000134b0       __isctype_l                100144b0 f   libucrt:isctype.obj
 0001:0001365a       ___acrt_GetLocaleInfoA     1001465a f   libucrt:getlocaleinfoa.obj
 0001:0001380a       ___acrt_GetStringTypeA     1001480a f   libucrt:getstringtypea.obj
 0001:00013af7       ___acrt_LCMapStringA       10014af7 f   libucrt:lcmapstringa.obj
 0001:00013ce3       __mbstowcs_s_l             10014ce3 f   libucrt:mbstowcs.obj
 0001:00013dc3       _mbstowcs_s                10014dc3 f   libucrt:mbstowcs.obj
 0001:0001408c       __wcstombs_s_l             1001508c f   libucrt:wcstombs.obj
 0001:00014225       ___acrt_get_sigabrt_handler 10015225 f   libucrt:signal.obj
 0001:0001424c       ___acrt_initialize_signal_handlers 1001524c f   libucrt:signal.obj
 0001:0001426a       ___fpecode                 1001526a f   libucrt:signal.obj
 0001:00014273       _raise                     10015273 f   libucrt:signal.obj
 0001:0001446e       _iswctype                  1001546e f   libucrt:iswctype.obj
 0001:000144d7       __errcode                  100154d7 f   libucrt:fpexcept.obj
 0001:0001450b       __except1                  1001550b f   libucrt:fpexcept.obj
 0001:000145d9       __handle_exc               100155d9 f   libucrt:fpexcept.obj
 0001:000147c4       __raise_exc                100157c4 f   libucrt:fpexcept.obj
 0001:000147e7       __raise_exc_ex             100157e7 f   libucrt:fpexcept.obj
 0001:00014add       __set_errno_from_matherr   10015add f   libucrt:fpexcept.obj
 0001:00014b0c       __umatherr                 10015b0c f   libucrt:fpexcept.obj
 0001:00014bac       __decomp                   10015bac f   libucrt:util.obj
 0001:00014c7e       __set_exp                  10015c7e f   libucrt:util.obj
 0001:00014cab       __sptype                   10015cab f   libucrt:util.obj
 0001:00014d09       __clrfp                    10015d09 f   libucrt:fpctrl.obj
 0001:00014d1a       __ctrlfp                   10015d1a f   libucrt:fpctrl.obj
 0001:00014d44       __set_statfp               10015d44 f   libucrt:fpctrl.obj
 0001:00014d9d       __statfp                   10015d9d f   libucrt:fpctrl.obj
 0001:00014dad       __fpclass                  10015dad f   libucrt:ieeemisc.obj
 0001:00014e51       __mbtowc_l                 10015e51 f   libucrt:mbtowc.obj
 0001:00014f93       _mbtowc                    10015f93 f   libucrt:mbtowc.obj
 0001:00014fad       ___acrt_initialize_sse2    10015fad f   libucrt:mathfcns.obj
 0001:00014fc0       __CIpow_pentium4           10015fc0 f   libucrt:pow_pentium4.obj
 0001:00014fd9       __pow_pentium4             10015fd9     libucrt:pow_pentium4.obj
 0001:00015b00       __fFEXP                    10016b00 f   libucrt:87tran.obj
 0001:00015b57       __rtinfpopse               10016b57     libucrt:87tran.obj
 0001:00015b59       __rtinfnpopse              10016b59     libucrt:87tran.obj
 0001:00015b69       __fFLN                     10016b69     libucrt:87tran.obj
 0001:00015c1e       __rtinfpop                 10016c1e     libucrt:87tran.obj
 0001:00015c20       __rtinfnpop                10016c20     libucrt:87tran.obj
 0001:00015c30       __rtforexpinf              10016c30 f   libucrt:87tran.obj
 0001:00015c3d       __ffexpm1                  10016c3d     libucrt:87tran.obj
 0001:00015cf0       __trandisp1                10016cf0 f   libucrt:87disp.obj
 0001:00015d65       __trandisp2                10016d65 f   libucrt:87disp.obj
 0001:00015dff       __rttospopde               10016dff     libucrt:87disp.obj
 0001:00015e04       __rttospop                 10016e04     libucrt:87disp.obj
 0001:00015e10       __rtnospop                 10016e10 f   libucrt:87disp.obj
 0001:00015e20       __rttosnpop                10016e20 f   libucrt:87disp.obj
 0001:00015e21       __rtnospopde               10016e21     libucrt:87disp.obj
 0001:00015e28       __rtzeropop                10016e28     libucrt:87disp.obj
 0001:00015e2a       __rtzeronpop               10016e2a     libucrt:87disp.obj
 0001:00015e30       __rtzerospop               10016e30 f   libucrt:87disp.obj
 0001:00015e3d       __rtonepop                 10016e3d     libucrt:87disp.obj
 0001:00015e40       __rtonenpop                10016e40 f   libucrt:87disp.obj
 0001:00015e50       __tosnan1                  10016e50 f   libucrt:87disp.obj
 0001:00015e80       __nosnan2                  10016e80 f   libucrt:87disp.obj
 0001:00015e90       __tosnan2                  10016e90 f   libucrt:87disp.obj
 0001:00015ec0       __nan2                     10016ec0 f   libucrt:87disp.obj
 0001:00015f00       __rtindfpop                10016f00 f   libucrt:87disp.obj
 0001:00015f02       __rtindfnpop               10016f02     libucrt:87disp.obj
 0001:00015f13       __rttosnpopde              10016f13     libucrt:87disp.obj
 0001:00015f20       __rtatan2inf               10016f20 f   libucrt:87disp.obj
 0001:00015f3d       __rtchsifneg               10016f3d     libucrt:87disp.obj
 0001:00015f50       __startTwoArgErrorHandling 10016f50 f   libucrt:genexcep.obj
 0001:00015f67       __startOneArgErrorHandling 10016f67 f   libucrt:genexcep.obj
 0001:00015fb0       __twoToTOS                 10016fb0 f   libucrt:common.obj
 0001:00015fc5       __load_CW                  10016fc5 f   libucrt:common.obj
 0001:00015fdc       __convertTOStoQNaN         10016fdc f   libucrt:common.obj
 0001:00015ff5       __fload_withFB             10016ff5 f   libucrt:common.obj
 0001:00016038       __checkTOS_withFB          10017038 f   libucrt:common.obj
 0001:0001604e       __fast_exit                1001704e f   libucrt:common.obj
 0001:0001605b       __math_exit                1001705b f   libucrt:common.obj
 0001:00016085       __check_overflow_exit      10017085 f   libucrt:common.obj
 0001:00016099       __check_range_exit         10017099 f   libucrt:common.obj
 0001:0001613c       __d_inttype                1001713c f   libucrt:powhlp.obj
 0001:000161a4       __powhlp                   100171a4 f   libucrt:powhlp.obj
 0001:000162cf       ___acrt_MultiByteToWideChar 100172cf f   libucrt:multibytetowidechar.obj
 0001:0001634b       ___acrt_WideCharToMultiByte 1001734b f   libucrt:widechartomultibyte.obj
 0001:000163f8       ___ascii_wcsicmp           100173f8 f   libucrt:wcsicmp.obj
 0001:00016435       __towlower_internal        10017435 f i libucrt:wcsicmp.obj
 0001:00016474       __wcsicmp                  10017474 f   libucrt:wcsicmp.obj
 0001:000164bd       __wcsicmp_l                100174bd f   libucrt:wcsicmp.obj
 0001:00016575       ___acrt_initialize_timeset 10017575 f   libucrt:timeset.obj
 0001:000165a0       __isleadbyte_l             100175a0 f i libucrt:_wctype.obj
 0001:000165da       ___acrt_get_process_end_policy 100175da f   libucrt:win_policies.obj
 0001:00016be9       ?__acrt_get_utf8_acp_compatibility_codepage@@YAIXZ 10017be9 f i libucrt:argv_wildcards.obj
 0001:00016c28       ?allocate@?$__crt_win32_buffer@DU__crt_win32_buffer_internal_dynamic_resizing@@@@QAEHI@Z 10017c28 f i libucrt:argv_wildcards.obj
 0001:00016ceb       ___acrt_expand_narrow_argv_wildcards 10017ceb f   libucrt:argv_wildcards.obj
 0001:00016dbd       ___acrt_GetModuleFileNameA 10017dbd f   libucrt:getmodulefilenamea.obj
 0001:0001737c       ___acrt_initialize_multibyte 1001837c f   libucrt:mbctype.obj
 0001:000173c4       ___acrt_update_thread_multibyte_data 100183c4 f   libucrt:mbctype.obj
 0001:000173d7       __setmbcp_nolock           100183d7 f   libucrt:mbctype.obj
 0001:00017621       __ismbblead                10018621 f   libucrt:ismbbyte.obj
 0001:00017639       ___acrt_initialize_command_line 10018639 f   libucrt:argv_data.obj
 0001:00017689       ___dcrt_get_narrow_environment_from_os 10018689 f   libucrt:get_environment_from_os.obj
 0001:0001770d       __recalloc_base            1001870d f   libucrt:recalloc.obj
 0001:0001777a       ___acrt_initialize_heap    1001877a f   libucrt:heap_handle.obj
 0001:0001778b       ___acrt_uninitialize_heap  1001878b f   libucrt:heap_handle.obj
 0001:00017795       ___acrt_execute_initializers 10018795 f   libucrt:shared_initialization.obj
 0001:000177fd       ___acrt_execute_uninitializers 100187fd f   libucrt:shared_initialization.obj
 0001:0001782e       ___acrt_has_user_matherr   1001882e f   libucrt:matherr.obj
 0001:00017846       ___acrt_initialize_user_matherr 10018846 f   libucrt:matherr.obj
 0001:00017855       ___acrt_invoke_user_matherr 10018855 f   libucrt:matherr.obj
 0001:00017887       ___acrt_add_locale_ref     10018887 f   libucrt:locale_refcounting.obj
 0001:00017904       ___acrt_free_locale        10018904 f   libucrt:locale_refcounting.obj
 0001:00017a4c       ___acrt_locale_add_lc_time_reference 10018a4c f   libucrt:locale_refcounting.obj
 0001:00017a75       ___acrt_locale_free_lc_time_if_unreferenced 10018a75 f   libucrt:locale_refcounting.obj
 0001:00017aa6       ___acrt_locale_release_lc_time_reference 10018aa6 f   libucrt:locale_refcounting.obj
 0001:00017acf       ___acrt_release_locale_ref 10018acf f   libucrt:locale_refcounting.obj
 0001:00017b50       ___acrt_update_thread_locale_data 10018b50 f   libucrt:locale_refcounting.obj
 0001:00017bd1       __updatetlocinfoEx_nolock  10018bd1 f   libucrt:locale_refcounting.obj
 0001:00017c21       __query_new_mode           10018c21 f   libucrt:new_mode.obj
 0001:00017c28       ___acrt_locale_free_monetary 10018c28 f   libucrt:initmon.obj
 0001:00017d26       ___acrt_locale_initialize_monetary 10018d26 f   libucrt:initmon.obj
 0001:000180dd       ___acrt_locale_free_numeric 100190dd f   libucrt:initnum.obj
 0001:00018146       ___acrt_locale_initialize_numeric 10019146 f   libucrt:initnum.obj
 0001:00018609       ___acrt_locale_free_time   10019609 f   libucrt:inittime.obj
 0001:000186ed       ___acrt_locale_initialize_time 100196ed f   libucrt:inittime.obj
 0001:00018768       _wcscat_s                  10019768 f   libucrt:wcscat_s.obj
 0001:000188c4       _wcsncat_s                 100198c4 f   libucrt:wcsncat_s.obj
 0001:0001899a       _wcsncpy_s                 1001999a f   libucrt:wcsncpy_s.obj
 0001:000189a5       _wcscspn                   100199a5 f   libucrt:wcscspn.obj
 0001:000189fe       _wcspbrk                   100199fe f   libucrt:wcspbrk.obj
 0001:00019148       ___acrt_get_qualified_locale 1001a148 f   libucrt:get_qualified_locale.obj
 0001:00019aa9       ___acrt_get_qualified_locale_downlevel 1001aaa9 f   libucrt:getqloc_downlevel.obj
 0001:00019cee       ___acrt_DownlevelLCIDToLocaleName 1001acee f   libucrt:lcidtoname_downlevel.obj
 0001:00019d98       ___acrt_DownlevelLocaleNameToLCID 1001ad98 f   libucrt:lcidtoname_downlevel.obj
 0001:00019dc4       ___acrt_lowio_create_handle_array 1001adc4 f   libucrt:osfinfo.obj
 0001:00019e3f       ___acrt_lowio_destroy_handle_array 1001ae3f f   libucrt:osfinfo.obj
 0001:00019e74       ___acrt_lowio_ensure_fh_exists 1001ae74 f   libucrt:osfinfo.obj
 0001:00019f12       ___acrt_lowio_lock_fh      1001af12 f   libucrt:osfinfo.obj
 0001:00019f35       ___acrt_lowio_unlock_fh    1001af35 f   libucrt:osfinfo.obj
 0001:00019f58       __free_osfhnd              1001af58 f   libucrt:osfinfo.obj
 0001:00019fe9       __get_osfhandle            1001afe9 f   libucrt:osfinfo.obj
 0001:0001a053       __isatty                   1001b053 f   libucrt:isatty.obj
 0001:0001a0d5       ?__mbrtowc_utf8@__crt_mbstring@@YAIPA_WPBDIPAU_Mbstatet@@@Z 1001b0d5 f   libucrt:mbrtowc.obj
 0001:0001a115       ?__mbsrtowcs_utf8@__crt_mbstring@@YAIPA_WPAPBDIPAU_Mbstatet@@@Z 1001b115 f   libucrt:mbrtowc.obj
 0001:0001a210       __putwch_nolock            1001b210 f   libucrt:putwch.obj
 0001:0001a2f5       _strncpy_s                 1001b2f5 f   libucrt:strncpy_s.obj
 0001:0001a300       ?__wcsrtombs_utf8@__crt_mbstring@@YAIPADPAPB_WIPAU_Mbstatet@@@Z 1001b300 f   libucrt:wcrtomb.obj
 0001:0001a3fe       ___acrt_GetStringTypeW     1001b3fe f   libucrt:getstringtypew.obj
 0001:0001a417       ?__c32rtomb_utf8@__crt_mbstring@@YAIPAD_UPAU_Mbstatet@@@Z 1001b417 f   libucrt:c32rtomb.obj
 0001:0001a4c2       ?return_illegal_sequence@__crt_mbstring@@YAIPAU_Mbstatet@@@Z 1001b4c2 f i libucrt:c32rtomb.obj
 0001:0001a4e1       _c32rtomb                  1001b4e1 f   libucrt:c32rtomb.obj
 0001:0001a4ec       ___libm_error_support      1001b4ec f   libucrt:libm_error.obj
 0001:0001a6e0       __87except                 1001b6e0 f   libucrt:87except.obj
 0001:0001a7ea       __frnd                     1001b7ea f   libucrt:frnd.obj
 0001:0001a7fe       __towlower_l               1001b7fe f   libucrt:towlower.obj
 0001:0001a8e0       _qsort                     1001b8e0 f   libucrt:qsort.obj
 0001:0001ad30       _strpbrk                   1001bd30 f   libucrt:strpbrk.obj
 0001:0001ad70       __mbsdec                   1001bd70 f   libucrt:mbsdec.obj
 0001:0001ad87       __mbsdec_l                 1001bd87 f   libucrt:mbsdec.obj
 0001:0001af48       __itow_s                   1001bf48 f   libucrt:xtoa.obj
 0001:0001af7b       ___ascii_wcsnicmp          1001bf7b f   libucrt:wcsnicmp.obj
 0001:0001afca       __wcsnicmp                 1001bfca f   libucrt:wcsnicmp.obj
 0001:0001b016       __wcsnicmp_l               1001c016 f   libucrt:wcsnicmp.obj
 0001:0001b0e9       __query_app_type           1001c0e9 f   libucrt:report_runtime_error.obj
 0001:0001b0ef       ?__mbrtoc32_utf8@__crt_mbstring@@YAIPA_UPBDIPAU_Mbstatet@@@Z 1001c0ef f   libucrt:mbrtoc32.obj
 0001:0001b2b5       ___dcrt_lowio_ensure_console_output_initialized 1001c2b5 f   libucrt:initcon.obj
 0001:0001b2d4       ___dcrt_terminate_console_output 1001c2d4 f   libucrt:initcon.obj
 0001:0001b2eb       ___dcrt_write_console      1001c2eb f   libucrt:initcon.obj
 0001:0001b340       ?__c16rtomb_utf8@__crt_mbstring@@YAIPAD_SPAU_Mbstatet@@@Z 1001c340 f   libucrt:c16rtomb.obj
 0001:0001b3e0       __CIlog10                  1001c3e0 f   libucrt:log10_impl.obj
 0001:0001b41b       __CIlog10_default          1001c41b f   libucrt:log10_impl.obj
 0001:0001b42f       __log10_default            1001c42f     libucrt:log10_impl.obj
 0001:0001b4f0       _ceil                      1001c4f0 f   libucrt:ceil_pentium4.obj
 0001:0001b530       __ceil_pentium4            1001c530 f   libucrt:ceil_pentium4.obj
 0001:0001b60d       ___acrt_LCMapStringW       1001c60d f   libucrt:lcmapstringw.obj
 0001:0001b650       __CIlog10_pentium4         1001c650 f   libucrt:log10_pentium4.obj
 0001:0001b668       __log10_pentium4           1001c668     libucrt:log10_pentium4.obj
 0001:0001b8e0       __ceil_default             1001c8e0 f   libucrt:ceil.obj
 0001:0001b9a0       ___ascii_strnicmp          1001c9a0 f   libucrt:_strnicm.obj
 0001:0001ba01       _IsProcessorFeaturePresent@4 1001ca01 f   kernel32:KERNEL32.dll
 0001:0001ba07       ?DloadAcquireSectionWriteAccess@@YGXXZ 1001ca07 f i DelayImp:delayhlp.obj
 0001:0001ba3a       ?DloadGetSRWLockFunctionPointers@@YGEXZ 1001ca3a f i DelayImp:delayhlp.obj
 0001:0001baad       ?DloadLock@@YGXXZ          1001caad f i DelayImp:delayhlp.obj
 0001:0001baec       ?DloadMakePermanentImageCommit@@YGXPAXK@Z 1001caec f i DelayImp:delayhlp.obj
 0001:0001bb5b       ?DloadObtainSection@@YGPAXPAK0@Z 1001cb5b f i DelayImp:delayhlp.obj
 0001:0001bbd6       ?DloadProtectSection@@YGXKPAK@Z 1001cbd6 f i DelayImp:delayhlp.obj
 0001:0001bc44       ?DloadReleaseSectionWriteAccess@@YGXXZ 1001cc44 f i DelayImp:delayhlp.obj
 0001:0001bc7a       ?DloadUnlock@@YGXXZ        1001cc7a f i DelayImp:delayhlp.obj
 0001:0001bca6       ___delayLoadHelper2@8      1001cca6 f   DelayImp:delayhlp.obj
 0001:0001bf20       __FindPESection            1001cf20 f   LIBCMT:pesect.obj
 0001:0001bf70       __IsNonwritableInCurrentImage 1001cf70 f   LIBCMT:pesect.obj
 0001:0001c030       __ValidateImageBase        1001d030 f   LIBCMT:pesect.obj
 0001:0001c070       __aulldvrm                 1001d070 f   LIBCMT:ulldvrm.obj
 0001:0001c110       __allshl                   1001d110 f   LIBCMT:llshl.obj
 0001:0001c130       __aullshr                  1001d130 f   LIBCMT:ullshr.obj
 0001:0001c150       __alldiv                   1001d150 f   LIBCMT:lldiv.obj
 0001:0001c200       __alldvrm                  1001d200 f   LIBCMT:lldvrm.obj
 0001:0001c2e0       __ftol2_sse                1001d2e0 f   LIBCMT:ftol2.obj
 0001:0001c2e9       __ftol2_pentium4           1001d2e9 f   LIBCMT:ftol2.obj
 0001:0001c2fc       __ftol2_sse_excpt          1001d2fc f   LIBCMT:ftol2.obj
 0001:0001c320       __ftol2                    1001d320 f   LIBCMT:ftol2.obj
 0001:0001c3a0       _strrchr                   1001d3a0 f   libvcruntime:strrchr.obj
 0001:0001c4e0       _strchr                    1001d4e0 f   libvcruntime:strchr.obj
 0001:0001c54e       ___from_strstr_to_strchr   1001d54e     libvcruntime:strchr.obj
 0001:0001c60b       _wcschr                    1001d60b f   libvcruntime:wcschr.obj
 0002:00000000       __imp__LCMapStringW@24     1001e000     kernel32:KERNEL32.dll
 0002:00000004       __imp__VirtualQuery@12     1001e004     kernel32:KERNEL32.dll
 0002:00000008       __imp__VirtualProtect@16   1001e008     kernel32:KERNEL32.dll
 0002:0000000c       __imp__GetSystemInfo@4     1001e00c     kernel32:KERNEL32.dll
 0002:00000010       __imp__WriteConsoleW@20    1001e010     kernel32:KERNEL32.dll
 0002:00000014       __imp__CreateFileW@28      1001e014     kernel32:KERNEL32.dll
 0002:00000018       __imp__SetStdHandle@8      1001e018     kernel32:KERNEL32.dll
 0002:0000001c       __imp__GetProcessHeap@0    1001e01c     kernel32:KERNEL32.dll
 0002:00000020       __imp__FreeEnvironmentStringsW@4 1001e020     kernel32:KERNEL32.dll
 0002:00000024       __imp__GetEnvironmentStringsW@0 1001e024     kernel32:KERNEL32.dll
 0002:00000028       __imp__GetCommandLineW@0   1001e028     kernel32:KERNEL32.dll
 0002:0000002c       __imp__GetCommandLineA@0   1001e02c     kernel32:KERNEL32.dll
 0002:00000030       __imp__GetOEMCP@0          1001e030     kernel32:KERNEL32.dll
 0002:00000034       __imp__GetACP@0            1001e034     kernel32:KERNEL32.dll
 0002:00000038       __imp__IsValidCodePage@4   1001e038     kernel32:KERNEL32.dll
 0002:0000003c       __imp__FindNextFileW@8     1001e03c     kernel32:KERNEL32.dll
 0002:00000040       __imp__FindFirstFileExW@24 1001e040     kernel32:KERNEL32.dll
 0002:00000044       __imp__FindClose@4         1001e044     kernel32:KERNEL32.dll
 0002:00000048       __imp__ReadConsoleW@20     1001e048     kernel32:KERNEL32.dll
 0002:0000004c       __imp__SetFilePointerEx@20 1001e04c     kernel32:KERNEL32.dll
 0002:00000050       __imp__GetFileSizeEx@8     1001e050     kernel32:KERNEL32.dll
 0002:00000054       __imp__ReadFile@20         1001e054     kernel32:KERNEL32.dll
 0002:00000058       __imp__GetConsoleMode@8    1001e058     kernel32:KERNEL32.dll
 0002:0000005c       __imp__GetConsoleCP@0      1001e05c     kernel32:KERNEL32.dll
 0002:00000060       __imp__WriteFile@20        1001e060     kernel32:KERNEL32.dll
 0002:00000064       __imp__FlushFileBuffers@4  1001e064     kernel32:KERNEL32.dll
 0002:00000068       __imp__CloseHandle@4       1001e068     kernel32:KERNEL32.dll
 0002:0000006c       __imp__GetFileType@4       1001e06c     kernel32:KERNEL32.dll
 0002:00000070       __imp__GetStdHandle@4      1001e070     kernel32:KERNEL32.dll
 0002:00000074       __imp__EnumSystemLocalesW@8 1001e074     kernel32:KERNEL32.dll
 0002:00000078       __imp__GetUserDefaultLCID@0 1001e078     kernel32:KERNEL32.dll
 0002:0000007c       __imp__IsValidLocale@8     1001e07c     kernel32:KERNEL32.dll
 0002:00000080       __imp__GetModuleFileNameA@12 1001e080     kernel32:KERNEL32.dll
 0002:00000084       __imp__GetModuleHandleA@4  1001e084     kernel32:KERNEL32.dll
 0002:00000088       __imp__HeapAlloc@12        1001e088     kernel32:KERNEL32.dll
 0002:0000008c       __imp__HeapFree@12         1001e08c     kernel32:KERNEL32.dll
 0002:00000090       __imp__HeapQueryInformation@20 1001e090     kernel32:KERNEL32.dll
 0002:00000094       __imp__HeapSize@12         1001e094     kernel32:KERNEL32.dll
 0002:00000098       __imp__HeapReAlloc@16      1001e098     kernel32:KERNEL32.dll
 0002:0000009c       __imp__GetLastError@0      1001e09c     kernel32:KERNEL32.dll
 0002:000000a0       __imp__WideCharToMultiByte@32 1001e0a0     kernel32:KERNEL32.dll
 0002:000000a4       __imp__SetLastError@4      1001e0a4     kernel32:KERNEL32.dll
 0002:000000a8       __imp__InitializeCriticalSectionAndSpinCount@8 1001e0a8     kernel32:KERNEL32.dll
 0002:000000ac       __imp__SwitchToThread@0    1001e0ac     kernel32:KERNEL32.dll
 0002:000000b0       __imp__TlsAlloc@0          1001e0b0     kernel32:KERNEL32.dll
 0002:000000b4       __imp__TlsGetValue@4       1001e0b4     kernel32:KERNEL32.dll
[...]
 0002:0000ca44       __ehfuncinfo$?_Init@locale@std@@CAPAV_Locimp@12@_N@Z 1002aa44     libcpmt:locale0.obj
 0002:0000ca68       __sehtable$?dllmain_crt_process_attach@@YAHQAUHINSTANCE__@@QAX@Z 1002aa68     LIBCMT:dll_dllmain.obj
 0002:0000ca88       __sehtable$?dllmain_crt_process_detach@@YAH_N@Z 1002aa88     LIBCMT:dll_dllmain.obj
 0002:0000caa8       __sehtable$?dllmain_dispatch@@YAHQAUHINSTANCE__@@KQAX@Z 1002aaa8     LIBCMT:dll_dllmain.obj
 0002:0000cac8       __sehtable$___scrt_is_nonwritable_in_current_image 1002aac8     LIBCMT:utility.obj
 0002:0000cb20       __sehtable$___DestructExceptionObject 1002ab20     libvcruntime:ehhelpers.obj
 0002:0000cb40       __sehtable$?FrameUnwindToState@__FrameHandler3@@SAXPAUEHRegistrationNode@@PAXPBU_s_FuncInfo@@H@Z 1002ab40     libvcruntime:frame.obj
 0002:0000cb68       __sehtable$?CallCatchBlock@@YAPAXPAUEHExceptionRecord@@PAUEHRegistrationNode@@PAU_CONTEXT@@PBU_s_FuncInfo@@PAXHK@Z 1002ab68     libvcruntime:frame.obj
 0002:0000cb90       __catchsym$?CallUnexpected@@YAXPBU_s_ESTypeList@@@Z$2 1002ab90     libvcruntime:frame.obj
 0002:0000cba0       __unwindtable$?CallUnexpected@@YAXPBU_s_ESTypeList@@@Z 1002aba0     libvcruntime:frame.obj
 0002:0000cbb0       __tryblocktable$?CallUnexpected@@YAXPBU_s_ESTypeList@@@Z 1002abb0     libvcruntime:frame.obj
 0002:0000cbc4       __ehfuncinfo$?CallUnexpected@@YAXPBU_s_ESTypeList@@@Z 1002abc4     libvcruntime:frame.obj
 0002:0000cbe8       __sehtable$??$BuildCatchObjectHelperInternal@V__FrameHandler3@@@@YAHPAUEHExceptionRecord@@PAXPBU_s_HandlerType@@PBU_s_CatchableType@@@Z 1002abe8     libvcruntime:frame.obj
 0002:0000cc08       __sehtable$??$BuildCatchObjectInternal@V__FrameHandler3@@@@YAXPAUEHExceptionRecord@@PAXPBU_s_HandlerType@@PBU_s_CatchableType@@@Z 1002ac08     libvcruntime:frame.obj
 0002:0000cc60       __sehtable$_terminate      1002ac60     libucrt:terminate.obj
 0002:0000cc80       __sehtable$_fclose         1002ac80     libucrt:fclose.obj
 0002:0000cca0       __sehtable$??$?RV<lambda_2866be3712abc81a800a822484c830d8>@@AAV<lambda_39ca0ed439415581b5b15c265174cece>@@V<lambda_2b24c74d71094a6cd0cb82e44167d71b>@@@?$__crt_seh_guarded_call@X@@QAEX$$QAV<lambda_2866be3712abc81a800a822484c830d8>@@AAV<lambda_39ca0ed439415581b5b15c265174cece>@@$$QAV<lambda_2b24c74d71094a6cd0cb82e44167d71b>@@@Z 1002aca0     libucrt:fflush.obj
 0002:0000ccc0       __sehtable$??$?RV<lambda_2cc53f568c5a2bb6f192f930a45d44ea>@@AAV<lambda_ab61a845afdef5b7c387490eaf3616ee>@@V<lambda_c2ffc0b7726aa6be21d5f0026187e748>@@@?$__crt_seh_guarded_call@X@@QAEX$$QAV<lambda_2cc53f568c5a2bb6f192f930a45d44ea>@@AAV<lambda_ab61a845afdef5b7c387490eaf3616ee>@@$$QAV<lambda_c2ffc0b7726aa6be21d5f0026187e748>@@@Z 1002acc0     libucrt:fflush.obj
 0002:0000cce0       __sehtable$??$?RV<lambda_6d20deecaf4856105ebacbad442d1079>@@AAV<lambda_9a32fed5bf61b6b509b2d3f6003082a1>@@V<lambda_63ea2239ed67c638ddbae41947fdf875>@@@?$__crt_seh_guarded_call@H@@QAEH$$QAV<lambda_6d20deecaf4856105ebacbad442d1079>@@AAV<lambda_9a32fed5bf61b6b509b2d3f6003082a1>@@$$QAV<lambda_63ea2239ed67c638ddbae41947fdf875>@@@Z 1002ace0     libucrt:fflush.obj
 0002:0000cd00       __sehtable$_fgetc          1002ad00     libucrt:fgetc.obj
 0002:0000cd20       __sehtable$_fputc          1002ad20     libucrt:fputc.obj
 0002:0000cd40       __sehtable$_fread_s        1002ad40     libucrt:fread.obj
 0002:0000cd60       __sehtable$?common_fseek@@YAHV__crt_stdio_stream@@_JH@Z 1002ad60     libucrt:fseek.obj
 0002:0000cd80       __sehtable$??$?RV<lambda_4ac01c32aa5b53846f05d0620572872e>@@AAV<lambda_5856287d7ecd2be6c9197bb4007c3f6e>@@V<lambda_e7a9868ed898c75c0f0637692d94351a>@@@?$__crt_seh_guarded_call@I@@QAEI$$QAV<lambda_4ac01c32aa5b53846f05d0620572872e>@@AAV<lambda_5856287d7ecd2be6c9197bb4007c3f6e>@@$$QAV<lambda_e7a9868ed898c75c0f0637692d94351a>@@@Z 1002ad80     libucrt:fwrite.obj
 0002:0000cda0       __sehtable$??$?RV<lambda_70c0770dcc4f6ec6272bb01dc82d3c91>@@AAV<lambda_ca71763b3c0644891230e4f79ea54fa6>@@V<lambda_ca266f0f09348b8765c113e3a39a2bc1>@@@?$__crt_seh_guarded_call@H@@QAEH$$QAV<lambda_70c0770dcc4f6ec6272bb01dc82d3c91>@@AAV<lambda_ca71763b3c0644891230e4f79ea54fa6>@@$$QAV<lambda_ca266f0f09348b8765c113e3a39a2bc1>@@@Z 1002ada0     libucrt:setvbuf.obj
 0002:0000cdc0       __sehtable$_ungetc         1002adc0     libucrt:ungetc.obj
 0002:0000cde0       __sehtable$??$?RV<lambda_646e26742ed01d5bc03234f44bb6d3d3>@@AAV<lambda_b37934c380d97b75fd242ea49540127a>@@V<lambda_bbd9d45274666fbb50f81a29ad795c13>@@@?$__crt_seh_guarded_call@PAD@@QAEPAD$$QAV<lambda_646e26742ed01d5bc03234f44bb6d3d3>@@AAV<lambda_b37934c380d97b75fd242ea49540127a>@@$$QAV<lambda_bbd9d45274666fbb50f81a29ad795c13>@@@Z 1002ade0     libucrt:setlocale.obj
 0002:0000ce00       __sehtable$__query_new_handler 1002ae00     libucrt:new_handler.obj
 0002:0000ce20       __sehtable$??R<lambda_6e4b09c48022b2350581041d5f6b0c4c>@@QBE@XZ 1002ae20     libucrt:exit.obj
 0002:0000ce40       __sehtable$??$?RV<lambda_03b1d95aef87969028cfba75ccab2455>@@AAV<lambda_6e4b09c48022b2350581041d5f6b0c4c>@@V<lambda_22bdf7517842c4b3e53723af5aa32b9e>@@@?$__crt_seh_guarded_call@X@@QAEX$$QAV<lambda_03b1d95aef87969028cfba75ccab2455>@@AAV<lambda_6e4b09c48022b2350581041d5f6b0c4c>@@$$QAV<lambda_22bdf7517842c4b3e53723af5aa32b9e>@@@Z 1002ae40     libucrt:exit.obj
 0002:0000ce60       __sehtable$??$?RV<lambda_8e746cf0007f6ed984d6f78af1fec997>@@AAV<lambda_22ebabd17bc4fa466a2aca6d8deb888d>@@V<lambda_18ed0c0b38a6dc0daf1e7ac6d6adf05e>@@@?$__crt_seh_guarded_call@H@@QAEH$$QAV<lambda_8e746cf0007f6ed984d6f78af1fec997>@@AAV<lambda_22ebabd17bc4fa466a2aca6d8deb888d>@@$$QAV<lambda_18ed0c0b38a6dc0daf1e7ac6d6adf05e>@@@Z 1002ae60     libucrt:onexit.obj
 0002:0000ce80       __sehtable$??$?RV<lambda_69a2805e680e0e292e8ba93315fe43a8>@@AAV<lambda_f03950bc5685219e0bcd2087efbe011e>@@V<lambda_03fcd07e894ec930e3f35da366ca99d6>@@@?$__crt_seh_guarded_call@H@@QAEH$$QAV<lambda_69a2805e680e0e292e8ba93315fe43a8>@@AAV<lambda_f03950bc5685219e0bcd2087efbe011e>@@$$QAV<lambda_03fcd07e894ec930e3f35da366ca99d6>@@@Z 1002ae80     libucrt:onexit.obj
 0002:0000cea0       __sehtable$??$?RV<lambda_15ade71b0218206bbe3333a0c9b79046>@@AAV<lambda_da44e0f8b0f19ba52fefafb335991732>@@V<lambda_207f2d024fc103971653565357d6cd41>@@@?$__crt_seh_guarded_call@X@@QAEX$$QAV<lambda_15ade71b0218206bbe3333a0c9b79046>@@AAV<lambda_da44e0f8b0f19ba52fefafb335991732>@@$$QAV<lambda_207f2d024fc103971653565357d6cd41>@@@Z 1002aea0     libucrt:per_thread_data.obj
 0002:0000cec0       __sehtable$??$?RV<lambda_a7e850c220f1c8d1e6efeecdedd162c6>@@AAV<lambda_46720907175c18b6c9d2717bc0d2d362>@@V<lambda_9048902d66e8d99359bc9897bbb930a8>@@@?$__crt_seh_guarded_call@X@@QAEX$$QAV<lambda_a7e850c220f1c8d1e6efeecdedd162c6>@@AAV<lambda_46720907175c18b6c9d2717bc0d2d362>@@$$QAV<lambda_9048902d66e8d99359bc9897bbb930a8>@@@Z 1002aec0     libucrt:per_thread_data.obj
 0002:0000cee0       __sehtable$??$?RV<lambda_38edbb1296d33220d7e4dd0ed76b244a>@@AAV<lambda_5ce1d447e08cb34b2473517608e21441>@@V<lambda_fb385d3da700c9147fc39e65dd577a8c>@@@?$__crt_seh_guarded_call@X@@QAEX$$QAV<lambda_38edbb1296d33220d7e4dd0ed76b244a>@@AAV<lambda_5ce1d447e08cb34b2473517608e21441>@@$$QAV<lambda_fb385d3da700c9147fc39e65dd577a8c>@@@Z 1002aee0     libucrt:per_thread_data.obj
 0002:0000cf00       __sehtable$??$?RV<lambda_6affb1475c98b40b75cdec977db92e3c>@@AAV<lambda_b8d4b9c228a6ecc3f80208dbb4b4a104>@@V<lambda_608742c3c92a14382c1684fc64f96c88>@@@?$__crt_seh_guarded_call@X@@QAEX$$QAV<lambda_6affb1475c98b40b75cdec977db92e3c>@@AAV<lambda_b8d4b9c228a6ecc3f80208dbb4b4a104>@@$$QAV<lambda_608742c3c92a14382c1684fc64f96c88>@@@Z 1002af00     libucrt:per_thread_data.obj
 0002:0000cf20       __sehtable$??$?RV<lambda_e5124f882df8998aaf41531e079ba474>@@AAV<lambda_3e16ef9562a7dcce91392c22ab16ea36>@@V<lambda_e25ca0880e6ef98be67edffd8c599615>@@@?$__crt_seh_guarded_call@X@@QAEX$$QAV<lambda_e5124f882df8998aaf41531e079ba474>@@AAV<lambda_3e16ef9562a7dcce91392c22ab16ea36>@@$$QAV<lambda_e25ca0880e6ef98be67edffd8c599615>@@@Z 1002af20     libucrt:wsetlocale.obj
 0002:0000cf40       __sehtable$??$?RV<lambda_4fdada1b837b2abbf20876fac97688ad>@@AAV<lambda_b57350f2640456a0859d250846f69caf>@@V<lambda_eed5e4f92b5b7d55fa22c48c484aaa54>@@@?$__crt_seh_guarded_call@X@@QAEX$$QAV<lambda_4fdada1b837b2abbf20876fac97688ad>@@AAV<lambda_b57350f2640456a0859d250846f69caf>@@$$QAV<lambda_eed5e4f92b5b7d55fa22c48c484aaa54>@@@Z 1002af40     libucrt:wsetlocale.obj
 0002:0000cf60       __sehtable$??$?RV<lambda_135d2772fca65dc1248eeaa1b56e886a>@@AAV<lambda_2a444430fde8c29194d880d93eed5e8f>@@AAV<lambda_8dff2cf36a5417162780cd64fa2883ef>@@@?$__crt_seh_guarded_call@X@@QAEX$$QAV<lambda_135d2772fca65dc1248eeaa1b56e886a>@@AAV<lambda_2a444430fde8c29194d880d93eed5e8f>@@AAV<lambda_8dff2cf36a5417162780cd64fa2883ef>@@@Z 1002af60     libucrt:wsetlocale.obj
 0002:0000cf80       __sehtable$??$?RV<lambda_6b4b7855443974f2b4b77000ea21c99c>@@AAV<lambda_8f7d3b162ab39427f4fa9995c67a7986>@@V<lambda_cc9a5ba8a5d8428b9634eab82665e5dc>@@@?$__crt_seh_guarded_call@H@@QAEH$$QAV<lambda_6b4b7855443974f2b4b77000ea21c99c>@@AAV<lambda_8f7d3b162ab39427f4fa9995c67a7986>@@$$QAV<lambda_cc9a5ba8a5d8428b9634eab82665e5dc>@@@Z 1002af80     libucrt:winapi_thunks.obj
 0002:0000cfa0       __sehtable$__fcloseall     1002afa0     libucrt:closeall.obj
 0002:0000cfc0       __sehtable$___acrt_initialize_lowio 1002afc0     libucrt:ioinit.obj
 0002:0000cfe0       __sehtable$??$?RV<lambda_218ce3db14220d0be481dae8ef3383b6>@@AAV<lambda_628dfdc04ba53c8bfc02c9951375f3f5>@@V<lambda_57dc472bd5c9d5f3b2cbca59b8a843ae>@@@?$__crt_seh_guarded_call@H@@QAEH$$QAV<lambda_218ce3db14220d0be481dae8ef3383b6>@@AAV<lambda_628dfdc04ba53c8bfc02c9951375f3f5>@@$$QAV<lambda_57dc472bd5c9d5f3b2cbca59b8a843ae>@@@Z 1002afe0     libucrt:close.obj
 0002:0000d000       __sehtable$??$?RV<lambda_9e9de3de5fa147e2223d7db92bc10aa6>@@AAV<lambda_38ce7e780aa69e748d6df282ebc68efe>@@V<lambda_8ca6da459f0f6780f1cff60fdc3d00e5>@@@?$__crt_seh_guarded_call@H@@QAEH$$QAV<lambda_9e9de3de5fa147e2223d7db92bc10aa6>@@AAV<lambda_38ce7e780aa69e748d6df282ebc68efe>@@$$QAV<lambda_8ca6da459f0f6780f1cff60fdc3d00e5>@@@Z 1002b000     libucrt:commit.obj
 0002:0000d020       __sehtable$__write         1002b020     libucrt:write.obj
 0002:0000d040       __sehtable$??$common_ftell@_J@@YA_JV__crt_stdio_stream@@@Z 1002b040     libucrt:ftell.obj
 0002:0000d060       __sehtable$__read          1002b060     libucrt:read.obj
 0002:0000d080       __sehtable$??$common_lseek@_J@@YA_JH_JH@Z 1002b080     libucrt:lseek.obj
 0002:0000d09c       __unwindtable$?_wcstombs_l_helper@@YAIPADPB_WIPAU__crt_locale_pointers@@@Z 1002b09c     libucrt:wcstombs.obj
 0002:0000d0a4       __ehfuncinfo$?_wcstombs_l_helper@@YAIPADPB_WIPAU__crt_locale_pointers@@@Z 1002b0a4     libucrt:wcstombs.obj
 0002:0000d0c8       __sehtable$_raise          1002b0c8     libucrt:signal.obj
 0002:0000d0e8       __sehtable$??$?RV<lambda_cbab9ec6f41b0180b23cc171c22676b0>@@AAV<lambda_44731a7d0e6d81c3e6aa82d741081786>@@V<lambda_4b292cb8dd18144e164572427af410ab>@@@?$__crt_seh_guarded_call@P6AXH@Z@@QAEP6AXH@Z$$QAV<lambda_cbab9ec6f41b0180b23cc171c22676b0>@@AAV<lambda_44731a7d0e6d81c3e6aa82d741081786>@@$$QAV<lambda_4b292cb8dd18144e164572427af410ab>@@@Z 1002b0e8     libucrt:signal.obj
 0002:0000d108       __sehtable$?update_thread_multibyte_data_internal@@YAPAU__crt_multibyte_data@@QAU__acrt_ptd@@QAPAU1@@Z 1002b108     libucrt:mbctype.obj
 0002:0000d128       __sehtable$??$?RV<lambda_ceb1ee4838e85a9d631eb091e2fbe199>@@AAV<lambda_ae742caa10f662c28703da3d2ea5e57e>@@V<lambda_cd08b5d6af4937fe54fc07d0c9bf6b37>@@@?$__crt_seh_guarded_call@X@@QAEX$$QAV<lambda_ceb1ee4838e85a9d631eb091e2fbe199>@@AAV<lambda_ae742caa10f662c28703da3d2ea5e57e>@@$$QAV<lambda_cd08b5d6af4937fe54fc07d0c9bf6b37>@@@Z 1002b128     libucrt:mbctype.obj
 0002:0000d148       __sehtable$___acrt_update_thread_locale_data 1002b148     libucrt:locale_refcounting.obj
 0002:0000d168       __sehtable$___acrt_lowio_ensure_fh_exists 1002b168     libucrt:osfinfo.obj
 0002:0000d188       __sehtable$__IsNonwritableInCurrentImage 1002b188     LIBCMT:pesect.obj
 0002:0000d3b0       .edata                     1002b3b0     cad_gltf_exporter.exp
 0002:0000d3d8       rgpv                       1002b3d8     cad_gltf_exporter.exp
 0002:0000d3dc       rgszName                   1002b3dc     cad_gltf_exporter.exp
 0002:0000d3e0       rgwOrd                     1002b3e0     cad_gltf_exporter.exp
 0002:0000d3e2       szName                     1002b3e2     cad_gltf_exporter.exp
 0002:0000d3f9       $N00001                    1002b3f9     cad_gltf_exporter.exp
 0002:0000d916       .idata$6                   1002b916     c3d:c3d.dll
 0002:0000d948       .idata$6                   1002b948     kernel32:KERNEL32.dll
 0002:0000d98e       .idata$6                   1002b98e     Shlwapi:SHLWAPI.dll
 0003:00000000       ?init@std@@3JA             1002c000     libcpmt:xlock.obj
 0003:0000005c       ?atcount_cdecl@@3IA        1002c05c     libcpmt:iosptrs.obj
 0003:00000090       ?__vcrt_flsindex@@3KA      1002c090     libvcruntime:per_thread_data.obj
 0003:00000164       ?errno_no_memory@@3HA      1002c164     libucrt:errno.obj
 0003:00000168       ?doserrno_no_memory@@3KA   1002c168     libucrt:errno.obj
 0003:000001d0       ?__acrt_flsindex@@3KA      1002c1d0     libucrt:per_thread_data.obj
 0003:000001d4       __ctype_loc_style          1002c1d4     libucrt:wsetlocale.obj
 0003:000003e0       ?tzstd_program@@3PADA      1002c3e0     libucrt:timeset.obj
 0003:00000420       ?tzdst_program@@3PADA      1002c420     libucrt:timeset.obj
 0003:00000460       ?tzname_states@@3PAY01PADA 1002c460     libucrt:timeset.obj
 0003:00000688       __mbctypes                 1002c688     libucrt:mbctype.obj
 0003:00000790       __mbcasemaps               1002c790     libucrt:mbctype.obj
 0003:00000890       ?__rgctypeflag@@3PADA      1002c890     libucrt:mbctype.obj
 0003:00000898       ?__rgcode_page_info@@3PAUcode_page_info@@A 1002c898     libucrt:mbctype.obj
 0003:00000990       ?__dcrt_lowio_console_output_handle@@3PAXA 1002c990     libucrt:initcon.obj
 0003:000009a0       __module                   1002c9a0     main.obj
 0003:00000e58       ?initlocks@@3V_Init_locks@std@@A 1002ce58     libcpmt:cerr.obj
 0003:00000e59       ?init_cerr@std@@3U_Init_cerr@1@A 1002ce59     libcpmt:cerr.obj
 0003:00000eb0       ?ferr@std@@3V?$basic_filebuf@DU?$char_traits@D@std@@@1@A 1002ceb0     libcpmt:cerr.obj
 0003:00000fc0       ?initlocks@std@@3V_Init_locks@1@A 1002cfc0     libcpmt:xlock.obj
 0003:00000fc8       ?mtx@std@@3PAU_RTL_CRITICAL_SECTION@@A 1002cfc8     libcpmt:xlock.obj
 0003:000010a4       ?classic_locale@std@@3Vlocale@1@A 1002d0a4     libcpmt:locale0.obj
 0003:000010ac       ?_Fac_tidy_reg@std@@3U_Fac_tidy_reg_t@1@B 1002d0ac     libcpmt:locale0.obj
 0003:000010b0       ?_Fac_head@std@@3PAU_Fac_node@1@A 1002d0b0     libcpmt:locale0.obj
 0003:000010b4       _global_locale             1002d0b4     libcpmt:locale0.obj
 0003:000010b8       ?registered@?1??_Setgloballocale@locale@std@@CAXPAX@Z@4_NA 1002d0b8     libcpmt:locale0.obj
 0003:000010c0       ?stdstr@std@@3PAPAVios_base@1@A 1002d0c0     libcpmt:ios.obj
 0003:000010e8       ?stdopens@std@@3PADA       1002d0e8     libcpmt:ios.obj
 0003:00001114       ?initlocks@std@@3V_Init_locks@1@A 1002d114     libcpmt:iosptrs.obj
 0003:00001115       ?init_atexit@@3U_Init_atexit@@A 1002d115     libcpmt:iosptrs.obj
 0003:00001118       ?atfuns_cdecl@@3PAP6AXXZA  1002d118     libcpmt:iosptrs.obj
 0003:000011cc       ?__proc_attached@@3HA      1002d1cc     LIBCMT:dll_dllmain.obj
 0003:000011d8       ?is_initialized_as_dll@@3_NA 1002d1d8     LIBCMT:utility.obj
 0003:000011d9       ?module_local_atexit_table_initialized@@3_NA 1002d1d9     LIBCMT:utility.obj
 0003:000011dc       ?module_local_atexit_table@@3U_onexit_table_t@@A 1002d1dc     LIBCMT:utility.obj
 0003:000011e8       ?module_local_at_quick_exit_table@@3U_onexit_table_t@@A 1002d1e8     LIBCMT:utility.obj
 0003:000011f8       _GS_ExceptionRecord        1002d1f8     LIBCMT:gs_report.obj
 0003:00001248       _GS_ContextRecord          1002d248     LIBCMT:gs_report.obj
 0003:00001538       ?__vcrt_startup_thread_ptd@@3U__vcrt_ptd@@A 1002d538     libvcruntime:per_thread_data.obj
 0003:00001564       ___vcrt_lock_table         1002d564     libvcruntime:locks.obj
 0003:0000157c       ___vcrt_locks_initialized  1002d57c     libvcruntime:locks.obj
 0003:00001580       ?module_handles@@3PAPAUHINSTANCE__@@A 1002d580     libvcruntime:winapi_downlevel.obj
 0003:0000158c       ?encoded_function_pointers@@3PAPAXA 1002d58c     libvcruntime:winapi_downlevel.obj
 0003:000015c8       ?heap@@3V_HeapManager@@A   1002d5c8     libvcruntime:undname.obj
 0003:000015dc       ?__acrt_invalid_parameter_handler@@3V?$dual_state_global@P6AXPB_W00II@Z@__crt_state_management@@A 1002d5dc     libucrt:invalid_parameter.obj
 0003:000015f0       ?__acrt_lock_table@@3PAU_RTL_CRITICAL_SECTION@@A 1002d5f0     libucrt:locks.obj
 0003:00001740       ?__acrt_locks_initialized@@3IA 1002d740     libucrt:locks.obj
 0003:0000174c       ?__acrt_new_handler@@3V?$dual_state_global@P6AHI@Z@__crt_state_management@@A 1002d74c     libucrt:new_handler.obj
 0003:00001750       ?c_termination_complete@@3JA 1002d750     libucrt:exit.obj
 0003:00001754       ?thread_local_exit_callback_func@@3P6GXPAXK0@ZA 1002d754     libucrt:exit.obj
 0003:00001760       ?program_name@?1???$common_configure_argv@D@@YAHW4_crt_argv_mode@@@Z@4PADA 1002d760     libucrt:argv_parsing.obj
 0003:00001898       ?module_handles@@3PAPAUHINSTANCE__@@A 1002d898     libucrt:winapi_thunks.obj
 0003:000018e8       ?encoded_function_pointers@@3PAPAXA 1002d8e8     libucrt:winapi_thunks.obj
 0003:00001970       ?static_enum_proc@?1??enum_system_locales_ex_nolock@@YAHQ6GHPA_WKJ@Z@Z@4P6GH0KJ@ZA 1002d970     libucrt:winapi_thunks.obj
 0003:00001b84       ?ctrlc_action@@3V?$dual_state_global@P6AXH@Z@__crt_state_management@@A 1002db84     libucrt:signal.obj
 0003:00001b88       ?ctrlbreak_action@@3V?$dual_state_global@P6AXH@Z@__crt_state_management@@A 1002db88     libucrt:signal.obj
 0003:00001b8c       ?abort_action@@3V?$dual_state_global@P6AXH@Z@__crt_state_management@@A 1002db8c     libucrt:signal.obj
 0003:00001b90       ?term_action@@3V?$dual_state_global@P6AXH@Z@__crt_state_management@@A 1002db90     libucrt:signal.obj
 0003:00001b94       ?internal_state@?1??_mbtowc_l@@9@4U_Mbstatet@@A 1002db94     libucrt:mbtowc.obj
 0003:00001bac       ?_tzname@@3V?$dual_state_global@PAPAD@__crt_state_management@@A 1002dbac     libucrt:timeset.obj
 0003:00001bb0       ?tz_api_used@@3HA          1002dbb0     libucrt:tzset.obj
 0003:00001bb8       ?tz_info@@3U_TIME_ZONE_INFORMATION@@A 1002dbb8     libucrt:tzset.obj
 0003:00001c70       ?fSystemSet@@3HA           1002dc70     libucrt:mbctype.obj
 0003:00001c74       ?initialized@?1??__acrt_initialize_multibyte@@9@4_NA 1002dc74     libucrt:mbctype.obj
 0003:00001c94       ?user_matherr@@3V?$dual_state_global@P6AHPAU_exception@@@Z@__crt_state_management@@A 1002dc94     libucrt:matherr.obj
 0003:00001c98       ?__acrt_global_new_mode@@3V?$dual_state_global@J@__crt_state_management@@A 1002dc98     libucrt:new_mode.obj
 0003:00001c9c       __pmatherr_set             1002dc9c     libucrt:libm_error.obj
 0003:00001ca0       ?__acrt_app_type@@3W4_crt_app_type@@A 1002dca0     libucrt:report_runtime_error.obj
 0003:00001ca4       ?internal_pst@?1??__mbrtoc32_utf8@__crt_mbstring@@YAIPA_UPBDIPAU_Mbstatet@@@Z@4U3@A 1002dca4     libucrt:mbrtoc32.obj
 0003:00001cac       ?internal_pst@?1??__c16rtomb_utf8@__crt_mbstring@@YAIPAD_SPAU_Mbstatet@@@Z@4U3@A 1002dcac     libucrt:c16rtomb.obj
 0003:00001cdc       ?GCM_NULL@@3UMtObjectId@@B 1002dcdc     main.obj
 0003:00001ce0       ?GCM_GROUND@@3UMtObjectId@@B 1002dce0     main.obj
 0004:00000060       $R000000                   1002e060     * linker generated manifest res *

 Exports

  ordinal    name

        1    __register_cad_gltf_exporter_
               exported name: _register_cad_gltf_exporter_
